[35m[1mConsolidate compiler generated dependencies of target robotRos_node[0m
[100%] Built target robotRos_node
-- Install configuration: ""
-- Installing: /home/syafihidayat/Documents/robot_ws/install/robotRos_pkg/lib/robotRos_pkg/robotRos_node
-- Set runtime path of "/home/syafihidayat/Documents/robot_ws/install/robotRos_pkg/lib/robotRos_pkg/robotRos_node" to ""
-- Installing: /home/syafihidayat/Documents/robot_ws/install/robotRos_pkg/share/ament_index/resource_index/package_run_dependencies/robotRos_pkg
-- Installing: /home/syafihidayat/Documents/robot_ws/install/robotRos_pkg/share/ament_index/resource_index/parent_prefix_path/robotRos_pkg
-- Installing: /home/syafihidayat/Documents/robot_ws/install/robotRos_pkg/share/robotRos_pkg/environment/ament_prefix_path.sh
-- Installing: /home/syafihidayat/Documents/robot_ws/install/robotRos_pkg/share/robotRos_pkg/environment/ament_prefix_path.dsv
-- Installing: /home/syafihidayat/Documents/robot_ws/install/robotRos_pkg/share/robotRos_pkg/environment/path.sh
-- Installing: /home/syafihidayat/Documents/robot_ws/install/robotRos_pkg/share/robotRos_pkg/environment/path.dsv
-- Installing: /home/syafihidayat/Documents/robot_ws/install/robotRos_pkg/share/robotRos_pkg/local_setup.bash
-- Installing: /home/syafihidayat/Documents/robot_ws/install/robotRos_pkg/share/robotRos_pkg/local_setup.sh
-- Installing: /home/syafihidayat/Documents/robot_ws/install/robotRos_pkg/share/robotRos_pkg/local_setup.zsh
-- Installing: /home/syafihidayat/Documents/robot_ws/install/robotRos_pkg/share/robotRos_pkg/local_setup.dsv
-- Installing: /home/syafihidayat/Documents/robot_ws/install/robotRos_pkg/share/robotRos_pkg/package.dsv
-- Installing: /home/syafihidayat/Documents/robot_ws/install/robotRos_pkg/share/ament_index/resource_index/packages/robotRos_pkg
-- Installing: /home/syafihidayat/Documents/robot_ws/install/robotRos_pkg/share/robotRos_pkg/cmake/robotRos_pkgConfig.cmake
-- Installing: /home/syafihidayat/Documents/robot_ws/install/robotRos_pkg/share/robotRos_pkg/cmake/robotRos_pkgConfig-version.cmake
-- Installing: /home/syafihidayat/Documents/robot_ws/install/robotRos_pkg/share/robotRos_pkg/package.xml
