[01m[K/home/syafihidayat/Documents/robot_ws/src/robot_pose/src/robotRos_sendP.cpp:43:46:[m[K [01;31m[Kerror: [m[K‘[01m[Kboll[m[K’ in namespace ‘[01m[Kstd_msgs::msg[m[K’ does not name a type
   43 |   void reached_callback(const std_msgs::msg::[01;31m[Kboll[m[K::SharedPtr msg)
      |                                              [01;31m[K^~~~[m[K
[01m[K/home/syafihidayat/Documents/robot_ws/src/robot_pose/src/robotRos_sendP.cpp:43:62:[m[K [01;31m[Kerror: [m[Kexpected unqualified-id before ‘[01m[Kmsg[m[K’
   43 |   void reached_callback(const std_msgs::msg::boll::SharedPtr [01;31m[Kmsg[m[K)
      |                                                              [01;31m[K^~~[m[K
[01m[K/home/syafihidayat/Documents/robot_ws/src/robot_pose/src/robotRos_sendP.cpp:43:61:[m[K [01;31m[Kerror: [m[Kexpected ‘[01m[K)[m[K’ before ‘[01m[Kmsg[m[K’
   43 |   void reached_callback[34m[K([m[Kconst std_msgs::msg::boll::SharedPtr[01;31m[K [m[K[32m[Kmsg[m[K)
      |                        [34m[K~[m[K                                    [01;31m[K^[m[K[32m[K~~~[m[K
      |                                                             [32m[K)[m[K
[01m[K/home/syafihidayat/Documents/robot_ws/src/robot_pose/src/robotRos_sendP.cpp:43:52:[m[K [01;31m[Kerror: [m[Kexpected ‘[01m[K;[m[K’ at end of member declaration
   43 |   void reached_callback(const std_msgs::msg::boll::[01;31m[KSharedPtr[m[K msg)
      |                                                    [01;31m[K^~~~~~~~~[m[K
      |                                                             [32m[K;[m[K
[01m[K/home/syafihidayat/Documents/robot_ws/src/robot_pose/src/robotRos_sendP.cpp:43:62:[m[K [01;31m[Kerror: [m[K‘[01m[Kmsg[m[K’ does not name a type
   43 |   void reached_callback(const std_msgs::msg::boll::SharedPtr [01;31m[Kmsg[m[K)
      |                                                              [01;31m[K^~~[m[K
[01m[K/home/syafihidayat/Documents/robot_ws/src/robot_pose/src/robotRos_sendP.cpp:130:45:[m[K [01;31m[Kerror: [m[Ktemplate argument 1 is invalid
  130 |   rclcpp::Subscription<std:_msgs::msg::Point[01;31m[K>[m[K::SharedPtr reached_sub;
      |                                             [01;31m[K^[m[K
[01m[K/home/syafihidayat/Documents/robot_ws/src/robot_pose/src/robotRos_sendP.cpp:130:45:[m[K [01;31m[Kerror: [m[Ktemplate argument 3 is invalid
[01m[K/home/syafihidayat/Documents/robot_ws/src/robot_pose/src/robotRos_sendP.cpp:130:45:[m[K [01;31m[Kerror: [m[Ktemplate argument 4 is invalid
[01m[K/home/syafihidayat/Documents/robot_ws/src/robot_pose/src/robotRos_sendP.cpp:130:45:[m[K [01;31m[Kerror: [m[Ktemplate argument 5 is invalid
[01m[K/home/syafihidayat/Documents/robot_ws/src/robot_pose/src/robotRos_sendP.cpp:130:48:[m[K [01;31m[Kerror: [m[Kexpected ‘[01m[K;[m[K’ at end of member declaration
  130 |   rclcpp::Subscription<std:_msgs::msg::Point>::[01;31m[KSharedPtr[m[K reached_sub;
      |                                                [01;31m[K^~~~~~~~~[m[K
      |                                                         [32m[K;[m[K
[01m[K/home/syafihidayat/Documents/robot_ws/src/robot_pose/src/robotRos_sendP.cpp:130:58:[m[K [01;31m[Kerror: [m[K‘[01m[Kreached_sub[m[K’ does not name a type
  130 |   rclcpp::Subscription<std:_msgs::msg::Point>::SharedPtr [01;31m[Kreached_sub[m[K;
      |                                                          [01;31m[K^~~~~~~~~~~[m[K
[01m[K/home/syafihidayat/Documents/robot_ws/src/robot_pose/src/robotRos_sendP.cpp:[m[K In constructor ‘[01m[KwaypointPublish::waypointPublish()[m[K’:
[01m[K/home/syafihidayat/Documents/robot_ws/src/robot_pose/src/robotRos_sendP.cpp:15:5:[m[K [01;31m[Kerror: [m[K‘[01m[Kreached_sub[m[K’ was not declared in this scope
   15 |     [01;31m[Kreached_sub[m[K = this->create_subscription<std_msgs::msg::Bool>("/target_reached", 10,
      |     [01;31m[K^~~~~~~~~~~[m[K
[01m[K/home/syafihidayat/Documents/robot_ws/src/robot_pose/src/robotRos_sendP.cpp:31:5:[m[K [01;31m[Kerror: [m[K‘[01m[Kcurrent_waypoint_index[m[K’ was not declared in this scope
   31 |     [01;31m[Kcurrent_waypoint_index[m[K = 0;
      |     [01;31m[K^~~~~~~~~~~~~~~~~~~~~~[m[K
[01m[K/home/syafihidayat/Documents/robot_ws/src/robot_pose/src/robotRos_sendP.cpp:39:3:[m[K [01;31m[Kerror: [m[Kexpected ‘[01m[K;[m[K’ before ‘[01m[K}[m[K’ token
   39 |   [01;31m[K}[m[K
      |   [01;31m[K^[m[K
[01m[K/home/syafihidayat/Documents/robot_ws/src/robot_pose/src/robotRos_sendP.cpp:[m[K In member function ‘[01m[Kvoid waypointPublish::send_waypoint()[m[K’:
[01m[K/home/syafihidayat/Documents/robot_ws/src/robot_pose/src/robotRos_sendP.cpp:61:8:[m[K [01;31m[Kerror: [m[K‘[01m[Kcurrent_waypoint_index[m[K’ was not declared in this scope
   61 |     if([01;31m[Kcurrent_waypoint_index[m[K < waypoint.size()){
      |        [01;31m[K^~~~~~~~~~~~~~~~~~~~~~[m[K
In file included from [01m[K/opt/ros/humble/include/rclcpp/rclcpp/client.hpp:39[m[K,
                 from [01m[K/opt/ros/humble/include/rclcpp/rclcpp/callback_group.hpp:24[m[K,
                 from [01m[K/opt/ros/humble/include/rclcpp/rclcpp/any_executable.hpp:20[m[K,
                 from [01m[K/opt/ros/humble/include/rclcpp/rclcpp/memory_strategy.hpp:25[m[K,
                 from [01m[K/opt/ros/humble/include/rclcpp/rclcpp/memory_strategies.hpp:18[m[K,
                 from [01m[K/opt/ros/humble/include/rclcpp/rclcpp/executor_options.hpp:20[m[K,
                 from [01m[K/opt/ros/humble/include/rclcpp/rclcpp/executor.hpp:37[m[K,
                 from [01m[K/opt/ros/humble/include/rclcpp/rclcpp/executors/multi_threaded_executor.hpp:25[m[K,
                 from [01m[K/opt/ros/humble/include/rclcpp/rclcpp/executors.hpp:21[m[K,
                 from [01m[K/opt/ros/humble/include/rclcpp/rclcpp/rclcpp.hpp:155[m[K,
                 from [01m[K/home/syafihidayat/Documents/robot_ws/src/robot_pose/src/robotRos_sendP.cpp:1[m[K:
/opt/ros/humble/include/rclcpp/rclcpp/function_traits.hpp: In instantiation of ‘[01m[Kstruct rclcpp::function_traits::function_traits<std::_Bind<void (waypointPublish::*(waypointPublish*, std::_Placeholder<1>))(...)> >[m[K’:
[01m[K/opt/ros/humble/include/rclcpp/rclcpp/any_subscription_callback.hpp:380:10:[m[K   recursively required by substitution of ‘[01m[Ktemplate<class MessageT, class CallbackT> struct rclcpp::detail::SubscriptionCallbackTypeHelper<MessageT, CallbackT, typename std::enable_if<rclcpp::function_traits::same_arguments<CallbackT, std::function<void(std::shared_ptr<_Tp>, const rclcpp::MessageInfo&)> >::value, void>::type> [with MessageT = std_msgs::msg::Bool_<std::allocator<void> >; CallbackT = std::_Bind<void (waypointPublish::*(waypointPublish*, std::_Placeholder<1>))(...)>][m[K’
[01m[K/opt/ros/humble/include/rclcpp/rclcpp/any_subscription_callback.hpp:380:10:[m[K   required from ‘[01m[Krclcpp::AnySubscriptionCallback<MessageT, AllocatorT> rclcpp::AnySubscriptionCallback<MessageT, AllocatorT>::set(CallbackT) [with CallbackT = std::_Bind<void (waypointPublish::*(waypointPublish*, std::_Placeholder<1>))(...)>; MessageT = std_msgs::msg::Bool_<std::allocator<void> >; AllocatorT = std::allocator<void>][m[K’
[01m[K/opt/ros/humble/include/rclcpp/rclcpp/subscription_factory.hpp:94:32:[m[K   required from ‘[01m[Krclcpp::SubscriptionFactory rclcpp::create_subscription_factory(CallbackT&&, const rclcpp::SubscriptionOptionsWithAllocator<AllocatorT>&, typename MessageMemoryStrategyT::SharedPtr, std::shared_ptr<rclcpp::topic_statistics::SubscriptionTopicStatistics<ROSMessageType> >) [with MessageT = std_msgs::msg::Bool_<std::allocator<void> >; CallbackT = std::_Bind<void (waypointPublish::*(waypointPublish*, std::_Placeholder<1>))(...)>; AllocatorT = std::allocator<void>; SubscriptionT = rclcpp::Subscription<std_msgs::msg::Bool_<std::allocator<void> >, std::allocator<void>, std_msgs::msg::Bool_<std::allocator<void> >, std_msgs::msg::Bool_<std::allocator<void> >, rclcpp::message_memory_strategy::MessageMemoryStrategy<std_msgs::msg::Bool_<std::allocator<void> >, std::allocator<void> > >; MessageMemoryStrategyT = rclcpp::message_memory_strategy::MessageMemoryStrategy<std_msgs::msg::Bool_<std::allocator<void> >, std::allocator<void> >; ROSMessageType = std_msgs::msg::Bool_<std::allocator<void> >; typename MessageMemoryStrategyT::SharedPtr = std::shared_ptr<rclcpp::message_memory_strategy::MessageMemoryStrategy<std_msgs::msg::Bool_<std::allocator<void> >, std::allocator<void> > >][m[K’
[01m[K/opt/ros/humble/include/rclcpp/rclcpp/create_subscription.hpp:122:63:[m[K   required from ‘[01m[Kstd::shared_ptr<ROSMessageT> rclcpp::detail::create_subscription(NodeParametersT&, NodeTopicsT&, const string&, const rclcpp::QoS&, CallbackT&&, const rclcpp::SubscriptionOptionsWithAllocator<AllocatorT>&, typename MessageMemoryStrategyT::SharedPtr) [with MessageT = std_msgs::msg::Bool_<std::allocator<void> >; CallbackT = std::_Bind<void (waypointPublish::*(waypointPublish*, std::_Placeholder<1>))(...)>; AllocatorT = std::allocator<void>; SubscriptionT = rclcpp::Subscription<std_msgs::msg::Bool_<std::allocator<void> >, std::allocator<void>, std_msgs::msg::Bool_<std::allocator<void> >, std_msgs::msg::Bool_<std::allocator<void> >, rclcpp::message_memory_strategy::MessageMemoryStrategy<std_msgs::msg::Bool_<std::allocator<void> >, std::allocator<void> > >; MessageMemoryStrategyT = rclcpp::message_memory_strategy::MessageMemoryStrategy<std_msgs::msg::Bool_<std::allocator<void> >, std::allocator<void> >; NodeParametersT = rclcpp::Node; NodeTopicsT = rclcpp::Node; ROSMessageType = std_msgs::msg::Bool_<std::allocator<void> >; std::string = std::__cxx11::basic_string<char>; typename MessageMemoryStrategyT::SharedPtr = std::shared_ptr<rclcpp::message_memory_strategy::MessageMemoryStrategy<std_msgs::msg::Bool_<std::allocator<void> >, std::allocator<void> > >][m[K’
[01m[K/opt/ros/humble/include/rclcpp/rclcpp/create_subscription.hpp:191:76:[m[K   required from ‘[01m[Kstd::shared_ptr<ROSMessageT> rclcpp::create_subscription(NodeT&, const string&, const rclcpp::QoS&, CallbackT&&, const rclcpp::SubscriptionOptionsWithAllocator<AllocatorT>&, typename MessageMemoryStrategyT::SharedPtr) [with MessageT = std_msgs::msg::Bool_<std::allocator<void> >; CallbackT = std::_Bind<void (waypointPublish::*(waypointPublish*, std::_Placeholder<1>))(...)>; AllocatorT = std::allocator<void>; SubscriptionT = rclcpp::Subscription<std_msgs::msg::Bool_<std::allocator<void> >, std::allocator<void>, std_msgs::msg::Bool_<std::allocator<void> >, std_msgs::msg::Bool_<std::allocator<void> >, rclcpp::message_memory_strategy::MessageMemoryStrategy<std_msgs::msg::Bool_<std::allocator<void> >, std::allocator<void> > >; MessageMemoryStrategyT = rclcpp::message_memory_strategy::MessageMemoryStrategy<std_msgs::msg::Bool_<std::allocator<void> >, std::allocator<void> >; NodeT = rclcpp::Node; std::string = std::__cxx11::basic_string<char>; typename MessageMemoryStrategyT::SharedPtr = std::shared_ptr<rclcpp::message_memory_strategy::MessageMemoryStrategy<std_msgs::msg::Bool_<std::allocator<void> >, std::allocator<void> > >][m[K’
[01m[K/opt/ros/humble/include/rclcpp/rclcpp/node_impl.hpp:99:47:[m[K   required from ‘[01m[Kstd::shared_ptr<ROSMessageT> rclcpp::Node::create_subscription(const string&, const rclcpp::QoS&, CallbackT&&, const rclcpp::SubscriptionOptionsWithAllocator<AllocatorT>&, typename MessageMemoryStrategyT::SharedPtr) [with MessageT = std_msgs::msg::Bool_<std::allocator<void> >; CallbackT = std::_Bind<void (waypointPublish::*(waypointPublish*, std::_Placeholder<1>))(...)>; AllocatorT = std::allocator<void>; SubscriptionT = rclcpp::Subscription<std_msgs::msg::Bool_<std::allocator<void> >, std::allocator<void>, std_msgs::msg::Bool_<std::allocator<void> >, std_msgs::msg::Bool_<std::allocator<void> >, rclcpp::message_memory_strategy::MessageMemoryStrategy<std_msgs::msg::Bool_<std::allocator<void> >, std::allocator<void> > >; MessageMemoryStrategyT = rclcpp::message_memory_strategy::MessageMemoryStrategy<std_msgs::msg::Bool_<std::allocator<void> >, std::allocator<void> >; std::string = std::__cxx11::basic_string<char>; typename MessageMemoryStrategyT::SharedPtr = std::shared_ptr<rclcpp::message_memory_strategy::MessageMemoryStrategy<std_msgs::msg::Bool_<std::allocator<void> >, std::allocator<void> > >][m[K’
[01m[K/home/syafihidayat/Documents/robot_ws/src/robot_pose/src/robotRos_sendP.cpp:15:65:[m[K   required from here
[01m[K/opt/ros/humble/include/rclcpp/rclcpp/function_traits.hpp:51:9:[m[K [01;31m[Kerror: [m[K‘[01m[Kdecltype[m[K’ cannot resolve address of overloaded function
   51 |   using [01;31m[Karguments[m[K = typename tuple_tail<
      |         [01;31m[K^~~~~~~~~[m[K
[01m[K/opt/ros/humble/include/rclcpp/rclcpp/function_traits.hpp:57:9:[m[K [01;31m[Kerror: [m[K‘[01m[Kdecltype[m[K’ cannot resolve address of overloaded function
   57 |   using [01;31m[Kargument_type[m[K = typename std::tuple_element<N, arguments>::type;
      |         [01;31m[K^~~~~~~~~~~~~[m[K
[01m[K/opt/ros/humble/include/rclcpp/rclcpp/function_traits.hpp:59:9:[m[K [01;31m[Kerror: [m[K‘[01m[Kdecltype[m[K’ cannot resolve address of overloaded function
   59 |   using [01;31m[Kreturn_type[m[K = typename function_traits<decltype( &FunctionT::operator())>::return_type;
      |         [01;31m[K^~~~~~~~~~~[m[K
gmake[2]: *** [CMakeFiles/robotRos_sendP.dir/build.make:76: CMakeFiles/robotRos_sendP.dir/src/robotRos_sendP.cpp.o] Error 1
gmake[1]: *** [CMakeFiles/Makefile2:137: CMakeFiles/robotRos_sendP.dir/all] Error 2
gmake: *** [Makefile:146: all] Error 2
