[0.022s] Invoking command in '/home/syafihidayat/Documents/robot_ws/build/linorobot2_bringup': CMAKE_PREFIX_PATH=${CMAKE_PREFIX_PATH}:/opt/ros/humble /usr/bin/cmake /home/syafihidayat/Documents/robot_ws/src/linorobot2_bringup -DCMAKE_INSTALL_PREFIX=/home/syafihidayat/Documents/robot_ws/install/linorobot2_bringup
[0.116s] -- The C compiler identification is GNU 11.4.0
[0.199s] -- The CXX compiler identification is GNU 11.4.0
[0.208s] -- Detecting C compiler ABI info
[0.311s] -- Detecting C compiler ABI info - done
[0.318s] -- Check for working C compiler: /usr/bin/cc - skipped
[0.318s] -- Detecting C compile features
[0.318s] -- Detecting C compile features - done
[0.322s] -- Detecting CXX compiler ABI info
[0.418s] -- Detecting CXX compiler ABI info - done
[0.424s] -- Check for working CXX compiler: /usr/bin/c++ - skipped
[0.425s] -- Detecting CXX compile features
[0.425s] -- Detecting CXX compile features - done
[0.428s] -- Found ament_cmake: 1.3.12 (/opt/ros/humble/share/ament_cmake/cmake)
[0.582s] -- Found Python3: /usr/bin/python3 (found version "3.10.12") found components: Interpreter 
[0.744s] -- Configuring done
[0.747s] -- Generating done
[0.748s] -- Build files have been written to: /home/syafihidayat/Documents/robot_ws/build/linorobot2_bringup
[0.753s] Invoked command in '/home/syafihidayat/Documents/robot_ws/build/linorobot2_bringup' returned '0': CMAKE_PREFIX_PATH=${CMAKE_PREFIX_PATH}:/opt/ros/humble /usr/bin/cmake /home/syafihidayat/Documents/robot_ws/src/linorobot2_bringup -DCMAKE_INSTALL_PREFIX=/home/syafihidayat/Documents/robot_ws/install/linorobot2_bringup
[0.756s] Invoking command in '/home/syafihidayat/Documents/robot_ws/build/linorobot2_bringup': CMAKE_PREFIX_PATH=${CMAKE_PREFIX_PATH}:/opt/ros/humble /usr/bin/cmake --build /home/syafihidayat/Documents/robot_ws/build/linorobot2_bringup -- -j16 -l16
[0.803s] Invoked command in '/home/syafihidayat/Documents/robot_ws/build/linorobot2_bringup' returned '0': CMAKE_PREFIX_PATH=${CMAKE_PREFIX_PATH}:/opt/ros/humble /usr/bin/cmake --build /home/syafihidayat/Documents/robot_ws/build/linorobot2_bringup -- -j16 -l16
[0.814s] Invoking command in '/home/syafihidayat/Documents/robot_ws/build/linorobot2_bringup': CMAKE_PREFIX_PATH=${CMAKE_PREFIX_PATH}:/opt/ros/humble /usr/bin/cmake --install /home/syafihidayat/Documents/robot_ws/build/linorobot2_bringup
[0.822s] -- Install configuration: ""
[0.822s] -- Installing: /home/syafihidayat/Documents/robot_ws/install/linorobot2_bringup/share/linorobot2_bringup/launch
[0.823s] -- Installing: /home/syafihidayat/Documents/robot_ws/install/linorobot2_bringup/share/linorobot2_bringup/launch/lasers.launch.py
[0.823s] -- Installing: /home/syafihidayat/Documents/robot_ws/install/linorobot2_bringup/share/linorobot2_bringup/launch/default_robot.launch.py
[0.823s] -- Installing: /home/syafihidayat/Documents/robot_ws/install/linorobot2_bringup/share/linorobot2_bringup/launch/bringup_launch.py
[0.823s] -- Installing: /home/syafihidayat/Documents/robot_ws/install/linorobot2_bringup/share/linorobot2_bringup/launch/depth.launch.py
[0.823s] -- Installing: /home/syafihidayat/Documents/robot_ws/install/linorobot2_bringup/share/linorobot2_bringup/launch/extra_launch.py
[0.823s] -- Installing: /home/syafihidayat/Documents/robot_ws/install/linorobot2_bringup/share/linorobot2_bringup/launch/custom_robot.launch.py
[0.823s] -- Installing: /home/syafihidayat/Documents/robot_ws/install/linorobot2_bringup/share/linorobot2_bringup/launch/sensors.launch.py
[0.823s] -- Installing: /home/syafihidayat/Documents/robot_ws/install/linorobot2_bringup/share/linorobot2_bringup/launch/joy_teleop.launch.py
[0.823s] -- Installing: /home/syafihidayat/Documents/robot_ws/install/linorobot2_bringup/share/linorobot2_bringup/config
[0.823s] -- Installing: /home/syafihidayat/Documents/robot_ws/install/linorobot2_bringup/share/linorobot2_bringup/config/twist_mux.yaml
[0.824s] -- Installing: /home/syafihidayat/Documents/robot_ws/install/linorobot2_bringup/share/linorobot2_bringup/config/zed_common.yaml
[0.824s] -- Installing: /home/syafihidayat/Documents/robot_ws/install/linorobot2_bringup/share/linorobot2_bringup/config/box_laser_filter.yaml
[0.824s] -- Installing: /home/syafihidayat/Documents/robot_ws/install/linorobot2_bringup/share/linorobot2_bringup/config/fake_laser.yaml
[0.824s] -- Installing: /home/syafihidayat/Documents/robot_ws/install/linorobot2_bringup/share/linorobot2_bringup/config/ekf.yaml
[0.824s] -- Installing: /home/syafihidayat/Documents/robot_ws/install/linorobot2_bringup/share/linorobot2_bringup/config/joy.yaml
[0.824s] -- Installing: /home/syafihidayat/Documents/robot_ws/install/linorobot2_bringup/share/ament_index/resource_index/package_run_dependencies/linorobot2_bringup
[0.824s] -- Installing: /home/syafihidayat/Documents/robot_ws/install/linorobot2_bringup/share/ament_index/resource_index/parent_prefix_path/linorobot2_bringup
[0.824s] -- Installing: /home/syafihidayat/Documents/robot_ws/install/linorobot2_bringup/share/linorobot2_bringup/environment/ament_prefix_path.sh
[0.824s] -- Installing: /home/syafihidayat/Documents/robot_ws/install/linorobot2_bringup/share/linorobot2_bringup/environment/ament_prefix_path.dsv
[0.825s] -- Installing: /home/syafihidayat/Documents/robot_ws/install/linorobot2_bringup/share/linorobot2_bringup/environment/path.sh
[0.825s] -- Installing: /home/syafihidayat/Documents/robot_ws/install/linorobot2_bringup/share/linorobot2_bringup/environment/path.dsv
[0.825s] -- Installing: /home/syafihidayat/Documents/robot_ws/install/linorobot2_bringup/share/linorobot2_bringup/local_setup.bash
[0.825s] -- Installing: /home/syafihidayat/Documents/robot_ws/install/linorobot2_bringup/share/linorobot2_bringup/local_setup.sh
[0.825s] -- Installing: /home/syafihidayat/Documents/robot_ws/install/linorobot2_bringup/share/linorobot2_bringup/local_setup.zsh
[0.826s] -- Installing: /home/syafihidayat/Documents/robot_ws/install/linorobot2_bringup/share/linorobot2_bringup/local_setup.dsv
[0.826s] -- Installing: /home/syafihidayat/Documents/robot_ws/install/linorobot2_bringup/share/linorobot2_bringup/package.dsv
[0.826s] -- Installing: /home/syafihidayat/Documents/robot_ws/install/linorobot2_bringup/share/ament_index/resource_index/packages/linorobot2_bringup
[0.826s] -- Installing: /home/syafihidayat/Documents/robot_ws/install/linorobot2_bringup/share/linorobot2_bringup/cmake/linorobot2_bringupConfig.cmake
[0.826s] -- Installing: /home/syafihidayat/Documents/robot_ws/install/linorobot2_bringup/share/linorobot2_bringup/cmake/linorobot2_bringupConfig-version.cmake
[0.826s] -- Installing: /home/syafihidayat/Documents/robot_ws/install/linorobot2_bringup/share/linorobot2_bringup/package.xml
[0.831s] Invoked command in '/home/syafihidayat/Documents/robot_ws/build/linorobot2_bringup' returned '0': CMAKE_PREFIX_PATH=${CMAKE_PREFIX_PATH}:/opt/ros/humble /usr/bin/cmake --install /home/syafihidayat/Documents/robot_ws/build/linorobot2_bringup
