[0.290s] DEBUG:colcon:Command line arguments: ['/usr/bin/colcon', 'build']
[0.290s] DEBUG:colcon:Parsed command line arguments: Namespace(log_base=None, log_level=None, verb_name='build', build_base='build', install_base='install', merge_install=False, symlink_install=False, test_result_base=None, continue_on_error=False, executor='parallel', parallel_workers=16, event_handlers=None, ignore_user_meta=False, metas=['./colcon.meta'], base_paths=['.'], packages_ignore=None, packages_ignore_regex=None, paths=None, packages_up_to=None, packages_up_to_regex=None, packages_above=None, packages_above_and_dependencies=None, packages_above_depth=None, packages_select_by_dep=None, packages_skip_by_dep=None, packages_skip_up_to=None, packages_select_build_failed=False, packages_skip_build_finished=False, packages_select_test_failures=False, packages_skip_test_passed=False, packages_select=None, packages_skip=None, packages_select_regex=None, packages_skip_regex=None, packages_start=None, packages_end=None, allow_overriding=[], cmake_args=None, cmake_target=None, cmake_target_skip_unavailable=False, cmake_clean_cache=False, cmake_clean_first=False, cmake_force_configure=False, ament_cmake_args=None, catkin_cmake_args=None, catkin_skip_building_tests=False, verb_parser=<colcon_defaults.argument_parser.defaults.DefaultArgumentsDecorator object at 0x7ec9f7e70940>, verb_extension=<colcon_core.verb.build.BuildVerb object at 0x7ec9f7e70370>, main=<bound method BuildVerb.main of <colcon_core.verb.build.BuildVerb object at 0x7ec9f7e70370>>)
[0.519s] Level 1:colcon.colcon_core.package_discovery:discover_packages(colcon_meta) check parameters
[0.520s] Level 1:colcon.colcon_core.package_discovery:discover_packages(recursive) check parameters
[0.520s] Level 1:colcon.colcon_core.package_discovery:discover_packages(ignore) check parameters
[0.520s] Level 1:colcon.colcon_core.package_discovery:discover_packages(path) check parameters
[0.520s] Level 1:colcon.colcon_core.package_discovery:discover_packages(colcon_meta) discover
[0.520s] Level 1:colcon.colcon_core.package_discovery:discover_packages(recursive) discover
[0.520s] INFO:colcon.colcon_core.package_discovery:Crawling recursively for packages in '/home/syafihidayat/Documents/robot_ws'
[0.520s] Level 1:colcon.colcon_core.package_identification:_identify(.) by extensions ['ignore', 'ignore_ament_install']
[0.520s] Level 1:colcon.colcon_core.package_identification:_identify(.) by extension 'ignore'
[0.520s] Level 1:colcon.colcon_core.package_identification:_identify(.) by extension 'ignore_ament_install'
[0.520s] Level 1:colcon.colcon_core.package_identification:_identify(.) by extensions ['colcon_pkg']
[0.520s] Level 1:colcon.colcon_core.package_identification:_identify(.) by extension 'colcon_pkg'
[0.520s] Level 1:colcon.colcon_core.package_identification:_identify(.) by extensions ['colcon_meta']
[0.520s] Level 1:colcon.colcon_core.package_identification:_identify(.) by extension 'colcon_meta'
[0.520s] Level 1:colcon.colcon_core.package_identification:_identify(.) by extensions ['ros']
[0.520s] Level 1:colcon.colcon_core.package_identification:_identify(.) by extension 'ros'
[0.533s] Level 1:colcon.colcon_core.package_identification:_identify(.) by extensions ['cmake', 'python']
[0.533s] Level 1:colcon.colcon_core.package_identification:_identify(.) by extension 'cmake'
[0.533s] Level 1:colcon.colcon_core.package_identification:_identify(.) by extension 'python'
[0.533s] Level 1:colcon.colcon_core.package_identification:_identify(.) by extensions ['python_setup_py']
[0.533s] Level 1:colcon.colcon_core.package_identification:_identify(.) by extension 'python_setup_py'
[0.533s] Level 1:colcon.colcon_core.package_identification:_identify(build) by extensions ['ignore', 'ignore_ament_install']
[0.533s] Level 1:colcon.colcon_core.package_identification:_identify(build) by extension 'ignore'
[0.533s] Level 1:colcon.colcon_core.package_identification:_identify(build) ignored
[0.534s] Level 1:colcon.colcon_core.package_identification:_identify(install) by extensions ['ignore', 'ignore_ament_install']
[0.534s] Level 1:colcon.colcon_core.package_identification:_identify(install) by extension 'ignore'
[0.534s] Level 1:colcon.colcon_core.package_identification:_identify(install) ignored
[0.534s] Level 1:colcon.colcon_core.package_identification:_identify(log) by extensions ['ignore', 'ignore_ament_install']
[0.534s] Level 1:colcon.colcon_core.package_identification:_identify(log) by extension 'ignore'
[0.534s] Level 1:colcon.colcon_core.package_identification:_identify(log) ignored
[0.534s] Level 1:colcon.colcon_core.package_identification:_identify(src) by extensions ['ignore', 'ignore_ament_install']
[0.534s] Level 1:colcon.colcon_core.package_identification:_identify(src) by extension 'ignore'
[0.534s] Level 1:colcon.colcon_core.package_identification:_identify(src) by extension 'ignore_ament_install'
[0.534s] Level 1:colcon.colcon_core.package_identification:_identify(src) by extensions ['colcon_pkg']
[0.534s] Level 1:colcon.colcon_core.package_identification:_identify(src) by extension 'colcon_pkg'
[0.534s] Level 1:colcon.colcon_core.package_identification:_identify(src) by extensions ['colcon_meta']
[0.534s] Level 1:colcon.colcon_core.package_identification:_identify(src) by extension 'colcon_meta'
[0.534s] Level 1:colcon.colcon_core.package_identification:_identify(src) by extensions ['ros']
[0.534s] Level 1:colcon.colcon_core.package_identification:_identify(src) by extension 'ros'
[0.534s] Level 1:colcon.colcon_core.package_identification:_identify(src) by extensions ['cmake', 'python']
[0.534s] Level 1:colcon.colcon_core.package_identification:_identify(src) by extension 'cmake'
[0.534s] Level 1:colcon.colcon_core.package_identification:_identify(src) by extension 'python'
[0.534s] Level 1:colcon.colcon_core.package_identification:_identify(src) by extensions ['python_setup_py']
[0.534s] Level 1:colcon.colcon_core.package_identification:_identify(src) by extension 'python_setup_py'
[0.534s] Level 1:colcon.colcon_core.package_identification:_identify(src/lbringup) by extensions ['ignore', 'ignore_ament_install']
[0.534s] Level 1:colcon.colcon_core.package_identification:_identify(src/lbringup) by extension 'ignore'
[0.534s] Level 1:colcon.colcon_core.package_identification:_identify(src/lbringup) by extension 'ignore_ament_install'
[0.535s] Level 1:colcon.colcon_core.package_identification:_identify(src/lbringup) by extensions ['colcon_pkg']
[0.535s] Level 1:colcon.colcon_core.package_identification:_identify(src/lbringup) by extension 'colcon_pkg'
[0.535s] Level 1:colcon.colcon_core.package_identification:_identify(src/lbringup) by extensions ['colcon_meta']
[0.535s] Level 1:colcon.colcon_core.package_identification:_identify(src/lbringup) by extension 'colcon_meta'
[0.535s] Level 1:colcon.colcon_core.package_identification:_identify(src/lbringup) by extensions ['ros']
[0.535s] Level 1:colcon.colcon_core.package_identification:_identify(src/lbringup) by extension 'ros'
[0.537s] DEBUG:colcon.colcon_core.package_identification:Package 'src/lbringup' with type 'ros.ament_cmake' and name 'lbringup'
[0.537s] Level 1:colcon.colcon_core.package_identification:_identify(src/robotRos_pkg) by extensions ['ignore', 'ignore_ament_install']
[0.537s] Level 1:colcon.colcon_core.package_identification:_identify(src/robotRos_pkg) by extension 'ignore'
[0.537s] Level 1:colcon.colcon_core.package_identification:_identify(src/robotRos_pkg) by extension 'ignore_ament_install'
[0.537s] Level 1:colcon.colcon_core.package_identification:_identify(src/robotRos_pkg) by extensions ['colcon_pkg']
[0.537s] Level 1:colcon.colcon_core.package_identification:_identify(src/robotRos_pkg) by extension 'colcon_pkg'
[0.538s] Level 1:colcon.colcon_core.package_identification:_identify(src/robotRos_pkg) by extensions ['colcon_meta']
[0.538s] Level 1:colcon.colcon_core.package_identification:_identify(src/robotRos_pkg) by extension 'colcon_meta'
[0.538s] Level 1:colcon.colcon_core.package_identification:_identify(src/robotRos_pkg) by extensions ['ros']
[0.538s] Level 1:colcon.colcon_core.package_identification:_identify(src/robotRos_pkg) by extension 'ros'
[0.538s] DEBUG:colcon.colcon_core.package_identification:Package 'src/robotRos_pkg' with type 'ros.ament_cmake' and name 'robotRos_pkg'
[0.538s] Level 1:colcon.colcon_core.package_identification:_identify(src/robot_navigation) by extensions ['ignore', 'ignore_ament_install']
[0.539s] Level 1:colcon.colcon_core.package_identification:_identify(src/robot_navigation) by extension 'ignore'
[0.539s] Level 1:colcon.colcon_core.package_identification:_identify(src/robot_navigation) by extension 'ignore_ament_install'
[0.539s] Level 1:colcon.colcon_core.package_identification:_identify(src/robot_navigation) by extensions ['colcon_pkg']
[0.539s] Level 1:colcon.colcon_core.package_identification:_identify(src/robot_navigation) by extension 'colcon_pkg'
[0.539s] Level 1:colcon.colcon_core.package_identification:_identify(src/robot_navigation) by extensions ['colcon_meta']
[0.539s] Level 1:colcon.colcon_core.package_identification:_identify(src/robot_navigation) by extension 'colcon_meta'
[0.539s] Level 1:colcon.colcon_core.package_identification:_identify(src/robot_navigation) by extensions ['ros']
[0.539s] Level 1:colcon.colcon_core.package_identification:_identify(src/robot_navigation) by extension 'ros'
[0.540s] DEBUG:colcon.colcon_core.package_identification:Package 'src/robot_navigation' with type 'ros.ament_cmake' and name 'robot_navigation'
[0.540s] Level 1:colcon.colcon_core.package_discovery:discover_packages(recursive) using defaults
[0.540s] Level 1:colcon.colcon_core.package_discovery:discover_packages(ignore) discover
[0.540s] Level 1:colcon.colcon_core.package_discovery:discover_packages(ignore) using defaults
[0.540s] Level 1:colcon.colcon_core.package_discovery:discover_packages(path) discover
[0.540s] Level 1:colcon.colcon_core.package_discovery:discover_packages(path) using defaults
[0.584s] Level 1:colcon.colcon_core.package_discovery:discover_packages(prefix_path) check parameters
[0.584s] Level 1:colcon.colcon_core.package_discovery:discover_packages(prefix_path) discover
[0.589s] DEBUG:colcon.colcon_installed_package_information.package_discovery:Found 4 installed packages in /home/syafihidayat/Documents/robot_ws/install
[0.592s] DEBUG:colcon.colcon_installed_package_information.package_discovery:Found 3 installed packages in /home/syafihidayat/microros_ws/install
[0.595s] DEBUG:colcon.colcon_installed_package_information.package_discovery:Found 360 installed packages in /opt/ros/humble
[0.596s] Level 1:colcon.colcon_core.package_discovery:discover_packages(prefix_path) using defaults
[0.683s] Level 5:colcon.colcon_core.verb:set package 'lbringup' build argument 'cmake_args' from command line to 'None'
[0.684s] Level 5:colcon.colcon_core.verb:set package 'lbringup' build argument 'cmake_target' from command line to 'None'
[0.684s] Level 5:colcon.colcon_core.verb:set package 'lbringup' build argument 'cmake_target_skip_unavailable' from command line to 'False'
[0.684s] Level 5:colcon.colcon_core.verb:set package 'lbringup' build argument 'cmake_clean_cache' from command line to 'False'
[0.684s] Level 5:colcon.colcon_core.verb:set package 'lbringup' build argument 'cmake_clean_first' from command line to 'False'
[0.684s] Level 5:colcon.colcon_core.verb:set package 'lbringup' build argument 'cmake_force_configure' from command line to 'False'
[0.684s] Level 5:colcon.colcon_core.verb:set package 'lbringup' build argument 'ament_cmake_args' from command line to 'None'
[0.684s] Level 5:colcon.colcon_core.verb:set package 'lbringup' build argument 'catkin_cmake_args' from command line to 'None'
[0.684s] Level 5:colcon.colcon_core.verb:set package 'lbringup' build argument 'catkin_skip_building_tests' from command line to 'False'
[0.684s] DEBUG:colcon.colcon_core.verb:Building package 'lbringup' with the following arguments: {'ament_cmake_args': None, 'build_base': '/home/syafihidayat/Documents/robot_ws/build/lbringup', 'catkin_cmake_args': None, 'catkin_skip_building_tests': False, 'cmake_args': None, 'cmake_clean_cache': False, 'cmake_clean_first': False, 'cmake_force_configure': False, 'cmake_target': None, 'cmake_target_skip_unavailable': False, 'install_base': '/home/syafihidayat/Documents/robot_ws/install/lbringup', 'merge_install': False, 'path': '/home/syafihidayat/Documents/robot_ws/src/lbringup', 'symlink_install': False, 'test_result_base': None}
[0.684s] Level 5:colcon.colcon_core.verb:set package 'robotRos_pkg' build argument 'cmake_args' from command line to 'None'
[0.684s] Level 5:colcon.colcon_core.verb:set package 'robotRos_pkg' build argument 'cmake_target' from command line to 'None'
[0.684s] Level 5:colcon.colcon_core.verb:set package 'robotRos_pkg' build argument 'cmake_target_skip_unavailable' from command line to 'False'
[0.684s] Level 5:colcon.colcon_core.verb:set package 'robotRos_pkg' build argument 'cmake_clean_cache' from command line to 'False'
[0.684s] Level 5:colcon.colcon_core.verb:set package 'robotRos_pkg' build argument 'cmake_clean_first' from command line to 'False'
[0.684s] Level 5:colcon.colcon_core.verb:set package 'robotRos_pkg' build argument 'cmake_force_configure' from command line to 'False'
[0.684s] Level 5:colcon.colcon_core.verb:set package 'robotRos_pkg' build argument 'ament_cmake_args' from command line to 'None'
[0.684s] Level 5:colcon.colcon_core.verb:set package 'robotRos_pkg' build argument 'catkin_cmake_args' from command line to 'None'
[0.684s] Level 5:colcon.colcon_core.verb:set package 'robotRos_pkg' build argument 'catkin_skip_building_tests' from command line to 'False'
[0.684s] DEBUG:colcon.colcon_core.verb:Building package 'robotRos_pkg' with the following arguments: {'ament_cmake_args': None, 'build_base': '/home/syafihidayat/Documents/robot_ws/build/robotRos_pkg', 'catkin_cmake_args': None, 'catkin_skip_building_tests': False, 'cmake_args': None, 'cmake_clean_cache': False, 'cmake_clean_first': False, 'cmake_force_configure': False, 'cmake_target': None, 'cmake_target_skip_unavailable': False, 'install_base': '/home/syafihidayat/Documents/robot_ws/install/robotRos_pkg', 'merge_install': False, 'path': '/home/syafihidayat/Documents/robot_ws/src/robotRos_pkg', 'symlink_install': False, 'test_result_base': None}
[0.684s] Level 5:colcon.colcon_core.verb:set package 'robot_navigation' build argument 'cmake_args' from command line to 'None'
[0.684s] Level 5:colcon.colcon_core.verb:set package 'robot_navigation' build argument 'cmake_target' from command line to 'None'
[0.685s] Level 5:colcon.colcon_core.verb:set package 'robot_navigation' build argument 'cmake_target_skip_unavailable' from command line to 'False'
[0.685s] Level 5:colcon.colcon_core.verb:set package 'robot_navigation' build argument 'cmake_clean_cache' from command line to 'False'
[0.685s] Level 5:colcon.colcon_core.verb:set package 'robot_navigation' build argument 'cmake_clean_first' from command line to 'False'
[0.685s] Level 5:colcon.colcon_core.verb:set package 'robot_navigation' build argument 'cmake_force_configure' from command line to 'False'
[0.685s] Level 5:colcon.colcon_core.verb:set package 'robot_navigation' build argument 'ament_cmake_args' from command line to 'None'
[0.685s] Level 5:colcon.colcon_core.verb:set package 'robot_navigation' build argument 'catkin_cmake_args' from command line to 'None'
[0.685s] Level 5:colcon.colcon_core.verb:set package 'robot_navigation' build argument 'catkin_skip_building_tests' from command line to 'False'
[0.685s] DEBUG:colcon.colcon_core.verb:Building package 'robot_navigation' with the following arguments: {'ament_cmake_args': None, 'build_base': '/home/syafihidayat/Documents/robot_ws/build/robot_navigation', 'catkin_cmake_args': None, 'catkin_skip_building_tests': False, 'cmake_args': None, 'cmake_clean_cache': False, 'cmake_clean_first': False, 'cmake_force_configure': False, 'cmake_target': None, 'cmake_target_skip_unavailable': False, 'install_base': '/home/syafihidayat/Documents/robot_ws/install/robot_navigation', 'merge_install': False, 'path': '/home/syafihidayat/Documents/robot_ws/src/robot_navigation', 'symlink_install': False, 'test_result_base': None}
[0.685s] INFO:colcon.colcon_core.executor:Executing jobs using 'parallel' executor
[0.686s] DEBUG:colcon.colcon_parallel_executor.executor.parallel:run_until_complete
[0.686s] INFO:colcon.colcon_ros.task.ament_cmake.build:Building ROS package in '/home/syafihidayat/Documents/robot_ws/src/lbringup' with build type 'ament_cmake'
[0.686s] INFO:colcon.colcon_cmake.task.cmake.build:Building CMake package in '/home/syafihidayat/Documents/robot_ws/src/lbringup'
[0.690s] INFO:colcon.colcon_core.plugin_system:Skipping extension 'colcon_core.shell.bat': Not used on non-Windows systems
[0.691s] INFO:colcon.colcon_core.shell:Skip shell extension 'powershell' for command environment: Not usable outside of PowerShell
[0.691s] DEBUG:colcon.colcon_core.shell:Skip shell extension 'dsv' for command environment
[0.695s] INFO:colcon.colcon_ros.task.ament_cmake.build:Building ROS package in '/home/syafihidayat/Documents/robot_ws/src/robotRos_pkg' with build type 'ament_cmake'
[0.696s] INFO:colcon.colcon_cmake.task.cmake.build:Building CMake package in '/home/syafihidayat/Documents/robot_ws/src/robotRos_pkg'
[0.696s] INFO:colcon.colcon_core.shell:Skip shell extension 'powershell' for command environment: Not usable outside of PowerShell
[0.696s] DEBUG:colcon.colcon_core.shell:Skip shell extension 'dsv' for command environment
[0.700s] INFO:colcon.colcon_ros.task.ament_cmake.build:Building ROS package in '/home/syafihidayat/Documents/robot_ws/src/robot_navigation' with build type 'ament_cmake'
[0.700s] INFO:colcon.colcon_cmake.task.cmake.build:Building CMake package in '/home/syafihidayat/Documents/robot_ws/src/robot_navigation'
[0.701s] INFO:colcon.colcon_core.shell:Skip shell extension 'powershell' for command environment: Not usable outside of PowerShell
[0.701s] DEBUG:colcon.colcon_core.shell:Skip shell extension 'dsv' for command environment
[0.711s] DEBUG:colcon.colcon_core.event_handler.log_command:Invoking command in '/home/syafihidayat/Documents/robot_ws/build/lbringup': CMAKE_PREFIX_PATH=${CMAKE_PREFIX_PATH}:/opt/ros/humble /usr/bin/cmake --build /home/syafihidayat/Documents/robot_ws/build/lbringup -- -j16 -l16
[0.716s] DEBUG:colcon.colcon_core.event_handler.log_command:Invoking command in '/home/syafihidayat/Documents/robot_ws/build/robotRos_pkg': CMAKE_PREFIX_PATH=${CMAKE_PREFIX_PATH}:/opt/ros/humble /usr/bin/cmake --build /home/syafihidayat/Documents/robot_ws/build/robotRos_pkg -- -j16 -l16
[0.720s] DEBUG:colcon.colcon_core.event_handler.log_command:Invoking command in '/home/syafihidayat/Documents/robot_ws/build/robot_navigation': CMAKE_PREFIX_PATH=${CMAKE_PREFIX_PATH}:/opt/ros/humble /usr/bin/cmake --build /home/syafihidayat/Documents/robot_ws/build/robot_navigation -- -j16 -l16
[0.811s] DEBUG:colcon.colcon_core.event_handler.log_command:Invoked command in '/home/syafihidayat/Documents/robot_ws/build/lbringup' returned '0': CMAKE_PREFIX_PATH=${CMAKE_PREFIX_PATH}:/opt/ros/humble /usr/bin/cmake --build /home/syafihidayat/Documents/robot_ws/build/lbringup -- -j16 -l16
[0.824s] DEBUG:colcon.colcon_core.event_handler.log_command:Invoking command in '/home/syafihidayat/Documents/robot_ws/build/lbringup': CMAKE_PREFIX_PATH=${CMAKE_PREFIX_PATH}:/opt/ros/humble /usr/bin/cmake --install /home/syafihidayat/Documents/robot_ws/build/lbringup
[0.826s] DEBUG:colcon.colcon_core.event_handler.log_command:Invoked command in '/home/syafihidayat/Documents/robot_ws/build/robot_navigation' returned '0': CMAKE_PREFIX_PATH=${CMAKE_PREFIX_PATH}:/opt/ros/humble /usr/bin/cmake --build /home/syafihidayat/Documents/robot_ws/build/robot_navigation -- -j16 -l16
[0.829s] DEBUG:colcon.colcon_core.event_handler.log_command:Invoking command in '/home/syafihidayat/Documents/robot_ws/build/robot_navigation': CMAKE_PREFIX_PATH=${CMAKE_PREFIX_PATH}:/opt/ros/humble /usr/bin/cmake --install /home/syafihidayat/Documents/robot_ws/build/robot_navigation
[0.840s] Level 1:colcon.colcon_core.environment:create_environment_scripts_only(lbringup)
[0.841s] DEBUG:colcon.colcon_core.event_handler.log_command:Invoked command in '/home/syafihidayat/Documents/robot_ws/build/lbringup' returned '0': CMAKE_PREFIX_PATH=${CMAKE_PREFIX_PATH}:/opt/ros/humble /usr/bin/cmake --install /home/syafihidayat/Documents/robot_ws/build/lbringup
[0.848s] Level 1:colcon.colcon_core.environment:checking '/home/syafihidayat/Documents/robot_ws/install/lbringup' for CMake module files
[0.848s] Level 1:colcon.colcon_core.environment:checking '/home/syafihidayat/Documents/robot_ws/install/lbringup' for CMake config files
[0.849s] Level 1:colcon.colcon_core.shell:create_environment_hook('lbringup', 'cmake_prefix_path')
[0.849s] INFO:colcon.colcon_core.shell:Creating environment hook '/home/syafihidayat/Documents/robot_ws/install/lbringup/share/lbringup/hook/cmake_prefix_path.ps1'
[0.851s] INFO:colcon.colcon_core.shell:Creating environment descriptor '/home/syafihidayat/Documents/robot_ws/install/lbringup/share/lbringup/hook/cmake_prefix_path.dsv'
[0.851s] INFO:colcon.colcon_core.shell:Creating environment hook '/home/syafihidayat/Documents/robot_ws/install/lbringup/share/lbringup/hook/cmake_prefix_path.sh'
[0.852s] Level 1:colcon.colcon_core.environment:checking '/home/syafihidayat/Documents/robot_ws/install/lbringup/bin'
[0.852s] Level 1:colcon.colcon_core.environment:checking '/home/syafihidayat/Documents/robot_ws/install/lbringup/lib/pkgconfig/lbringup.pc'
[0.853s] Level 1:colcon.colcon_core.environment:checking '/home/syafihidayat/Documents/robot_ws/install/lbringup/lib/python3.10/site-packages'
[0.853s] Level 1:colcon.colcon_core.environment:checking '/home/syafihidayat/Documents/robot_ws/install/lbringup/bin'
[0.853s] INFO:colcon.colcon_core.shell:Creating package script '/home/syafihidayat/Documents/robot_ws/install/lbringup/share/lbringup/package.ps1'
[0.854s] INFO:colcon.colcon_core.shell:Creating package descriptor '/home/syafihidayat/Documents/robot_ws/install/lbringup/share/lbringup/package.dsv'
[0.854s] INFO:colcon.colcon_core.shell:Creating package script '/home/syafihidayat/Documents/robot_ws/install/lbringup/share/lbringup/package.sh'
[0.855s] INFO:colcon.colcon_core.shell:Creating package script '/home/syafihidayat/Documents/robot_ws/install/lbringup/share/lbringup/package.bash'
[0.856s] INFO:colcon.colcon_core.shell:Creating package script '/home/syafihidayat/Documents/robot_ws/install/lbringup/share/lbringup/package.zsh'
[0.857s] Level 1:colcon.colcon_core.environment:create_file_with_runtime_dependencies(/home/syafihidayat/Documents/robot_ws/install/lbringup/share/colcon-core/packages/lbringup)
[0.857s] Level 1:colcon.colcon_core.environment:create_environment_scripts_only(lbringup)
[0.858s] Level 1:colcon.colcon_core.environment:checking '/home/syafihidayat/Documents/robot_ws/install/lbringup' for CMake module files
[0.858s] Level 1:colcon.colcon_core.environment:checking '/home/syafihidayat/Documents/robot_ws/install/lbringup' for CMake config files
[0.858s] Level 1:colcon.colcon_core.shell:create_environment_hook('lbringup', 'cmake_prefix_path')
[0.858s] INFO:colcon.colcon_core.shell:Creating environment hook '/home/syafihidayat/Documents/robot_ws/install/lbringup/share/lbringup/hook/cmake_prefix_path.ps1'
[0.858s] INFO:colcon.colcon_core.shell:Creating environment descriptor '/home/syafihidayat/Documents/robot_ws/install/lbringup/share/lbringup/hook/cmake_prefix_path.dsv'
[0.859s] INFO:colcon.colcon_core.shell:Creating environment hook '/home/syafihidayat/Documents/robot_ws/install/lbringup/share/lbringup/hook/cmake_prefix_path.sh'
[0.859s] Level 1:colcon.colcon_core.environment:checking '/home/syafihidayat/Documents/robot_ws/install/lbringup/bin'
[0.859s] Level 1:colcon.colcon_core.environment:checking '/home/syafihidayat/Documents/robot_ws/install/lbringup/lib/pkgconfig/lbringup.pc'
[0.859s] Level 1:colcon.colcon_core.environment:checking '/home/syafihidayat/Documents/robot_ws/install/lbringup/lib/python3.10/site-packages'
[0.860s] Level 1:colcon.colcon_core.environment:checking '/home/syafihidayat/Documents/robot_ws/install/lbringup/bin'
[0.860s] INFO:colcon.colcon_core.shell:Creating package script '/home/syafihidayat/Documents/robot_ws/install/lbringup/share/lbringup/package.ps1'
[0.860s] INFO:colcon.colcon_core.shell:Creating package descriptor '/home/syafihidayat/Documents/robot_ws/install/lbringup/share/lbringup/package.dsv'
[0.861s] INFO:colcon.colcon_core.shell:Creating package script '/home/syafihidayat/Documents/robot_ws/install/lbringup/share/lbringup/package.sh'
[0.861s] INFO:colcon.colcon_core.shell:Creating package script '/home/syafihidayat/Documents/robot_ws/install/lbringup/share/lbringup/package.bash'
[0.861s] INFO:colcon.colcon_core.shell:Creating package script '/home/syafihidayat/Documents/robot_ws/install/lbringup/share/lbringup/package.zsh'
[0.862s] Level 1:colcon.colcon_core.environment:create_file_with_runtime_dependencies(/home/syafihidayat/Documents/robot_ws/install/lbringup/share/colcon-core/packages/lbringup)
[0.862s] Level 1:colcon.colcon_core.environment:create_environment_scripts_only(robot_navigation)
[0.863s] Level 1:colcon.colcon_core.environment:checking '/home/syafihidayat/Documents/robot_ws/install/robot_navigation' for CMake module files
[0.864s] DEBUG:colcon.colcon_core.event_handler.log_command:Invoked command in '/home/syafihidayat/Documents/robot_ws/build/robot_navigation' returned '0': CMAKE_PREFIX_PATH=${CMAKE_PREFIX_PATH}:/opt/ros/humble /usr/bin/cmake --install /home/syafihidayat/Documents/robot_ws/build/robot_navigation
[0.864s] Level 1:colcon.colcon_core.environment:checking '/home/syafihidayat/Documents/robot_ws/install/robot_navigation' for CMake config files
[0.864s] Level 1:colcon.colcon_core.shell:create_environment_hook('robot_navigation', 'cmake_prefix_path')
[0.864s] INFO:colcon.colcon_core.shell:Creating environment hook '/home/syafihidayat/Documents/robot_ws/install/robot_navigation/share/robot_navigation/hook/cmake_prefix_path.ps1'
[0.864s] INFO:colcon.colcon_core.shell:Creating environment descriptor '/home/syafihidayat/Documents/robot_ws/install/robot_navigation/share/robot_navigation/hook/cmake_prefix_path.dsv'
[0.865s] INFO:colcon.colcon_core.shell:Creating environment hook '/home/syafihidayat/Documents/robot_ws/install/robot_navigation/share/robot_navigation/hook/cmake_prefix_path.sh'
[0.865s] Level 1:colcon.colcon_core.environment:checking '/home/syafihidayat/Documents/robot_ws/install/robot_navigation/bin'
[0.865s] Level 1:colcon.colcon_core.environment:checking '/home/syafihidayat/Documents/robot_ws/install/robot_navigation/lib/pkgconfig/robot_navigation.pc'
[0.865s] Level 1:colcon.colcon_core.environment:checking '/home/syafihidayat/Documents/robot_ws/install/robot_navigation/lib/python3.10/site-packages'
[0.866s] Level 1:colcon.colcon_core.environment:checking '/home/syafihidayat/Documents/robot_ws/install/robot_navigation/bin'
[0.866s] INFO:colcon.colcon_core.shell:Creating package script '/home/syafihidayat/Documents/robot_ws/install/robot_navigation/share/robot_navigation/package.ps1'
[0.866s] INFO:colcon.colcon_core.shell:Creating package descriptor '/home/syafihidayat/Documents/robot_ws/install/robot_navigation/share/robot_navigation/package.dsv'
[0.867s] INFO:colcon.colcon_core.shell:Creating package script '/home/syafihidayat/Documents/robot_ws/install/robot_navigation/share/robot_navigation/package.sh'
[0.867s] INFO:colcon.colcon_core.shell:Creating package script '/home/syafihidayat/Documents/robot_ws/install/robot_navigation/share/robot_navigation/package.bash'
[0.867s] INFO:colcon.colcon_core.shell:Creating package script '/home/syafihidayat/Documents/robot_ws/install/robot_navigation/share/robot_navigation/package.zsh'
[0.867s] Level 1:colcon.colcon_core.environment:create_file_with_runtime_dependencies(/home/syafihidayat/Documents/robot_ws/install/robot_navigation/share/colcon-core/packages/robot_navigation)
[0.868s] Level 1:colcon.colcon_core.environment:create_environment_scripts_only(robot_navigation)
[0.868s] Level 1:colcon.colcon_core.environment:checking '/home/syafihidayat/Documents/robot_ws/install/robot_navigation' for CMake module files
[0.869s] Level 1:colcon.colcon_core.environment:checking '/home/syafihidayat/Documents/robot_ws/install/robot_navigation' for CMake config files
[0.869s] Level 1:colcon.colcon_core.shell:create_environment_hook('robot_navigation', 'cmake_prefix_path')
[0.869s] INFO:colcon.colcon_core.shell:Creating environment hook '/home/syafihidayat/Documents/robot_ws/install/robot_navigation/share/robot_navigation/hook/cmake_prefix_path.ps1'
[0.870s] INFO:colcon.colcon_core.shell:Creating environment descriptor '/home/syafihidayat/Documents/robot_ws/install/robot_navigation/share/robot_navigation/hook/cmake_prefix_path.dsv'
[0.870s] INFO:colcon.colcon_core.shell:Creating environment hook '/home/syafihidayat/Documents/robot_ws/install/robot_navigation/share/robot_navigation/hook/cmake_prefix_path.sh'
[0.871s] Level 1:colcon.colcon_core.environment:checking '/home/syafihidayat/Documents/robot_ws/install/robot_navigation/bin'
[0.871s] Level 1:colcon.colcon_core.environment:checking '/home/syafihidayat/Documents/robot_ws/install/robot_navigation/lib/pkgconfig/robot_navigation.pc'
[0.872s] Level 1:colcon.colcon_core.environment:checking '/home/syafihidayat/Documents/robot_ws/install/robot_navigation/lib/python3.10/site-packages'
[0.872s] Level 1:colcon.colcon_core.environment:checking '/home/syafihidayat/Documents/robot_ws/install/robot_navigation/bin'
[0.872s] INFO:colcon.colcon_core.shell:Creating package script '/home/syafihidayat/Documents/robot_ws/install/robot_navigation/share/robot_navigation/package.ps1'
[0.873s] INFO:colcon.colcon_core.shell:Creating package descriptor '/home/syafihidayat/Documents/robot_ws/install/robot_navigation/share/robot_navigation/package.dsv'
[0.874s] INFO:colcon.colcon_core.shell:Creating package script '/home/syafihidayat/Documents/robot_ws/install/robot_navigation/share/robot_navigation/package.sh'
[0.874s] INFO:colcon.colcon_core.shell:Creating package script '/home/syafihidayat/Documents/robot_ws/install/robot_navigation/share/robot_navigation/package.bash'
[0.875s] INFO:colcon.colcon_core.shell:Creating package script '/home/syafihidayat/Documents/robot_ws/install/robot_navigation/share/robot_navigation/package.zsh'
[0.876s] Level 1:colcon.colcon_core.environment:create_file_with_runtime_dependencies(/home/syafihidayat/Documents/robot_ws/install/robot_navigation/share/colcon-core/packages/robot_navigation)
[0.894s] DEBUG:colcon.colcon_core.event_handler.log_command:Invoked command in '/home/syafihidayat/Documents/robot_ws/build/robotRos_pkg' returned '0': CMAKE_PREFIX_PATH=${CMAKE_PREFIX_PATH}:/opt/ros/humble /usr/bin/cmake --build /home/syafihidayat/Documents/robot_ws/build/robotRos_pkg -- -j16 -l16
[0.897s] DEBUG:colcon.colcon_core.event_handler.log_command:Invoking command in '/home/syafihidayat/Documents/robot_ws/build/robotRos_pkg': CMAKE_PREFIX_PATH=${CMAKE_PREFIX_PATH}:/opt/ros/humble /usr/bin/cmake --install /home/syafihidayat/Documents/robot_ws/build/robotRos_pkg
[0.910s] Level 1:colcon.colcon_core.environment:create_environment_scripts_only(robotRos_pkg)
[0.911s] Level 1:colcon.colcon_core.environment:checking '/home/syafihidayat/Documents/robot_ws/install/robotRos_pkg' for CMake module files
[0.911s] DEBUG:colcon.colcon_core.event_handler.log_command:Invoked command in '/home/syafihidayat/Documents/robot_ws/build/robotRos_pkg' returned '0': CMAKE_PREFIX_PATH=${CMAKE_PREFIX_PATH}:/opt/ros/humble /usr/bin/cmake --install /home/syafihidayat/Documents/robot_ws/build/robotRos_pkg
[0.912s] Level 1:colcon.colcon_core.environment:checking '/home/syafihidayat/Documents/robot_ws/install/robotRos_pkg' for CMake config files
[0.912s] Level 1:colcon.colcon_core.shell:create_environment_hook('robotRos_pkg', 'cmake_prefix_path')
[0.912s] INFO:colcon.colcon_core.shell:Creating environment hook '/home/syafihidayat/Documents/robot_ws/install/robotRos_pkg/share/robotRos_pkg/hook/cmake_prefix_path.ps1'
[0.913s] INFO:colcon.colcon_core.shell:Creating environment descriptor '/home/syafihidayat/Documents/robot_ws/install/robotRos_pkg/share/robotRos_pkg/hook/cmake_prefix_path.dsv'
[0.913s] INFO:colcon.colcon_core.shell:Creating environment hook '/home/syafihidayat/Documents/robot_ws/install/robotRos_pkg/share/robotRos_pkg/hook/cmake_prefix_path.sh'
[0.913s] Level 1:colcon.colcon_core.environment:checking '/home/syafihidayat/Documents/robot_ws/install/robotRos_pkg/lib'
[0.913s] Level 1:colcon.colcon_core.environment:checking '/home/syafihidayat/Documents/robot_ws/install/robotRos_pkg/bin'
[0.913s] Level 1:colcon.colcon_core.environment:checking '/home/syafihidayat/Documents/robot_ws/install/robotRos_pkg/lib/pkgconfig/robotRos_pkg.pc'
[0.914s] Level 1:colcon.colcon_core.environment:checking '/home/syafihidayat/Documents/robot_ws/install/robotRos_pkg/lib/python3.10/site-packages'
[0.914s] Level 1:colcon.colcon_core.environment:checking '/home/syafihidayat/Documents/robot_ws/install/robotRos_pkg/bin'
[0.914s] INFO:colcon.colcon_core.shell:Creating package script '/home/syafihidayat/Documents/robot_ws/install/robotRos_pkg/share/robotRos_pkg/package.ps1'
[0.914s] INFO:colcon.colcon_core.shell:Creating package descriptor '/home/syafihidayat/Documents/robot_ws/install/robotRos_pkg/share/robotRos_pkg/package.dsv'
[0.915s] INFO:colcon.colcon_core.shell:Creating package script '/home/syafihidayat/Documents/robot_ws/install/robotRos_pkg/share/robotRos_pkg/package.sh'
[0.915s] INFO:colcon.colcon_core.shell:Creating package script '/home/syafihidayat/Documents/robot_ws/install/robotRos_pkg/share/robotRos_pkg/package.bash'
[0.915s] INFO:colcon.colcon_core.shell:Creating package script '/home/syafihidayat/Documents/robot_ws/install/robotRos_pkg/share/robotRos_pkg/package.zsh'
[0.916s] Level 1:colcon.colcon_core.environment:create_file_with_runtime_dependencies(/home/syafihidayat/Documents/robot_ws/install/robotRos_pkg/share/colcon-core/packages/robotRos_pkg)
[0.916s] Level 1:colcon.colcon_core.environment:create_environment_scripts_only(robotRos_pkg)
[0.916s] Level 1:colcon.colcon_core.environment:checking '/home/syafihidayat/Documents/robot_ws/install/robotRos_pkg' for CMake module files
[0.917s] Level 1:colcon.colcon_core.environment:checking '/home/syafihidayat/Documents/robot_ws/install/robotRos_pkg' for CMake config files
[0.917s] Level 1:colcon.colcon_core.shell:create_environment_hook('robotRos_pkg', 'cmake_prefix_path')
[0.917s] INFO:colcon.colcon_core.shell:Creating environment hook '/home/syafihidayat/Documents/robot_ws/install/robotRos_pkg/share/robotRos_pkg/hook/cmake_prefix_path.ps1'
[0.917s] INFO:colcon.colcon_core.shell:Creating environment descriptor '/home/syafihidayat/Documents/robot_ws/install/robotRos_pkg/share/robotRos_pkg/hook/cmake_prefix_path.dsv'
[0.918s] INFO:colcon.colcon_core.shell:Creating environment hook '/home/syafihidayat/Documents/robot_ws/install/robotRos_pkg/share/robotRos_pkg/hook/cmake_prefix_path.sh'
[0.918s] Level 1:colcon.colcon_core.environment:checking '/home/syafihidayat/Documents/robot_ws/install/robotRos_pkg/lib'
[0.918s] Level 1:colcon.colcon_core.environment:checking '/home/syafihidayat/Documents/robot_ws/install/robotRos_pkg/bin'
[0.918s] Level 1:colcon.colcon_core.environment:checking '/home/syafihidayat/Documents/robot_ws/install/robotRos_pkg/lib/pkgconfig/robotRos_pkg.pc'
[0.918s] Level 1:colcon.colcon_core.environment:checking '/home/syafihidayat/Documents/robot_ws/install/robotRos_pkg/lib/python3.10/site-packages'
[0.918s] Level 1:colcon.colcon_core.environment:checking '/home/syafihidayat/Documents/robot_ws/install/robotRos_pkg/bin'
[0.919s] INFO:colcon.colcon_core.shell:Creating package script '/home/syafihidayat/Documents/robot_ws/install/robotRos_pkg/share/robotRos_pkg/package.ps1'
[0.919s] INFO:colcon.colcon_core.shell:Creating package descriptor '/home/syafihidayat/Documents/robot_ws/install/robotRos_pkg/share/robotRos_pkg/package.dsv'
[0.919s] INFO:colcon.colcon_core.shell:Creating package script '/home/syafihidayat/Documents/robot_ws/install/robotRos_pkg/share/robotRos_pkg/package.sh'
[0.920s] INFO:colcon.colcon_core.shell:Creating package script '/home/syafihidayat/Documents/robot_ws/install/robotRos_pkg/share/robotRos_pkg/package.bash'
[0.920s] INFO:colcon.colcon_core.shell:Creating package script '/home/syafihidayat/Documents/robot_ws/install/robotRos_pkg/share/robotRos_pkg/package.zsh'
[0.920s] Level 1:colcon.colcon_core.environment:create_file_with_runtime_dependencies(/home/syafihidayat/Documents/robot_ws/install/robotRos_pkg/share/colcon-core/packages/robotRos_pkg)
[0.920s] DEBUG:colcon.colcon_parallel_executor.executor.parallel:closing loop
[0.921s] DEBUG:colcon.colcon_parallel_executor.executor.parallel:loop closed
[0.921s] DEBUG:colcon.colcon_parallel_executor.executor.parallel:run_until_complete finished with '0'
[0.921s] DEBUG:colcon.colcon_core.event_reactor:joining thread
[0.931s] INFO:colcon.colcon_core.plugin_system:Skipping extension 'colcon_notification.desktop_notification.terminal_notifier': Not used on non-Darwin systems
[0.931s] INFO:colcon.colcon_core.plugin_system:Skipping extension 'colcon_notification.desktop_notification.win32': Not used on non-Windows systems
[0.931s] INFO:colcon.colcon_notification.desktop_notification:Sending desktop notification using 'notify2'
[0.944s] DEBUG:colcon.colcon_core.event_reactor:joined thread
[0.945s] INFO:colcon.colcon_core.shell:Creating prefix script '/home/syafihidayat/Documents/robot_ws/install/local_setup.ps1'
[0.946s] INFO:colcon.colcon_core.shell:Creating prefix util module '/home/syafihidayat/Documents/robot_ws/install/_local_setup_util_ps1.py'
[0.948s] INFO:colcon.colcon_core.shell:Creating prefix chain script '/home/syafihidayat/Documents/robot_ws/install/setup.ps1'
[0.949s] INFO:colcon.colcon_core.shell:Creating prefix script '/home/syafihidayat/Documents/robot_ws/install/local_setup.sh'
[0.950s] INFO:colcon.colcon_core.shell:Creating prefix util module '/home/syafihidayat/Documents/robot_ws/install/_local_setup_util_sh.py'
[0.950s] INFO:colcon.colcon_core.shell:Creating prefix chain script '/home/syafihidayat/Documents/robot_ws/install/setup.sh'
[0.951s] INFO:colcon.colcon_core.shell:Creating prefix script '/home/syafihidayat/Documents/robot_ws/install/local_setup.bash'
[0.952s] INFO:colcon.colcon_core.shell:Creating prefix chain script '/home/syafihidayat/Documents/robot_ws/install/setup.bash'
[0.953s] INFO:colcon.colcon_core.shell:Creating prefix script '/home/syafihidayat/Documents/robot_ws/install/local_setup.zsh'
[0.953s] INFO:colcon.colcon_core.shell:Creating prefix chain script '/home/syafihidayat/Documents/robot_ws/install/setup.zsh'
