[0.020s] Invoking command in '/home/syafihidayat/Documents/robot_ws/build/linorobot2_bringup': CMAKE_PREFIX_PATH=${CMAKE_PREFIX_PATH}:/opt/ros/humble /usr/bin/cmake --build /home/syafihidayat/Documents/robot_ws/build/linorobot2_bringup -- -j16 -l16
[0.078s] Invoked command in '/home/syafihidayat/Documents/robot_ws/build/linorobot2_bringup' returned '0': CMAKE_PREFIX_PATH=${CMAKE_PREFIX_PATH}:/opt/ros/humble /usr/bin/cmake --build /home/syafihidayat/Documents/robot_ws/build/linorobot2_bringup -- -j16 -l16
[0.080s] Invoking command in '/home/syafihidayat/Documents/robot_ws/build/linorobot2_bringup': CMAKE_PREFIX_PATH=${CMAKE_PREFIX_PATH}:/opt/ros/humble /usr/bin/cmake --install /home/syafihidayat/Documents/robot_ws/build/linorobot2_bringup
[0.089s] -- Install configuration: ""
[0.089s] -- Up-to-date: /home/syafihidayat/Documents/robot_ws/install/linorobot2_bringup/share/linorobot2_bringup/launch
[0.089s] -- Up-to-date: /home/syafihidayat/Documents/robot_ws/install/linorobot2_bringup/share/linorobot2_bringup/launch/lasers.launch.py
[0.089s] -- Up-to-date: /home/syafihidayat/Documents/robot_ws/install/linorobot2_bringup/share/linorobot2_bringup/launch/default_robot.launch.py
[0.089s] -- Up-to-date: /home/syafihidayat/Documents/robot_ws/install/linorobot2_bringup/share/linorobot2_bringup/launch/bringup_launch.py
[0.089s] -- Up-to-date: /home/syafihidayat/Documents/robot_ws/install/linorobot2_bringup/share/linorobot2_bringup/launch/depth.launch.py
[0.089s] -- Up-to-date: /home/syafihidayat/Documents/robot_ws/install/linorobot2_bringup/share/linorobot2_bringup/launch/extra_launch.py
[0.089s] -- Up-to-date: /home/syafihidayat/Documents/robot_ws/install/linorobot2_bringup/share/linorobot2_bringup/launch/custom_robot.launch.py
[0.090s] -- Up-to-date: /home/syafihidayat/Documents/robot_ws/install/linorobot2_bringup/share/linorobot2_bringup/launch/sensors.launch.py
[0.090s] -- Up-to-date: /home/syafihidayat/Documents/robot_ws/install/linorobot2_bringup/share/linorobot2_bringup/launch/joy_teleop.launch.py
[0.090s] -- Up-to-date: /home/syafihidayat/Documents/robot_ws/install/linorobot2_bringup/share/linorobot2_bringup/config
[0.090s] -- Up-to-date: /home/syafihidayat/Documents/robot_ws/install/linorobot2_bringup/share/linorobot2_bringup/config/twist_mux.yaml
[0.090s] -- Up-to-date: /home/syafihidayat/Documents/robot_ws/install/linorobot2_bringup/share/linorobot2_bringup/config/zed_common.yaml
[0.090s] -- Up-to-date: /home/syafihidayat/Documents/robot_ws/install/linorobot2_bringup/share/linorobot2_bringup/config/box_laser_filter.yaml
[0.090s] -- Up-to-date: /home/syafihidayat/Documents/robot_ws/install/linorobot2_bringup/share/linorobot2_bringup/config/fake_laser.yaml
[0.091s] -- Up-to-date: /home/syafihidayat/Documents/robot_ws/install/linorobot2_bringup/share/linorobot2_bringup/config/ekf.yaml
[0.091s] -- Up-to-date: /home/syafihidayat/Documents/robot_ws/install/linorobot2_bringup/share/linorobot2_bringup/config/joy.yaml
[0.091s] -- Up-to-date: /home/syafihidayat/Documents/robot_ws/install/linorobot2_bringup/share/ament_index/resource_index/package_run_dependencies/linorobot2_bringup
[0.091s] -- Up-to-date: /home/syafihidayat/Documents/robot_ws/install/linorobot2_bringup/share/ament_index/resource_index/parent_prefix_path/linorobot2_bringup
[0.091s] -- Up-to-date: /home/syafihidayat/Documents/robot_ws/install/linorobot2_bringup/share/linorobot2_bringup/environment/ament_prefix_path.sh
[0.092s] -- Up-to-date: /home/syafihidayat/Documents/robot_ws/install/linorobot2_bringup/share/linorobot2_bringup/environment/ament_prefix_path.dsv
[0.092s] -- Up-to-date: /home/syafihidayat/Documents/robot_ws/install/linorobot2_bringup/share/linorobot2_bringup/environment/path.sh
[0.092s] -- Up-to-date: /home/syafihidayat/Documents/robot_ws/install/linorobot2_bringup/share/linorobot2_bringup/environment/path.dsv
[0.092s] -- Up-to-date: /home/syafihidayat/Documents/robot_ws/install/linorobot2_bringup/share/linorobot2_bringup/local_setup.bash
[0.092s] -- Up-to-date: /home/syafihidayat/Documents/robot_ws/install/linorobot2_bringup/share/linorobot2_bringup/local_setup.sh
[0.092s] -- Up-to-date: /home/syafihidayat/Documents/robot_ws/install/linorobot2_bringup/share/linorobot2_bringup/local_setup.zsh
[0.092s] -- Up-to-date: /home/syafihidayat/Documents/robot_ws/install/linorobot2_bringup/share/linorobot2_bringup/local_setup.dsv
[0.092s] -- Installing: /home/syafihidayat/Documents/robot_ws/install/linorobot2_bringup/share/linorobot2_bringup/package.dsv
[0.092s] -- Up-to-date: /home/syafihidayat/Documents/robot_ws/install/linorobot2_bringup/share/ament_index/resource_index/packages/linorobot2_bringup
[0.092s] -- Up-to-date: /home/syafihidayat/Documents/robot_ws/install/linorobot2_bringup/share/linorobot2_bringup/cmake/linorobot2_bringupConfig.cmake
[0.092s] -- Up-to-date: /home/syafihidayat/Documents/robot_ws/install/linorobot2_bringup/share/linorobot2_bringup/cmake/linorobot2_bringupConfig-version.cmake
[0.093s] -- Up-to-date: /home/syafihidayat/Documents/robot_ws/install/linorobot2_bringup/share/linorobot2_bringup/package.xml
[0.113s] Invoked command in '/home/syafihidayat/Documents/robot_ws/build/linorobot2_bringup' returned '0': CMAKE_PREFIX_PATH=${CMAKE_PREFIX_PATH}:/opt/ros/humble /usr/bin/cmake --install /home/syafihidayat/Documents/robot_ws/build/linorobot2_bringup
