[0.092s] DEBUG:colcon:Command line arguments: ['/usr/bin/colcon', 'build']
[0.092s] DEBUG:colcon:Parsed command line arguments: Namespace(log_base=None, log_level=None, verb_name='build', build_base='build', install_base='install', merge_install=False, symlink_install=False, test_result_base=None, continue_on_error=False, executor='parallel', parallel_workers=16, event_handlers=None, ignore_user_meta=False, metas=['./colcon.meta'], base_paths=['.'], packages_ignore=None, packages_ignore_regex=None, paths=None, packages_up_to=None, packages_up_to_regex=None, packages_above=None, packages_above_and_dependencies=None, packages_above_depth=None, packages_select_by_dep=None, packages_skip_by_dep=None, packages_skip_up_to=None, packages_select_build_failed=False, packages_skip_build_finished=False, packages_select_test_failures=False, packages_skip_test_passed=False, packages_select=None, packages_skip=None, packages_select_regex=None, packages_skip_regex=None, packages_start=None, packages_end=None, allow_overriding=[], cmake_args=None, cmake_target=None, cmake_target_skip_unavailable=False, cmake_clean_cache=False, cmake_clean_first=False, cmake_force_configure=False, ament_cmake_args=None, catkin_cmake_args=None, catkin_skip_building_tests=False, verb_parser=<colcon_defaults.argument_parser.defaults.DefaultArgumentsDecorator object at 0x79f807778910>, verb_extension=<colcon_core.verb.build.BuildVerb object at 0x79f807778340>, main=<bound method BuildVerb.main of <colcon_core.verb.build.BuildVerb object at 0x79f807778340>>)
[0.230s] Level 1:colcon.colcon_core.package_discovery:discover_packages(colcon_meta) check parameters
[0.230s] Level 1:colcon.colcon_core.package_discovery:discover_packages(recursive) check parameters
[0.230s] Level 1:colcon.colcon_core.package_discovery:discover_packages(ignore) check parameters
[0.230s] Level 1:colcon.colcon_core.package_discovery:discover_packages(path) check parameters
[0.230s] Level 1:colcon.colcon_core.package_discovery:discover_packages(colcon_meta) discover
[0.230s] Level 1:colcon.colcon_core.package_discovery:discover_packages(recursive) discover
[0.230s] INFO:colcon.colcon_core.package_discovery:Crawling recursively for packages in '/home/syafihidayat/Documents/robot_ws'
[0.230s] Level 1:colcon.colcon_core.package_identification:_identify(.) by extensions ['ignore', 'ignore_ament_install']
[0.230s] Level 1:colcon.colcon_core.package_identification:_identify(.) by extension 'ignore'
[0.231s] Level 1:colcon.colcon_core.package_identification:_identify(.) by extension 'ignore_ament_install'
[0.231s] Level 1:colcon.colcon_core.package_identification:_identify(.) by extensions ['colcon_pkg']
[0.231s] Level 1:colcon.colcon_core.package_identification:_identify(.) by extension 'colcon_pkg'
[0.231s] Level 1:colcon.colcon_core.package_identification:_identify(.) by extensions ['colcon_meta']
[0.231s] Level 1:colcon.colcon_core.package_identification:_identify(.) by extension 'colcon_meta'
[0.231s] Level 1:colcon.colcon_core.package_identification:_identify(.) by extensions ['ros']
[0.231s] Level 1:colcon.colcon_core.package_identification:_identify(.) by extension 'ros'
[0.240s] Level 1:colcon.colcon_core.package_identification:_identify(.) by extensions ['cmake', 'python']
[0.240s] Level 1:colcon.colcon_core.package_identification:_identify(.) by extension 'cmake'
[0.240s] Level 1:colcon.colcon_core.package_identification:_identify(.) by extension 'python'
[0.240s] Level 1:colcon.colcon_core.package_identification:_identify(.) by extensions ['python_setup_py']
[0.240s] Level 1:colcon.colcon_core.package_identification:_identify(.) by extension 'python_setup_py'
[0.240s] Level 1:colcon.colcon_core.package_identification:_identify(build) by extensions ['ignore', 'ignore_ament_install']
[0.240s] Level 1:colcon.colcon_core.package_identification:_identify(build) by extension 'ignore'
[0.240s] Level 1:colcon.colcon_core.package_identification:_identify(build) ignored
[0.240s] Level 1:colcon.colcon_core.package_identification:_identify(install) by extensions ['ignore', 'ignore_ament_install']
[0.241s] Level 1:colcon.colcon_core.package_identification:_identify(install) by extension 'ignore'
[0.241s] Level 1:colcon.colcon_core.package_identification:_identify(install) ignored
[0.241s] Level 1:colcon.colcon_core.package_identification:_identify(log) by extensions ['ignore', 'ignore_ament_install']
[0.241s] Level 1:colcon.colcon_core.package_identification:_identify(log) by extension 'ignore'
[0.241s] Level 1:colcon.colcon_core.package_identification:_identify(log) ignored
[0.241s] Level 1:colcon.colcon_core.package_identification:_identify(src) by extensions ['ignore', 'ignore_ament_install']
[0.241s] Level 1:colcon.colcon_core.package_identification:_identify(src) by extension 'ignore'
[0.241s] Level 1:colcon.colcon_core.package_identification:_identify(src) by extension 'ignore_ament_install'
[0.241s] Level 1:colcon.colcon_core.package_identification:_identify(src) by extensions ['colcon_pkg']
[0.241s] Level 1:colcon.colcon_core.package_identification:_identify(src) by extension 'colcon_pkg'
[0.241s] Level 1:colcon.colcon_core.package_identification:_identify(src) by extensions ['colcon_meta']
[0.241s] Level 1:colcon.colcon_core.package_identification:_identify(src) by extension 'colcon_meta'
[0.241s] Level 1:colcon.colcon_core.package_identification:_identify(src) by extensions ['ros']
[0.241s] Level 1:colcon.colcon_core.package_identification:_identify(src) by extension 'ros'
[0.241s] Level 1:colcon.colcon_core.package_identification:_identify(src) by extensions ['cmake', 'python']
[0.241s] Level 1:colcon.colcon_core.package_identification:_identify(src) by extension 'cmake'
[0.241s] Level 1:colcon.colcon_core.package_identification:_identify(src) by extension 'python'
[0.241s] Level 1:colcon.colcon_core.package_identification:_identify(src) by extensions ['python_setup_py']
[0.241s] Level 1:colcon.colcon_core.package_identification:_identify(src) by extension 'python_setup_py'
[0.241s] Level 1:colcon.colcon_core.package_identification:_identify(src/build) by extensions ['ignore', 'ignore_ament_install']
[0.241s] Level 1:colcon.colcon_core.package_identification:_identify(src/build) by extension 'ignore'
[0.241s] Level 1:colcon.colcon_core.package_identification:_identify(src/build) ignored
[0.242s] Level 1:colcon.colcon_core.package_identification:_identify(src/install) by extensions ['ignore', 'ignore_ament_install']
[0.242s] Level 1:colcon.colcon_core.package_identification:_identify(src/install) by extension 'ignore'
[0.242s] Level 1:colcon.colcon_core.package_identification:_identify(src/install) ignored
[0.242s] Level 1:colcon.colcon_core.package_identification:_identify(src/lbringup) by extensions ['ignore', 'ignore_ament_install']
[0.242s] Level 1:colcon.colcon_core.package_identification:_identify(src/lbringup) by extension 'ignore'
[0.242s] Level 1:colcon.colcon_core.package_identification:_identify(src/lbringup) by extension 'ignore_ament_install'
[0.242s] Level 1:colcon.colcon_core.package_identification:_identify(src/lbringup) by extensions ['colcon_pkg']
[0.242s] Level 1:colcon.colcon_core.package_identification:_identify(src/lbringup) by extension 'colcon_pkg'
[0.242s] Level 1:colcon.colcon_core.package_identification:_identify(src/lbringup) by extensions ['colcon_meta']
[0.242s] Level 1:colcon.colcon_core.package_identification:_identify(src/lbringup) by extension 'colcon_meta'
[0.242s] Level 1:colcon.colcon_core.package_identification:_identify(src/lbringup) by extensions ['ros']
[0.242s] Level 1:colcon.colcon_core.package_identification:_identify(src/lbringup) by extension 'ros'
[0.244s] DEBUG:colcon.colcon_core.package_identification:Package 'src/lbringup' with type 'ros.ament_cmake' and name 'lbringup'
[0.244s] Level 1:colcon.colcon_core.package_identification:_identify(src/log) by extensions ['ignore', 'ignore_ament_install']
[0.244s] Level 1:colcon.colcon_core.package_identification:_identify(src/log) by extension 'ignore'
[0.244s] Level 1:colcon.colcon_core.package_identification:_identify(src/log) ignored
[0.245s] Level 1:colcon.colcon_core.package_identification:_identify(src/robotRos_pkg) by extensions ['ignore', 'ignore_ament_install']
[0.245s] Level 1:colcon.colcon_core.package_identification:_identify(src/robotRos_pkg) by extension 'ignore'
[0.245s] Level 1:colcon.colcon_core.package_identification:_identify(src/robotRos_pkg) by extension 'ignore_ament_install'
[0.245s] Level 1:colcon.colcon_core.package_identification:_identify(src/robotRos_pkg) by extensions ['colcon_pkg']
[0.245s] Level 1:colcon.colcon_core.package_identification:_identify(src/robotRos_pkg) by extension 'colcon_pkg'
[0.245s] Level 1:colcon.colcon_core.package_identification:_identify(src/robotRos_pkg) by extensions ['colcon_meta']
[0.245s] Level 1:colcon.colcon_core.package_identification:_identify(src/robotRos_pkg) by extension 'colcon_meta'
[0.245s] Level 1:colcon.colcon_core.package_identification:_identify(src/robotRos_pkg) by extensions ['ros']
[0.245s] Level 1:colcon.colcon_core.package_identification:_identify(src/robotRos_pkg) by extension 'ros'
[0.245s] DEBUG:colcon.colcon_core.package_identification:Package 'src/robotRos_pkg' with type 'ros.ament_cmake' and name 'robotRos_pkg'
[0.245s] Level 1:colcon.colcon_core.package_identification:_identify(src/robot_navigation) by extensions ['ignore', 'ignore_ament_install']
[0.246s] Level 1:colcon.colcon_core.package_identification:_identify(src/robot_navigation) by extension 'ignore'
[0.246s] Level 1:colcon.colcon_core.package_identification:_identify(src/robot_navigation) by extension 'ignore_ament_install'
[0.246s] Level 1:colcon.colcon_core.package_identification:_identify(src/robot_navigation) by extensions ['colcon_pkg']
[0.246s] Level 1:colcon.colcon_core.package_identification:_identify(src/robot_navigation) by extension 'colcon_pkg'
[0.246s] Level 1:colcon.colcon_core.package_identification:_identify(src/robot_navigation) by extensions ['colcon_meta']
[0.246s] Level 1:colcon.colcon_core.package_identification:_identify(src/robot_navigation) by extension 'colcon_meta'
[0.246s] Level 1:colcon.colcon_core.package_identification:_identify(src/robot_navigation) by extensions ['ros']
[0.246s] Level 1:colcon.colcon_core.package_identification:_identify(src/robot_navigation) by extension 'ros'
[0.246s] DEBUG:colcon.colcon_core.package_identification:Package 'src/robot_navigation' with type 'ros.ament_cmake' and name 'robot_navigation'
[0.246s] Level 1:colcon.colcon_core.package_identification:_identify(src/robot_pose) by extensions ['ignore', 'ignore_ament_install']
[0.246s] Level 1:colcon.colcon_core.package_identification:_identify(src/robot_pose) by extension 'ignore'
[0.246s] Level 1:colcon.colcon_core.package_identification:_identify(src/robot_pose) by extension 'ignore_ament_install'
[0.246s] Level 1:colcon.colcon_core.package_identification:_identify(src/robot_pose) by extensions ['colcon_pkg']
[0.247s] Level 1:colcon.colcon_core.package_identification:_identify(src/robot_pose) by extension 'colcon_pkg'
[0.247s] Level 1:colcon.colcon_core.package_identification:_identify(src/robot_pose) by extensions ['colcon_meta']
[0.247s] Level 1:colcon.colcon_core.package_identification:_identify(src/robot_pose) by extension 'colcon_meta'
[0.247s] Level 1:colcon.colcon_core.package_identification:_identify(src/robot_pose) by extensions ['ros']
[0.247s] Level 1:colcon.colcon_core.package_identification:_identify(src/robot_pose) by extension 'ros'
[0.247s] DEBUG:colcon.colcon_core.package_identification:Package 'src/robot_pose' with type 'ros.ament_cmake' and name 'robot_pose'
[0.247s] Level 1:colcon.colcon_core.package_discovery:discover_packages(recursive) using defaults
[0.247s] Level 1:colcon.colcon_core.package_discovery:discover_packages(ignore) discover
[0.247s] Level 1:colcon.colcon_core.package_discovery:discover_packages(ignore) using defaults
[0.247s] Level 1:colcon.colcon_core.package_discovery:discover_packages(path) discover
[0.247s] Level 1:colcon.colcon_core.package_discovery:discover_packages(path) using defaults
[0.292s] Level 1:colcon.colcon_core.package_discovery:discover_packages(prefix_path) check parameters
[0.293s] Level 1:colcon.colcon_core.package_discovery:discover_packages(prefix_path) discover
[0.294s] DEBUG:colcon.colcon_installed_package_information.package_discovery:Found 5 installed packages in /home/syafihidayat/Documents/robot_ws/install
[0.295s] DEBUG:colcon.colcon_installed_package_information.package_discovery:Found 3 installed packages in /home/syafihidayat/microros_ws/install
[0.296s] DEBUG:colcon.colcon_installed_package_information.package_discovery:Found 360 installed packages in /opt/ros/humble
[0.297s] Level 1:colcon.colcon_core.package_discovery:discover_packages(prefix_path) using defaults
[0.336s] Level 5:colcon.colcon_core.verb:set package 'lbringup' build argument 'cmake_args' from command line to 'None'
[0.336s] Level 5:colcon.colcon_core.verb:set package 'lbringup' build argument 'cmake_target' from command line to 'None'
[0.336s] Level 5:colcon.colcon_core.verb:set package 'lbringup' build argument 'cmake_target_skip_unavailable' from command line to 'False'
[0.336s] Level 5:colcon.colcon_core.verb:set package 'lbringup' build argument 'cmake_clean_cache' from command line to 'False'
[0.336s] Level 5:colcon.colcon_core.verb:set package 'lbringup' build argument 'cmake_clean_first' from command line to 'False'
[0.336s] Level 5:colcon.colcon_core.verb:set package 'lbringup' build argument 'cmake_force_configure' from command line to 'False'
[0.336s] Level 5:colcon.colcon_core.verb:set package 'lbringup' build argument 'ament_cmake_args' from command line to 'None'
[0.336s] Level 5:colcon.colcon_core.verb:set package 'lbringup' build argument 'catkin_cmake_args' from command line to 'None'
[0.336s] Level 5:colcon.colcon_core.verb:set package 'lbringup' build argument 'catkin_skip_building_tests' from command line to 'False'
[0.336s] DEBUG:colcon.colcon_core.verb:Building package 'lbringup' with the following arguments: {'ament_cmake_args': None, 'build_base': '/home/syafihidayat/Documents/robot_ws/build/lbringup', 'catkin_cmake_args': None, 'catkin_skip_building_tests': False, 'cmake_args': None, 'cmake_clean_cache': False, 'cmake_clean_first': False, 'cmake_force_configure': False, 'cmake_target': None, 'cmake_target_skip_unavailable': False, 'install_base': '/home/syafihidayat/Documents/robot_ws/install/lbringup', 'merge_install': False, 'path': '/home/syafihidayat/Documents/robot_ws/src/lbringup', 'symlink_install': False, 'test_result_base': None}
[0.336s] Level 5:colcon.colcon_core.verb:set package 'robotRos_pkg' build argument 'cmake_args' from command line to 'None'
[0.336s] Level 5:colcon.colcon_core.verb:set package 'robotRos_pkg' build argument 'cmake_target' from command line to 'None'
[0.336s] Level 5:colcon.colcon_core.verb:set package 'robotRos_pkg' build argument 'cmake_target_skip_unavailable' from command line to 'False'
[0.336s] Level 5:colcon.colcon_core.verb:set package 'robotRos_pkg' build argument 'cmake_clean_cache' from command line to 'False'
[0.336s] Level 5:colcon.colcon_core.verb:set package 'robotRos_pkg' build argument 'cmake_clean_first' from command line to 'False'
[0.336s] Level 5:colcon.colcon_core.verb:set package 'robotRos_pkg' build argument 'cmake_force_configure' from command line to 'False'
[0.336s] Level 5:colcon.colcon_core.verb:set package 'robotRos_pkg' build argument 'ament_cmake_args' from command line to 'None'
[0.336s] Level 5:colcon.colcon_core.verb:set package 'robotRos_pkg' build argument 'catkin_cmake_args' from command line to 'None'
[0.336s] Level 5:colcon.colcon_core.verb:set package 'robotRos_pkg' build argument 'catkin_skip_building_tests' from command line to 'False'
[0.336s] DEBUG:colcon.colcon_core.verb:Building package 'robotRos_pkg' with the following arguments: {'ament_cmake_args': None, 'build_base': '/home/syafihidayat/Documents/robot_ws/build/robotRos_pkg', 'catkin_cmake_args': None, 'catkin_skip_building_tests': False, 'cmake_args': None, 'cmake_clean_cache': False, 'cmake_clean_first': False, 'cmake_force_configure': False, 'cmake_target': None, 'cmake_target_skip_unavailable': False, 'install_base': '/home/syafihidayat/Documents/robot_ws/install/robotRos_pkg', 'merge_install': False, 'path': '/home/syafihidayat/Documents/robot_ws/src/robotRos_pkg', 'symlink_install': False, 'test_result_base': None}
[0.337s] Level 5:colcon.colcon_core.verb:set package 'robot_navigation' build argument 'cmake_args' from command line to 'None'
[0.337s] Level 5:colcon.colcon_core.verb:set package 'robot_navigation' build argument 'cmake_target' from command line to 'None'
[0.337s] Level 5:colcon.colcon_core.verb:set package 'robot_navigation' build argument 'cmake_target_skip_unavailable' from command line to 'False'
[0.337s] Level 5:colcon.colcon_core.verb:set package 'robot_navigation' build argument 'cmake_clean_cache' from command line to 'False'
[0.337s] Level 5:colcon.colcon_core.verb:set package 'robot_navigation' build argument 'cmake_clean_first' from command line to 'False'
[0.337s] Level 5:colcon.colcon_core.verb:set package 'robot_navigation' build argument 'cmake_force_configure' from command line to 'False'
[0.337s] Level 5:colcon.colcon_core.verb:set package 'robot_navigation' build argument 'ament_cmake_args' from command line to 'None'
[0.337s] Level 5:colcon.colcon_core.verb:set package 'robot_navigation' build argument 'catkin_cmake_args' from command line to 'None'
[0.337s] Level 5:colcon.colcon_core.verb:set package 'robot_navigation' build argument 'catkin_skip_building_tests' from command line to 'False'
[0.337s] DEBUG:colcon.colcon_core.verb:Building package 'robot_navigation' with the following arguments: {'ament_cmake_args': None, 'build_base': '/home/syafihidayat/Documents/robot_ws/build/robot_navigation', 'catkin_cmake_args': None, 'catkin_skip_building_tests': False, 'cmake_args': None, 'cmake_clean_cache': False, 'cmake_clean_first': False, 'cmake_force_configure': False, 'cmake_target': None, 'cmake_target_skip_unavailable': False, 'install_base': '/home/syafihidayat/Documents/robot_ws/install/robot_navigation', 'merge_install': False, 'path': '/home/syafihidayat/Documents/robot_ws/src/robot_navigation', 'symlink_install': False, 'test_result_base': None}
[0.337s] Level 5:colcon.colcon_core.verb:set package 'robot_pose' build argument 'cmake_args' from command line to 'None'
[0.337s] Level 5:colcon.colcon_core.verb:set package 'robot_pose' build argument 'cmake_target' from command line to 'None'
[0.337s] Level 5:colcon.colcon_core.verb:set package 'robot_pose' build argument 'cmake_target_skip_unavailable' from command line to 'False'
[0.337s] Level 5:colcon.colcon_core.verb:set package 'robot_pose' build argument 'cmake_clean_cache' from command line to 'False'
[0.337s] Level 5:colcon.colcon_core.verb:set package 'robot_pose' build argument 'cmake_clean_first' from command line to 'False'
[0.337s] Level 5:colcon.colcon_core.verb:set package 'robot_pose' build argument 'cmake_force_configure' from command line to 'False'
[0.337s] Level 5:colcon.colcon_core.verb:set package 'robot_pose' build argument 'ament_cmake_args' from command line to 'None'
[0.337s] Level 5:colcon.colcon_core.verb:set package 'robot_pose' build argument 'catkin_cmake_args' from command line to 'None'
[0.337s] Level 5:colcon.colcon_core.verb:set package 'robot_pose' build argument 'catkin_skip_building_tests' from command line to 'False'
[0.337s] DEBUG:colcon.colcon_core.verb:Building package 'robot_pose' with the following arguments: {'ament_cmake_args': None, 'build_base': '/home/syafihidayat/Documents/robot_ws/build/robot_pose', 'catkin_cmake_args': None, 'catkin_skip_building_tests': False, 'cmake_args': None, 'cmake_clean_cache': False, 'cmake_clean_first': False, 'cmake_force_configure': False, 'cmake_target': None, 'cmake_target_skip_unavailable': False, 'install_base': '/home/syafihidayat/Documents/robot_ws/install/robot_pose', 'merge_install': False, 'path': '/home/syafihidayat/Documents/robot_ws/src/robot_pose', 'symlink_install': False, 'test_result_base': None}
[0.337s] INFO:colcon.colcon_core.executor:Executing jobs using 'parallel' executor
[0.339s] DEBUG:colcon.colcon_parallel_executor.executor.parallel:run_until_complete
[0.339s] INFO:colcon.colcon_ros.task.ament_cmake.build:Building ROS package in '/home/syafihidayat/Documents/robot_ws/src/lbringup' with build type 'ament_cmake'
[0.339s] INFO:colcon.colcon_cmake.task.cmake.build:Building CMake package in '/home/syafihidayat/Documents/robot_ws/src/lbringup'
[0.342s] INFO:colcon.colcon_core.plugin_system:Skipping extension 'colcon_core.shell.bat': Not used on non-Windows systems
[0.342s] INFO:colcon.colcon_core.shell:Skip shell extension 'powershell' for command environment: Not usable outside of PowerShell
[0.342s] DEBUG:colcon.colcon_core.shell:Skip shell extension 'dsv' for command environment
[0.347s] INFO:colcon.colcon_ros.task.ament_cmake.build:Building ROS package in '/home/syafihidayat/Documents/robot_ws/src/robotRos_pkg' with build type 'ament_cmake'
[0.347s] INFO:colcon.colcon_cmake.task.cmake.build:Building CMake package in '/home/syafihidayat/Documents/robot_ws/src/robotRos_pkg'
[0.348s] INFO:colcon.colcon_core.shell:Skip shell extension 'powershell' for command environment: Not usable outside of PowerShell
[0.348s] DEBUG:colcon.colcon_core.shell:Skip shell extension 'dsv' for command environment
[0.354s] INFO:colcon.colcon_ros.task.ament_cmake.build:Building ROS package in '/home/syafihidayat/Documents/robot_ws/src/robot_navigation' with build type 'ament_cmake'
[0.354s] INFO:colcon.colcon_cmake.task.cmake.build:Building CMake package in '/home/syafihidayat/Documents/robot_ws/src/robot_navigation'
[0.355s] INFO:colcon.colcon_core.shell:Skip shell extension 'powershell' for command environment: Not usable outside of PowerShell
[0.355s] DEBUG:colcon.colcon_core.shell:Skip shell extension 'dsv' for command environment
[0.360s] INFO:colcon.colcon_ros.task.ament_cmake.build:Building ROS package in '/home/syafihidayat/Documents/robot_ws/src/robot_pose' with build type 'ament_cmake'
[0.360s] INFO:colcon.colcon_cmake.task.cmake.build:Building CMake package in '/home/syafihidayat/Documents/robot_ws/src/robot_pose'
[0.360s] INFO:colcon.colcon_core.shell:Skip shell extension 'powershell' for command environment: Not usable outside of PowerShell
[0.360s] DEBUG:colcon.colcon_core.shell:Skip shell extension 'dsv' for command environment
[0.373s] DEBUG:colcon.colcon_core.event_handler.log_command:Invoking command in '/home/syafihidayat/Documents/robot_ws/build/lbringup': CMAKE_PREFIX_PATH=${CMAKE_PREFIX_PATH}:/opt/ros/humble /usr/bin/cmake --build /home/syafihidayat/Documents/robot_ws/build/lbringup -- -j16 -l16
[0.376s] DEBUG:colcon.colcon_core.event_handler.log_command:Invoking command in '/home/syafihidayat/Documents/robot_ws/build/robotRos_pkg': CMAKE_PREFIX_PATH=${CMAKE_PREFIX_PATH}:/opt/ros/humble /usr/bin/cmake --build /home/syafihidayat/Documents/robot_ws/build/robotRos_pkg -- -j16 -l16
[0.382s] DEBUG:colcon.colcon_core.event_handler.log_command:Invoking command in '/home/syafihidayat/Documents/robot_ws/build/robot_navigation': CMAKE_PREFIX_PATH=${CMAKE_PREFIX_PATH}:/opt/ros/humble /usr/bin/cmake --build /home/syafihidayat/Documents/robot_ws/build/robot_navigation -- -j16 -l16
[0.389s] DEBUG:colcon.colcon_core.event_handler.log_command:Invoking command in '/home/syafihidayat/Documents/robot_ws/build/robot_pose': CMAKE_PREFIX_PATH=${CMAKE_PREFIX_PATH}:/opt/ros/humble /usr/bin/cmake --build /home/syafihidayat/Documents/robot_ws/build/robot_pose -- -j16 -l16
[0.430s] DEBUG:colcon.colcon_core.event_handler.log_command:Invoked command in '/home/syafihidayat/Documents/robot_ws/build/lbringup' returned '0': CMAKE_PREFIX_PATH=${CMAKE_PREFIX_PATH}:/opt/ros/humble /usr/bin/cmake --build /home/syafihidayat/Documents/robot_ws/build/lbringup -- -j16 -l16
[0.443s] DEBUG:colcon.colcon_core.event_handler.log_command:Invoking command in '/home/syafihidayat/Documents/robot_ws/build/lbringup': CMAKE_PREFIX_PATH=${CMAKE_PREFIX_PATH}:/opt/ros/humble /usr/bin/cmake --install /home/syafihidayat/Documents/robot_ws/build/lbringup
[0.444s] DEBUG:colcon.colcon_core.event_handler.log_command:Invoked command in '/home/syafihidayat/Documents/robot_ws/build/robot_navigation' returned '0': CMAKE_PREFIX_PATH=${CMAKE_PREFIX_PATH}:/opt/ros/humble /usr/bin/cmake --build /home/syafihidayat/Documents/robot_ws/build/robot_navigation -- -j16 -l16
[0.446s] DEBUG:colcon.colcon_core.event_handler.log_command:Invoking command in '/home/syafihidayat/Documents/robot_ws/build/robot_navigation': CMAKE_PREFIX_PATH=${CMAKE_PREFIX_PATH}:/opt/ros/humble /usr/bin/cmake --install /home/syafihidayat/Documents/robot_ws/build/robot_navigation
[0.455s] Level 1:colcon.colcon_core.environment:create_environment_scripts_only(lbringup)
[0.456s] DEBUG:colcon.colcon_core.event_handler.log_command:Invoked command in '/home/syafihidayat/Documents/robot_ws/build/lbringup' returned '0': CMAKE_PREFIX_PATH=${CMAKE_PREFIX_PATH}:/opt/ros/humble /usr/bin/cmake --install /home/syafihidayat/Documents/robot_ws/build/lbringup
[0.460s] Level 1:colcon.colcon_core.environment:checking '/home/syafihidayat/Documents/robot_ws/install/lbringup' for CMake module files
[0.460s] Level 1:colcon.colcon_core.environment:checking '/home/syafihidayat/Documents/robot_ws/install/lbringup' for CMake config files
[0.460s] Level 1:colcon.colcon_core.shell:create_environment_hook('lbringup', 'cmake_prefix_path')
[0.460s] INFO:colcon.colcon_core.shell:Creating environment hook '/home/syafihidayat/Documents/robot_ws/install/lbringup/share/lbringup/hook/cmake_prefix_path.ps1'
[0.461s] INFO:colcon.colcon_core.shell:Creating environment descriptor '/home/syafihidayat/Documents/robot_ws/install/lbringup/share/lbringup/hook/cmake_prefix_path.dsv'
[0.461s] INFO:colcon.colcon_core.shell:Creating environment hook '/home/syafihidayat/Documents/robot_ws/install/lbringup/share/lbringup/hook/cmake_prefix_path.sh'
[0.462s] Level 1:colcon.colcon_core.environment:checking '/home/syafihidayat/Documents/robot_ws/install/lbringup/bin'
[0.462s] Level 1:colcon.colcon_core.environment:checking '/home/syafihidayat/Documents/robot_ws/install/lbringup/lib/pkgconfig/lbringup.pc'
[0.462s] Level 1:colcon.colcon_core.environment:checking '/home/syafihidayat/Documents/robot_ws/install/lbringup/lib/python3.10/site-packages'
[0.463s] Level 1:colcon.colcon_core.environment:checking '/home/syafihidayat/Documents/robot_ws/install/lbringup/bin'
[0.463s] INFO:colcon.colcon_core.shell:Creating package script '/home/syafihidayat/Documents/robot_ws/install/lbringup/share/lbringup/package.ps1'
[0.463s] INFO:colcon.colcon_core.shell:Creating package descriptor '/home/syafihidayat/Documents/robot_ws/install/lbringup/share/lbringup/package.dsv'
[0.464s] INFO:colcon.colcon_core.shell:Creating package script '/home/syafihidayat/Documents/robot_ws/install/lbringup/share/lbringup/package.sh'
[0.464s] INFO:colcon.colcon_core.shell:Creating package script '/home/syafihidayat/Documents/robot_ws/install/lbringup/share/lbringup/package.bash'
[0.465s] INFO:colcon.colcon_core.shell:Creating package script '/home/syafihidayat/Documents/robot_ws/install/lbringup/share/lbringup/package.zsh'
[0.466s] Level 1:colcon.colcon_core.environment:create_file_with_runtime_dependencies(/home/syafihidayat/Documents/robot_ws/install/lbringup/share/colcon-core/packages/lbringup)
[0.466s] Level 1:colcon.colcon_core.environment:create_environment_scripts_only(lbringup)
[0.466s] Level 1:colcon.colcon_core.environment:checking '/home/syafihidayat/Documents/robot_ws/install/lbringup' for CMake module files
[0.467s] Level 1:colcon.colcon_core.environment:checking '/home/syafihidayat/Documents/robot_ws/install/lbringup' for CMake config files
[0.467s] Level 1:colcon.colcon_core.shell:create_environment_hook('lbringup', 'cmake_prefix_path')
[0.467s] INFO:colcon.colcon_core.shell:Creating environment hook '/home/syafihidayat/Documents/robot_ws/install/lbringup/share/lbringup/hook/cmake_prefix_path.ps1'
[0.467s] INFO:colcon.colcon_core.shell:Creating environment descriptor '/home/syafihidayat/Documents/robot_ws/install/lbringup/share/lbringup/hook/cmake_prefix_path.dsv'
[0.467s] INFO:colcon.colcon_core.shell:Creating environment hook '/home/syafihidayat/Documents/robot_ws/install/lbringup/share/lbringup/hook/cmake_prefix_path.sh'
[0.468s] Level 1:colcon.colcon_core.environment:checking '/home/syafihidayat/Documents/robot_ws/install/lbringup/bin'
[0.468s] Level 1:colcon.colcon_core.environment:checking '/home/syafihidayat/Documents/robot_ws/install/lbringup/lib/pkgconfig/lbringup.pc'
[0.468s] Level 1:colcon.colcon_core.environment:checking '/home/syafihidayat/Documents/robot_ws/install/lbringup/lib/python3.10/site-packages'
[0.468s] Level 1:colcon.colcon_core.environment:checking '/home/syafihidayat/Documents/robot_ws/install/lbringup/bin'
[0.469s] INFO:colcon.colcon_core.shell:Creating package script '/home/syafihidayat/Documents/robot_ws/install/lbringup/share/lbringup/package.ps1'
[0.469s] INFO:colcon.colcon_core.shell:Creating package descriptor '/home/syafihidayat/Documents/robot_ws/install/lbringup/share/lbringup/package.dsv'
[0.470s] INFO:colcon.colcon_core.shell:Creating package script '/home/syafihidayat/Documents/robot_ws/install/lbringup/share/lbringup/package.sh'
[0.470s] INFO:colcon.colcon_core.shell:Creating package script '/home/syafihidayat/Documents/robot_ws/install/lbringup/share/lbringup/package.bash'
[0.471s] INFO:colcon.colcon_core.shell:Creating package script '/home/syafihidayat/Documents/robot_ws/install/lbringup/share/lbringup/package.zsh'
[0.471s] Level 1:colcon.colcon_core.environment:create_file_with_runtime_dependencies(/home/syafihidayat/Documents/robot_ws/install/lbringup/share/colcon-core/packages/lbringup)
[0.473s] Level 1:colcon.colcon_core.environment:create_environment_scripts_only(robot_navigation)
[0.473s] Level 1:colcon.colcon_core.environment:checking '/home/syafihidayat/Documents/robot_ws/install/robot_navigation' for CMake module files
[0.474s] DEBUG:colcon.colcon_core.event_handler.log_command:Invoked command in '/home/syafihidayat/Documents/robot_ws/build/robot_navigation' returned '0': CMAKE_PREFIX_PATH=${CMAKE_PREFIX_PATH}:/opt/ros/humble /usr/bin/cmake --install /home/syafihidayat/Documents/robot_ws/build/robot_navigation
[0.474s] Level 1:colcon.colcon_core.environment:checking '/home/syafihidayat/Documents/robot_ws/install/robot_navigation' for CMake config files
[0.474s] Level 1:colcon.colcon_core.shell:create_environment_hook('robot_navigation', 'cmake_prefix_path')
[0.475s] INFO:colcon.colcon_core.shell:Creating environment hook '/home/syafihidayat/Documents/robot_ws/install/robot_navigation/share/robot_navigation/hook/cmake_prefix_path.ps1'
[0.475s] INFO:colcon.colcon_core.shell:Creating environment descriptor '/home/syafihidayat/Documents/robot_ws/install/robot_navigation/share/robot_navigation/hook/cmake_prefix_path.dsv'
[0.475s] INFO:colcon.colcon_core.shell:Creating environment hook '/home/syafihidayat/Documents/robot_ws/install/robot_navigation/share/robot_navigation/hook/cmake_prefix_path.sh'
[0.476s] Level 1:colcon.colcon_core.environment:checking '/home/syafihidayat/Documents/robot_ws/install/robot_navigation/bin'
[0.476s] Level 1:colcon.colcon_core.environment:checking '/home/syafihidayat/Documents/robot_ws/install/robot_navigation/lib/pkgconfig/robot_navigation.pc'
[0.476s] Level 1:colcon.colcon_core.environment:checking '/home/syafihidayat/Documents/robot_ws/install/robot_navigation/lib/python3.10/site-packages'
[0.476s] Level 1:colcon.colcon_core.environment:checking '/home/syafihidayat/Documents/robot_ws/install/robot_navigation/bin'
[0.477s] INFO:colcon.colcon_core.shell:Creating package script '/home/syafihidayat/Documents/robot_ws/install/robot_navigation/share/robot_navigation/package.ps1'
[0.477s] INFO:colcon.colcon_core.shell:Creating package descriptor '/home/syafihidayat/Documents/robot_ws/install/robot_navigation/share/robot_navigation/package.dsv'
[0.477s] INFO:colcon.colcon_core.shell:Creating package script '/home/syafihidayat/Documents/robot_ws/install/robot_navigation/share/robot_navigation/package.sh'
[0.478s] INFO:colcon.colcon_core.shell:Creating package script '/home/syafihidayat/Documents/robot_ws/install/robot_navigation/share/robot_navigation/package.bash'
[0.478s] INFO:colcon.colcon_core.shell:Creating package script '/home/syafihidayat/Documents/robot_ws/install/robot_navigation/share/robot_navigation/package.zsh'
[0.478s] Level 1:colcon.colcon_core.environment:create_file_with_runtime_dependencies(/home/syafihidayat/Documents/robot_ws/install/robot_navigation/share/colcon-core/packages/robot_navigation)
[0.479s] Level 1:colcon.colcon_core.environment:create_environment_scripts_only(robot_navigation)
[0.479s] Level 1:colcon.colcon_core.environment:checking '/home/syafihidayat/Documents/robot_ws/install/robot_navigation' for CMake module files
[0.479s] Level 1:colcon.colcon_core.environment:checking '/home/syafihidayat/Documents/robot_ws/install/robot_navigation' for CMake config files
[0.479s] Level 1:colcon.colcon_core.shell:create_environment_hook('robot_navigation', 'cmake_prefix_path')
[0.479s] INFO:colcon.colcon_core.shell:Creating environment hook '/home/syafihidayat/Documents/robot_ws/install/robot_navigation/share/robot_navigation/hook/cmake_prefix_path.ps1'
[0.480s] INFO:colcon.colcon_core.shell:Creating environment descriptor '/home/syafihidayat/Documents/robot_ws/install/robot_navigation/share/robot_navigation/hook/cmake_prefix_path.dsv'
[0.480s] INFO:colcon.colcon_core.shell:Creating environment hook '/home/syafihidayat/Documents/robot_ws/install/robot_navigation/share/robot_navigation/hook/cmake_prefix_path.sh'
[0.481s] Level 1:colcon.colcon_core.environment:checking '/home/syafihidayat/Documents/robot_ws/install/robot_navigation/bin'
[0.481s] Level 1:colcon.colcon_core.environment:checking '/home/syafihidayat/Documents/robot_ws/install/robot_navigation/lib/pkgconfig/robot_navigation.pc'
[0.481s] Level 1:colcon.colcon_core.environment:checking '/home/syafihidayat/Documents/robot_ws/install/robot_navigation/lib/python3.10/site-packages'
[0.481s] Level 1:colcon.colcon_core.environment:checking '/home/syafihidayat/Documents/robot_ws/install/robot_navigation/bin'
[0.481s] INFO:colcon.colcon_core.shell:Creating package script '/home/syafihidayat/Documents/robot_ws/install/robot_navigation/share/robot_navigation/package.ps1'
[0.482s] INFO:colcon.colcon_core.shell:Creating package descriptor '/home/syafihidayat/Documents/robot_ws/install/robot_navigation/share/robot_navigation/package.dsv'
[0.482s] INFO:colcon.colcon_core.shell:Creating package script '/home/syafihidayat/Documents/robot_ws/install/robot_navigation/share/robot_navigation/package.sh'
[0.482s] INFO:colcon.colcon_core.shell:Creating package script '/home/syafihidayat/Documents/robot_ws/install/robot_navigation/share/robot_navigation/package.bash'
[0.483s] INFO:colcon.colcon_core.shell:Creating package script '/home/syafihidayat/Documents/robot_ws/install/robot_navigation/share/robot_navigation/package.zsh'
[0.483s] Level 1:colcon.colcon_core.environment:create_file_with_runtime_dependencies(/home/syafihidayat/Documents/robot_ws/install/robot_navigation/share/colcon-core/packages/robot_navigation)
[0.486s] DEBUG:colcon.colcon_core.event_handler.log_command:Invoked command in '/home/syafihidayat/Documents/robot_ws/build/robot_pose' returned '0': CMAKE_PREFIX_PATH=${CMAKE_PREFIX_PATH}:/opt/ros/humble /usr/bin/cmake --build /home/syafihidayat/Documents/robot_ws/build/robot_pose -- -j16 -l16
[0.487s] DEBUG:colcon.colcon_core.event_handler.log_command:Invoking command in '/home/syafihidayat/Documents/robot_ws/build/robot_pose': CMAKE_PREFIX_PATH=${CMAKE_PREFIX_PATH}:/opt/ros/humble /usr/bin/cmake --install /home/syafihidayat/Documents/robot_ws/build/robot_pose
[0.488s] DEBUG:colcon.colcon_core.event_handler.log_command:Invoked command in '/home/syafihidayat/Documents/robot_ws/build/robotRos_pkg' returned '0': CMAKE_PREFIX_PATH=${CMAKE_PREFIX_PATH}:/opt/ros/humble /usr/bin/cmake --build /home/syafihidayat/Documents/robot_ws/build/robotRos_pkg -- -j16 -l16
[0.490s] DEBUG:colcon.colcon_core.event_handler.log_command:Invoking command in '/home/syafihidayat/Documents/robot_ws/build/robotRos_pkg': CMAKE_PREFIX_PATH=${CMAKE_PREFIX_PATH}:/opt/ros/humble /usr/bin/cmake --install /home/syafihidayat/Documents/robot_ws/build/robotRos_pkg
[0.501s] Level 1:colcon.colcon_core.environment:create_environment_scripts_only(robot_pose)
[0.501s] Level 1:colcon.colcon_core.environment:checking '/home/syafihidayat/Documents/robot_ws/install/robot_pose' for CMake module files
[0.501s] DEBUG:colcon.colcon_core.event_handler.log_command:Invoked command in '/home/syafihidayat/Documents/robot_ws/build/robot_pose' returned '0': CMAKE_PREFIX_PATH=${CMAKE_PREFIX_PATH}:/opt/ros/humble /usr/bin/cmake --install /home/syafihidayat/Documents/robot_ws/build/robot_pose
[0.502s] Level 1:colcon.colcon_core.environment:checking '/home/syafihidayat/Documents/robot_ws/install/robot_pose' for CMake config files
[0.502s] Level 1:colcon.colcon_core.shell:create_environment_hook('robot_pose', 'cmake_prefix_path')
[0.503s] INFO:colcon.colcon_core.shell:Creating environment hook '/home/syafihidayat/Documents/robot_ws/install/robot_pose/share/robot_pose/hook/cmake_prefix_path.ps1'
[0.503s] INFO:colcon.colcon_core.shell:Creating environment descriptor '/home/syafihidayat/Documents/robot_ws/install/robot_pose/share/robot_pose/hook/cmake_prefix_path.dsv'
[0.504s] INFO:colcon.colcon_core.shell:Creating environment hook '/home/syafihidayat/Documents/robot_ws/install/robot_pose/share/robot_pose/hook/cmake_prefix_path.sh'
[0.504s] Level 1:colcon.colcon_core.environment:checking '/home/syafihidayat/Documents/robot_ws/install/robot_pose/lib'
[0.504s] Level 1:colcon.colcon_core.environment:checking '/home/syafihidayat/Documents/robot_ws/install/robot_pose/bin'
[0.504s] Level 1:colcon.colcon_core.environment:checking '/home/syafihidayat/Documents/robot_ws/install/robot_pose/lib/pkgconfig/robot_pose.pc'
[0.505s] Level 1:colcon.colcon_core.environment:checking '/home/syafihidayat/Documents/robot_ws/install/robot_pose/lib/python3.10/site-packages'
[0.505s] Level 1:colcon.colcon_core.environment:checking '/home/syafihidayat/Documents/robot_ws/install/robot_pose/bin'
[0.505s] INFO:colcon.colcon_core.shell:Creating package script '/home/syafihidayat/Documents/robot_ws/install/robot_pose/share/robot_pose/package.ps1'
[0.506s] INFO:colcon.colcon_core.shell:Creating package descriptor '/home/syafihidayat/Documents/robot_ws/install/robot_pose/share/robot_pose/package.dsv'
[0.506s] INFO:colcon.colcon_core.shell:Creating package script '/home/syafihidayat/Documents/robot_ws/install/robot_pose/share/robot_pose/package.sh'
[0.506s] INFO:colcon.colcon_core.shell:Creating package script '/home/syafihidayat/Documents/robot_ws/install/robot_pose/share/robot_pose/package.bash'
[0.506s] INFO:colcon.colcon_core.shell:Creating package script '/home/syafihidayat/Documents/robot_ws/install/robot_pose/share/robot_pose/package.zsh'
[0.507s] Level 1:colcon.colcon_core.environment:create_file_with_runtime_dependencies(/home/syafihidayat/Documents/robot_ws/install/robot_pose/share/colcon-core/packages/robot_pose)
[0.507s] Level 1:colcon.colcon_core.environment:create_environment_scripts_only(robot_pose)
[0.507s] Level 1:colcon.colcon_core.environment:checking '/home/syafihidayat/Documents/robot_ws/install/robot_pose' for CMake module files
[0.508s] Level 1:colcon.colcon_core.environment:checking '/home/syafihidayat/Documents/robot_ws/install/robot_pose' for CMake config files
[0.508s] Level 1:colcon.colcon_core.shell:create_environment_hook('robot_pose', 'cmake_prefix_path')
[0.508s] INFO:colcon.colcon_core.shell:Creating environment hook '/home/syafihidayat/Documents/robot_ws/install/robot_pose/share/robot_pose/hook/cmake_prefix_path.ps1'
[0.508s] INFO:colcon.colcon_core.shell:Creating environment descriptor '/home/syafihidayat/Documents/robot_ws/install/robot_pose/share/robot_pose/hook/cmake_prefix_path.dsv'
[0.508s] INFO:colcon.colcon_core.shell:Creating environment hook '/home/syafihidayat/Documents/robot_ws/install/robot_pose/share/robot_pose/hook/cmake_prefix_path.sh'
[0.509s] Level 1:colcon.colcon_core.environment:checking '/home/syafihidayat/Documents/robot_ws/install/robot_pose/lib'
[0.509s] Level 1:colcon.colcon_core.environment:checking '/home/syafihidayat/Documents/robot_ws/install/robot_pose/bin'
[0.509s] Level 1:colcon.colcon_core.environment:checking '/home/syafihidayat/Documents/robot_ws/install/robot_pose/lib/pkgconfig/robot_pose.pc'
[0.509s] Level 1:colcon.colcon_core.environment:checking '/home/syafihidayat/Documents/robot_ws/install/robot_pose/lib/python3.10/site-packages'
[0.509s] Level 1:colcon.colcon_core.environment:checking '/home/syafihidayat/Documents/robot_ws/install/robot_pose/bin'
[0.510s] INFO:colcon.colcon_core.shell:Creating package script '/home/syafihidayat/Documents/robot_ws/install/robot_pose/share/robot_pose/package.ps1'
[0.510s] INFO:colcon.colcon_core.shell:Creating package descriptor '/home/syafihidayat/Documents/robot_ws/install/robot_pose/share/robot_pose/package.dsv'
[0.510s] INFO:colcon.colcon_core.shell:Creating package script '/home/syafihidayat/Documents/robot_ws/install/robot_pose/share/robot_pose/package.sh'
[0.511s] INFO:colcon.colcon_core.shell:Creating package script '/home/syafihidayat/Documents/robot_ws/install/robot_pose/share/robot_pose/package.bash'
[0.511s] INFO:colcon.colcon_core.shell:Creating package script '/home/syafihidayat/Documents/robot_ws/install/robot_pose/share/robot_pose/package.zsh'
[0.511s] Level 1:colcon.colcon_core.environment:create_file_with_runtime_dependencies(/home/syafihidayat/Documents/robot_ws/install/robot_pose/share/colcon-core/packages/robot_pose)
[0.512s] Level 1:colcon.colcon_core.environment:create_environment_scripts_only(robotRos_pkg)
[0.513s] Level 1:colcon.colcon_core.environment:checking '/home/syafihidayat/Documents/robot_ws/install/robotRos_pkg' for CMake module files
[0.514s] DEBUG:colcon.colcon_core.event_handler.log_command:Invoked command in '/home/syafihidayat/Documents/robot_ws/build/robotRos_pkg' returned '0': CMAKE_PREFIX_PATH=${CMAKE_PREFIX_PATH}:/opt/ros/humble /usr/bin/cmake --install /home/syafihidayat/Documents/robot_ws/build/robotRos_pkg
[0.514s] Level 1:colcon.colcon_core.environment:checking '/home/syafihidayat/Documents/robot_ws/install/robotRos_pkg' for CMake config files
[0.515s] Level 1:colcon.colcon_core.shell:create_environment_hook('robotRos_pkg', 'cmake_prefix_path')
[0.515s] INFO:colcon.colcon_core.shell:Creating environment hook '/home/syafihidayat/Documents/robot_ws/install/robotRos_pkg/share/robotRos_pkg/hook/cmake_prefix_path.ps1'
[0.515s] INFO:colcon.colcon_core.shell:Creating environment descriptor '/home/syafihidayat/Documents/robot_ws/install/robotRos_pkg/share/robotRos_pkg/hook/cmake_prefix_path.dsv'
[0.516s] INFO:colcon.colcon_core.shell:Creating environment hook '/home/syafihidayat/Documents/robot_ws/install/robotRos_pkg/share/robotRos_pkg/hook/cmake_prefix_path.sh'
[0.516s] Level 1:colcon.colcon_core.environment:checking '/home/syafihidayat/Documents/robot_ws/install/robotRos_pkg/lib'
[0.516s] Level 1:colcon.colcon_core.environment:checking '/home/syafihidayat/Documents/robot_ws/install/robotRos_pkg/bin'
[0.516s] Level 1:colcon.colcon_core.environment:checking '/home/syafihidayat/Documents/robot_ws/install/robotRos_pkg/lib/pkgconfig/robotRos_pkg.pc'
[0.516s] Level 1:colcon.colcon_core.environment:checking '/home/syafihidayat/Documents/robot_ws/install/robotRos_pkg/lib/python3.10/site-packages'
[0.516s] Level 1:colcon.colcon_core.environment:checking '/home/syafihidayat/Documents/robot_ws/install/robotRos_pkg/bin'
[0.517s] INFO:colcon.colcon_core.shell:Creating package script '/home/syafihidayat/Documents/robot_ws/install/robotRos_pkg/share/robotRos_pkg/package.ps1'
[0.517s] INFO:colcon.colcon_core.shell:Creating package descriptor '/home/syafihidayat/Documents/robot_ws/install/robotRos_pkg/share/robotRos_pkg/package.dsv'
[0.517s] INFO:colcon.colcon_core.shell:Creating package script '/home/syafihidayat/Documents/robot_ws/install/robotRos_pkg/share/robotRos_pkg/package.sh'
[0.518s] INFO:colcon.colcon_core.shell:Creating package script '/home/syafihidayat/Documents/robot_ws/install/robotRos_pkg/share/robotRos_pkg/package.bash'
[0.518s] INFO:colcon.colcon_core.shell:Creating package script '/home/syafihidayat/Documents/robot_ws/install/robotRos_pkg/share/robotRos_pkg/package.zsh'
[0.518s] Level 1:colcon.colcon_core.environment:create_file_with_runtime_dependencies(/home/syafihidayat/Documents/robot_ws/install/robotRos_pkg/share/colcon-core/packages/robotRos_pkg)
[0.519s] Level 1:colcon.colcon_core.environment:create_environment_scripts_only(robotRos_pkg)
[0.519s] Level 1:colcon.colcon_core.environment:checking '/home/syafihidayat/Documents/robot_ws/install/robotRos_pkg' for CMake module files
[0.519s] Level 1:colcon.colcon_core.environment:checking '/home/syafihidayat/Documents/robot_ws/install/robotRos_pkg' for CMake config files
[0.519s] Level 1:colcon.colcon_core.shell:create_environment_hook('robotRos_pkg', 'cmake_prefix_path')
[0.520s] INFO:colcon.colcon_core.shell:Creating environment hook '/home/syafihidayat/Documents/robot_ws/install/robotRos_pkg/share/robotRos_pkg/hook/cmake_prefix_path.ps1'
[0.520s] INFO:colcon.colcon_core.shell:Creating environment descriptor '/home/syafihidayat/Documents/robot_ws/install/robotRos_pkg/share/robotRos_pkg/hook/cmake_prefix_path.dsv'
[0.520s] INFO:colcon.colcon_core.shell:Creating environment hook '/home/syafihidayat/Documents/robot_ws/install/robotRos_pkg/share/robotRos_pkg/hook/cmake_prefix_path.sh'
[0.521s] Level 1:colcon.colcon_core.environment:checking '/home/syafihidayat/Documents/robot_ws/install/robotRos_pkg/lib'
[0.521s] Level 1:colcon.colcon_core.environment:checking '/home/syafihidayat/Documents/robot_ws/install/robotRos_pkg/bin'
[0.521s] Level 1:colcon.colcon_core.environment:checking '/home/syafihidayat/Documents/robot_ws/install/robotRos_pkg/lib/pkgconfig/robotRos_pkg.pc'
[0.521s] Level 1:colcon.colcon_core.environment:checking '/home/syafihidayat/Documents/robot_ws/install/robotRos_pkg/lib/python3.10/site-packages'
[0.521s] Level 1:colcon.colcon_core.environment:checking '/home/syafihidayat/Documents/robot_ws/install/robotRos_pkg/bin'
[0.521s] INFO:colcon.colcon_core.shell:Creating package script '/home/syafihidayat/Documents/robot_ws/install/robotRos_pkg/share/robotRos_pkg/package.ps1'
[0.522s] INFO:colcon.colcon_core.shell:Creating package descriptor '/home/syafihidayat/Documents/robot_ws/install/robotRos_pkg/share/robotRos_pkg/package.dsv'
[0.522s] INFO:colcon.colcon_core.shell:Creating package script '/home/syafihidayat/Documents/robot_ws/install/robotRos_pkg/share/robotRos_pkg/package.sh'
[0.523s] INFO:colcon.colcon_core.shell:Creating package script '/home/syafihidayat/Documents/robot_ws/install/robotRos_pkg/share/robotRos_pkg/package.bash'
[0.523s] INFO:colcon.colcon_core.shell:Creating package script '/home/syafihidayat/Documents/robot_ws/install/robotRos_pkg/share/robotRos_pkg/package.zsh'
[0.523s] Level 1:colcon.colcon_core.environment:create_file_with_runtime_dependencies(/home/syafihidayat/Documents/robot_ws/install/robotRos_pkg/share/colcon-core/packages/robotRos_pkg)
[0.523s] DEBUG:colcon.colcon_parallel_executor.executor.parallel:closing loop
[0.524s] DEBUG:colcon.colcon_parallel_executor.executor.parallel:loop closed
[0.524s] DEBUG:colcon.colcon_parallel_executor.executor.parallel:run_until_complete finished with '0'
[0.524s] DEBUG:colcon.colcon_core.event_reactor:joining thread
[0.528s] INFO:colcon.colcon_core.plugin_system:Skipping extension 'colcon_notification.desktop_notification.terminal_notifier': Not used on non-Darwin systems
[0.528s] INFO:colcon.colcon_core.plugin_system:Skipping extension 'colcon_notification.desktop_notification.win32': Not used on non-Windows systems
[0.528s] INFO:colcon.colcon_notification.desktop_notification:Sending desktop notification using 'notify2'
[0.542s] DEBUG:colcon.colcon_core.event_reactor:joined thread
[0.543s] INFO:colcon.colcon_core.shell:Creating prefix script '/home/syafihidayat/Documents/robot_ws/install/local_setup.ps1'
[0.545s] INFO:colcon.colcon_core.shell:Creating prefix util module '/home/syafihidayat/Documents/robot_ws/install/_local_setup_util_ps1.py'
[0.546s] INFO:colcon.colcon_core.shell:Creating prefix chain script '/home/syafihidayat/Documents/robot_ws/install/setup.ps1'
[0.548s] INFO:colcon.colcon_core.shell:Creating prefix script '/home/syafihidayat/Documents/robot_ws/install/local_setup.sh'
[0.548s] INFO:colcon.colcon_core.shell:Creating prefix util module '/home/syafihidayat/Documents/robot_ws/install/_local_setup_util_sh.py'
[0.548s] INFO:colcon.colcon_core.shell:Creating prefix chain script '/home/syafihidayat/Documents/robot_ws/install/setup.sh'
[0.550s] INFO:colcon.colcon_core.shell:Creating prefix script '/home/syafihidayat/Documents/robot_ws/install/local_setup.bash'
[0.550s] INFO:colcon.colcon_core.shell:Creating prefix chain script '/home/syafihidayat/Documents/robot_ws/install/setup.bash'
[0.551s] INFO:colcon.colcon_core.shell:Creating prefix script '/home/syafihidayat/Documents/robot_ws/install/local_setup.zsh'
[0.552s] INFO:colcon.colcon_core.shell:Creating prefix chain script '/home/syafihidayat/Documents/robot_ws/install/setup.zsh'
