[0.020s] Invoking command in '/home/syafihidayat/Documents/robot_ws/src/build/robot_pose': CMAKE_PREFIX_PATH=${CMAKE_PREFIX_PATH}:/opt/ros/humble /usr/bin/cmake /home/syafihidayat/Documents/robot_ws/src/robot_pose -DCMAKE_INSTALL_PREFIX=/home/syafihidayat/Documents/robot_ws/src/install/robot_pose
[0.187s] -- The C compiler identification is GNU 11.4.0
[0.320s] -- The CXX compiler identification is GNU 11.4.0
[0.327s] -- Detecting C compiler ABI info
[0.439s] -- Detecting C compiler ABI info - done
[0.445s] -- Check for working C compiler: /usr/bin/cc - skipped
[0.446s] -- Detecting C compile features
[0.447s] -- Detecting C compile features - done
[0.450s] -- Detecting CXX compiler ABI info
[0.591s] -- Detecting CXX compiler ABI info - done
[0.602s] -- Check for working CXX compiler: /usr/bin/c++ - skipped
[0.602s] -- Detecting CXX compile features
[0.603s] -- Detecting CXX compile features - done
[0.617s] -- Found ament_cmake: 1.3.12 (/opt/ros/humble/share/ament_cmake/cmake)
[0.848s] -- Found Python3: /usr/bin/python3 (found version "3.10.12") found components: Interpreter 
[0.984s] -- Found ament_lint_auto: 0.12.14 (/opt/ros/humble/share/ament_lint_auto/cmake)
[1.081s] -- Added test 'cppcheck' to perform static code analysis on C / C++ code
[1.081s] -- Configured cppcheck include dirs: $<BUILD_INTERFACE:/home/syafihidayat/Documents/robot_ws/src/robot_pose/include>
[1.081s] -- Configured cppcheck exclude dirs and/or files: 
[1.082s] -- Added test 'lint_cmake' to check CMake code style
[1.083s] -- Added test 'uncrustify' to check C / C++ code style
[1.083s] -- Configured uncrustify additional arguments: 
[1.084s] -- Added test 'xmllint' to check XML markup files
[1.085s] -- Configuring done
[1.091s] -- Generating done
[1.093s] -- Build files have been written to: /home/syafihidayat/Documents/robot_ws/src/build/robot_pose
[1.101s] Invoked command in '/home/syafihidayat/Documents/robot_ws/src/build/robot_pose' returned '0': CMAKE_PREFIX_PATH=${CMAKE_PREFIX_PATH}:/opt/ros/humble /usr/bin/cmake /home/syafihidayat/Documents/robot_ws/src/robot_pose -DCMAKE_INSTALL_PREFIX=/home/syafihidayat/Documents/robot_ws/src/install/robot_pose
[1.103s] Invoking command in '/home/syafihidayat/Documents/robot_ws/src/build/robot_pose': CMAKE_PREFIX_PATH=${CMAKE_PREFIX_PATH}:/opt/ros/humble /usr/bin/cmake --build /home/syafihidayat/Documents/robot_ws/src/build/robot_pose -- -j16 -l16
[1.169s] [ 50%] [32mBuilding CXX object CMakeFiles/robotRos_sendP.dir/src/robotRos_sendP.cpp.o[0m
[1.180s] [01m[K/home/syafihidayat/Documents/robot_ws/src/robot_pose/src/robotRos_sendP.cpp:1:10:[m[K [01;31m[Kfatal error: [m[Krclcpp/rclcpp.hpp: No such file or directory
[1.180s]     1 | #include [01;31m[K<rclcpp/rclcpp.hpp>[m[K
[1.180s]       |          [01;31m[K^~~~~~~~~~~~~~~~~~~[m[K
[1.180s] compilation terminated.
[1.182s] gmake[2]: *** [CMakeFiles/robotRos_sendP.dir/build.make:76: CMakeFiles/robotRos_sendP.dir/src/robotRos_sendP.cpp.o] Error 1
[1.182s] gmake[1]: *** [CMakeFiles/Makefile2:137: CMakeFiles/robotRos_sendP.dir/all] Error 2
[1.182s] gmake: *** [Makefile:146: all] Error 2
[1.185s] Invoked command in '/home/syafihidayat/Documents/robot_ws/src/build/robot_pose' returned '2': CMAKE_PREFIX_PATH=${CMAKE_PREFIX_PATH}:/opt/ros/humble /usr/bin/cmake --build /home/syafihidayat/Documents/robot_ws/src/build/robot_pose -- -j16 -l16
