[0.023s] Invoking command in '/home/syafihidayat/Documents/robot_ws/src/build/lbringup': CMAKE_PREFIX_PATH=${CMAKE_PREFIX_PATH}:/opt/ros/humble /usr/bin/cmake /home/syafihidayat/Documents/robot_ws/src/lbringup -DCMAKE_INSTALL_PREFIX=/home/syafihidayat/Documents/robot_ws/src/install/lbringup
[0.212s] -- The C compiler identification is GNU 11.4.0
[0.336s] -- The CXX compiler identification is GNU 11.4.0
[0.344s] -- Detecting C compiler ABI info
[0.467s] -- Detecting C compiler ABI info - done
[0.474s] -- Check for working C compiler: /usr/bin/cc - skipped
[0.474s] -- Detecting C compile features
[0.474s] -- Detecting C compile features - done
[0.479s] -- Detecting CXX compiler ABI info
[0.623s] -- Detecting CXX compiler ABI info - done
[0.630s] -- Check for working CXX compiler: /usr/bin/c++ - skipped
[0.630s] -- Detecting CXX compile features
[0.630s] -- Detecting CXX compile features - done
[0.634s] -- Found ament_cmake: 1.3.12 (/opt/ros/humble/share/ament_cmake/cmake)
[0.861s] -- Found Python3: /usr/bin/python3 (found version "3.10.12") found components: Interpreter 
[1.076s] -- Configuring done
[1.079s] -- Generating done
[1.081s] -- Build files have been written to: /home/syafihidayat/Documents/robot_ws/src/build/lbringup
[1.087s] Invoked command in '/home/syafihidayat/Documents/robot_ws/src/build/lbringup' returned '0': CMAKE_PREFIX_PATH=${CMAKE_PREFIX_PATH}:/opt/ros/humble /usr/bin/cmake /home/syafihidayat/Documents/robot_ws/src/lbringup -DCMAKE_INSTALL_PREFIX=/home/syafihidayat/Documents/robot_ws/src/install/lbringup
[1.090s] Invoking command in '/home/syafihidayat/Documents/robot_ws/src/build/lbringup': CMAKE_PREFIX_PATH=${CMAKE_PREFIX_PATH}:/opt/ros/humble /usr/bin/cmake --build /home/syafihidayat/Documents/robot_ws/src/build/lbringup -- -j16 -l16
[1.143s] Invoked command in '/home/syafihidayat/Documents/robot_ws/src/build/lbringup' returned '0': CMAKE_PREFIX_PATH=${CMAKE_PREFIX_PATH}:/opt/ros/humble /usr/bin/cmake --build /home/syafihidayat/Documents/robot_ws/src/build/lbringup -- -j16 -l16
[1.157s] Invoking command in '/home/syafihidayat/Documents/robot_ws/src/build/lbringup': CMAKE_PREFIX_PATH=${CMAKE_PREFIX_PATH}:/opt/ros/humble /usr/bin/cmake --install /home/syafihidayat/Documents/robot_ws/src/build/lbringup
[1.166s] -- Install configuration: ""
[1.166s] -- Installing: /home/syafihidayat/Documents/robot_ws/src/install/lbringup/share/lbringup/launch
[1.166s] -- Installing: /home/syafihidayat/Documents/robot_ws/src/install/lbringup/share/lbringup/launch/lasers.launch.py
[1.166s] -- Installing: /home/syafihidayat/Documents/robot_ws/src/install/lbringup/share/lbringup/launch/default_robot.launch.py
[1.166s] -- Installing: /home/syafihidayat/Documents/robot_ws/src/install/lbringup/share/lbringup/launch/depth.launch.py
[1.166s] -- Installing: /home/syafihidayat/Documents/robot_ws/src/install/lbringup/share/lbringup/launch/extra_launch.py
[1.166s] -- Installing: /home/syafihidayat/Documents/robot_ws/src/install/lbringup/share/lbringup/launch/custom_robot.launch.py
[1.166s] -- Installing: /home/syafihidayat/Documents/robot_ws/src/install/lbringup/share/lbringup/launch/sensors.launch.py
[1.166s] -- Installing: /home/syafihidayat/Documents/robot_ws/src/install/lbringup/share/lbringup/launch/bringup.launch.py
[1.167s] -- Installing: /home/syafihidayat/Documents/robot_ws/src/install/lbringup/share/lbringup/launch/joy_teleop.launch.py
[1.167s] -- Installing: /home/syafihidayat/Documents/robot_ws/src/install/lbringup/share/lbringup/config
[1.167s] -- Installing: /home/syafihidayat/Documents/robot_ws/src/install/lbringup/share/lbringup/config/twist_mux.yaml
[1.167s] -- Installing: /home/syafihidayat/Documents/robot_ws/src/install/lbringup/share/lbringup/config/zed_common.yaml
[1.167s] -- Installing: /home/syafihidayat/Documents/robot_ws/src/install/lbringup/share/lbringup/config/box_laser_filter.yaml
[1.167s] -- Installing: /home/syafihidayat/Documents/robot_ws/src/install/lbringup/share/lbringup/config/fake_laser.yaml
[1.167s] -- Installing: /home/syafihidayat/Documents/robot_ws/src/install/lbringup/share/lbringup/config/ekf.yaml
[1.167s] -- Installing: /home/syafihidayat/Documents/robot_ws/src/install/lbringup/share/lbringup/config/joy.yaml
[1.168s] -- Installing: /home/syafihidayat/Documents/robot_ws/src/install/lbringup/share/ament_index/resource_index/package_run_dependencies/lbringup
[1.168s] -- Installing: /home/syafihidayat/Documents/robot_ws/src/install/lbringup/share/ament_index/resource_index/parent_prefix_path/lbringup
[1.168s] -- Installing: /home/syafihidayat/Documents/robot_ws/src/install/lbringup/share/lbringup/environment/ament_prefix_path.sh
[1.168s] -- Installing: /home/syafihidayat/Documents/robot_ws/src/install/lbringup/share/lbringup/environment/ament_prefix_path.dsv
[1.168s] -- Installing: /home/syafihidayat/Documents/robot_ws/src/install/lbringup/share/lbringup/environment/path.sh
[1.168s] -- Installing: /home/syafihidayat/Documents/robot_ws/src/install/lbringup/share/lbringup/environment/path.dsv
[1.169s] -- Installing: /home/syafihidayat/Documents/robot_ws/src/install/lbringup/share/lbringup/local_setup.bash
[1.169s] -- Installing: /home/syafihidayat/Documents/robot_ws/src/install/lbringup/share/lbringup/local_setup.sh
[1.169s] -- Installing: /home/syafihidayat/Documents/robot_ws/src/install/lbringup/share/lbringup/local_setup.zsh
[1.169s] -- Installing: /home/syafihidayat/Documents/robot_ws/src/install/lbringup/share/lbringup/local_setup.dsv
[1.169s] -- Installing: /home/syafihidayat/Documents/robot_ws/src/install/lbringup/share/lbringup/package.dsv
[1.170s] -- Installing: /home/syafihidayat/Documents/robot_ws/src/install/lbringup/share/ament_index/resource_index/packages/lbringup
[1.170s] -- Installing: /home/syafihidayat/Documents/robot_ws/src/install/lbringup/share/lbringup/cmake/lbringupConfig.cmake
[1.170s] -- Installing: /home/syafihidayat/Documents/robot_ws/src/install/lbringup/share/lbringup/cmake/lbringupConfig-version.cmake
[1.170s] -- Installing: /home/syafihidayat/Documents/robot_ws/src/install/lbringup/share/lbringup/package.xml
[1.175s] Invoked command in '/home/syafihidayat/Documents/robot_ws/src/build/lbringup' returned '0': CMAKE_PREFIX_PATH=${CMAKE_PREFIX_PATH}:/opt/ros/humble /usr/bin/cmake --install /home/syafihidayat/Documents/robot_ws/src/build/lbringup
