[0.024s] Invoking command in '/home/syafihidayat/Documents/robot_ws/build/robotRos_pkg': CMAKE_PREFIX_PATH=${CMAKE_PREFIX_PATH}:/opt/ros/humble /usr/bin/cmake --build /home/syafihidayat/Documents/robot_ws/build/robotRos_pkg -- -j16 -l16
[0.077s] [35m[1mConsolidate compiler generated dependencies of target robotRos_node[0m
[0.100s] [ 50%] [32mBuilding CXX object CMakeFiles/robotRos_node.dir/src/robotRos_node.cpp.o[0m
[2.260s] [01m[K/home/syafihidayat/Documents/robot_ws/src/robotRos_pkg/src/robotRos_node.cpp:[m[K In constructor ‘[01m[KMovement::Movement()[m[K’:
[2.260s] [01m[K/home/syafihidayat/Documents/robot_ws/src/robotRos_pkg/src/robotRos_node.cpp:27:45:[m[K [01;31m[Kerror: [m[Kno matching function for call to ‘[01m[KMovement::create_subscription(std::chrono::milliseconds, std::_Bind_helper<false, void (Movement::*)(), Movement*>::type)[m[K’
[2.260s]    27 |     visual_timer = [01;31m[Kthis->create_subscription(std::chrono::milliseconds(200),std::bind(&Movement::showVisualLine, this))[m[K;
[2.260s]       |                    [01;31m[K~~~~~~~~~~~~~~~~~~~~~~~~~^~~~~~~~~~~~~~~~~~~~~~~~~~~~~~~~~~~~~~~~~~~~~~~~~~~~~~~~~~~~~~~~~~~~~~~~~~~[m[K
[2.260s] In file included from [01m[K/opt/ros/humble/include/rclcpp/rclcpp/node.hpp:1321[m[K,
[2.261s]                  from [01m[K/opt/ros/humble/include/rclcpp/rclcpp/executors/single_threaded_executor.hpp:28[m[K,
[2.261s]                  from [01m[K/opt/ros/humble/include/rclcpp/rclcpp/executors.hpp:22[m[K,
[2.261s]                  from [01m[K/opt/ros/humble/include/rclcpp/rclcpp/rclcpp.hpp:155[m[K,
[2.261s]                  from [01m[K/home/syafihidayat/Documents/robot_ws/src/robotRos_pkg/src/robotRos_node.cpp:1[m[K:
[2.261s] [01m[K/opt/ros/humble/include/rclcpp/rclcpp/node_impl.hpp:92:1:[m[K [01;36m[Knote: [m[Kcandidate: ‘[01m[Ktemplate<class MessageT, class CallbackT, class AllocatorT, class SubscriptionT, class MessageMemoryStrategyT> std::shared_ptr<ROSMessageT> rclcpp::Node::create_subscription(const string&, const rclcpp::QoS&, CallbackT&&, const rclcpp::SubscriptionOptionsWithAllocator<AllocatorT>&, typename MessageMemoryStrategyT::SharedPtr)[m[K’
[2.261s]    92 | [01;36m[KNode[m[K::create_subscription(
[2.261s]       | [01;36m[K^~~~[m[K
[2.261s] [01m[K/opt/ros/humble/include/rclcpp/rclcpp/node_impl.hpp:92:1:[m[K [01;36m[Knote: [m[K  template argument deduction/substitution failed:
[2.261s] [01m[K/home/syafihidayat/Documents/robot_ws/src/robotRos_pkg/src/robotRos_node.cpp:27:45:[m[K [01;36m[Knote: [m[K  candidate expects 5 arguments, 2 provided
[2.261s]    27 |     visual_timer = [01;36m[Kthis->create_subscription(std::chrono::milliseconds(200),std::bind(&Movement::showVisualLine, this))[m[K;
[2.261s]       |                    [01;36m[K~~~~~~~~~~~~~~~~~~~~~~~~~^~~~~~~~~~~~~~~~~~~~~~~~~~~~~~~~~~~~~~~~~~~~~~~~~~~~~~~~~~~~~~~~~~~~~~~~~~~[m[K
[5.309s] gmake[2]: *** [CMakeFiles/robotRos_node.dir/build.make:76: CMakeFiles/robotRos_node.dir/src/robotRos_node.cpp.o] Error 1
[5.309s] gmake[1]: *** [CMakeFiles/Makefile2:137: CMakeFiles/robotRos_node.dir/all] Error 2
[5.309s] gmake: *** [Makefile:146: all] Error 2
[5.312s] Invoked command in '/home/syafihidayat/Documents/robot_ws/build/robotRos_pkg' returned '2': CMAKE_PREFIX_PATH=${CMAKE_PREFIX_PATH}:/opt/ros/humble /usr/bin/cmake --build /home/syafihidayat/Documents/robot_ws/build/robotRos_pkg -- -j16 -l16
