[0.024s] Invoking command in '/home/syafihidayat/Documents/robot_ws/build/robot_navigation': CMAKE_PREFIX_PATH=${CMAKE_PREFIX_PATH}:/opt/ros/humble /usr/bin/cmake --build /home/syafihidayat/Documents/robot_ws/build/robot_navigation -- -j16 -l16
[0.050s] -- Found ament_cmake: 1.3.12 (/opt/ros/humble/share/ament_cmake/cmake)
[0.171s] -- Found nav_msgs: 4.9.0 (/opt/ros/humble/share/nav_msgs/cmake)
[0.192s] -- Found rosidl_generator_c: 3.1.7 (/opt/ros/humble/share/rosidl_generator_c/cmake)
[0.193s] -- Found rosidl_adapter: 3.1.7 (/opt/ros/humble/share/rosidl_adapter/cmake)
[0.198s] -- Found rosidl_generator_cpp: 3.1.7 (/opt/ros/humble/share/rosidl_generator_cpp/cmake)
[0.206s] -- Using all available rosidl_typesupport_c: rosidl_typesupport_fastrtps_c;rosidl_typesupport_introspection_c
[0.216s] -- Using all available rosidl_typesupport_cpp: rosidl_typesupport_fastrtps_cpp;rosidl_typesupport_introspection_cpp
[0.259s] -- Found tf2_ros: 0.25.16 (/opt/ros/humble/share/tf2_ros/cmake)
[0.295s] -- Found rmw_implementation_cmake: 6.1.2 (/opt/ros/humble/share/rmw_implementation_cmake/cmake)
[0.296s] -- Found rmw_fastrtps_cpp: 6.2.8 (/opt/ros/humble/share/rmw_fastrtps_cpp/cmake)
[0.402s] -- Using RMW implementation 'rmw_fastrtps_cpp' as default
[0.481s] -- Found ament_lint_auto: 0.12.14 (/opt/ros/humble/share/ament_lint_auto/cmake)
[0.540s] -- Added test 'flake8' to check Python code syntax and style conventions
[0.540s] -- Added test 'lint_cmake' to check CMake code style
[0.540s] -- Added test 'pep257' to check Python code against some of the docstring style conventions in PEP 257
[0.541s] -- Added test 'xmllint' to check XML markup files
[0.541s] -- Configuring done
[0.546s] -- Generating done
[0.549s] -- Build files have been written to: /home/syafihidayat/Documents/robot_ws/build/robot_navigation
[0.580s] Invoked command in '/home/syafihidayat/Documents/robot_ws/build/robot_navigation' returned '0': CMAKE_PREFIX_PATH=${CMAKE_PREFIX_PATH}:/opt/ros/humble /usr/bin/cmake --build /home/syafihidayat/Documents/robot_ws/build/robot_navigation -- -j16 -l16
[0.582s] Invoking command in '/home/syafihidayat/Documents/robot_ws/build/robot_navigation': CMAKE_PREFIX_PATH=${CMAKE_PREFIX_PATH}:/opt/ros/humble /usr/bin/cmake --install /home/syafihidayat/Documents/robot_ws/build/robot_navigation
[0.589s] -- Install configuration: ""
[0.590s] -- Up-to-date: /home/syafihidayat/Documents/robot_ws/install/robot_navigation/share/robot_navigation/launch
[0.590s] -- Up-to-date: /home/syafihidayat/Documents/robot_ws/install/robot_navigation/share/robot_navigation/launch/realsense_3d_map.launch.py
[0.590s] -- Up-to-date: /home/syafihidayat/Documents/robot_ws/install/robot_navigation/share/robot_navigation/rviz
[0.590s] -- Up-to-date: /home/syafihidayat/Documents/robot_ws/install/robot_navigation/share/robot_navigation/rviz/rgbd.rviz
[0.590s] -- Installing: /home/syafihidayat/Documents/robot_ws/install/robot_navigation/share/ament_index/resource_index/package_run_dependencies/robot_navigation
[0.590s] -- Installing: /home/syafihidayat/Documents/robot_ws/install/robot_navigation/share/ament_index/resource_index/parent_prefix_path/robot_navigation
[0.590s] -- Installing: /home/syafihidayat/Documents/robot_ws/install/robot_navigation/share/robot_navigation/environment/ament_prefix_path.sh
[0.591s] -- Installing: /home/syafihidayat/Documents/robot_ws/install/robot_navigation/share/robot_navigation/environment/ament_prefix_path.dsv
[0.591s] -- Installing: /home/syafihidayat/Documents/robot_ws/install/robot_navigation/share/robot_navigation/environment/path.sh
[0.591s] -- Installing: /home/syafihidayat/Documents/robot_ws/install/robot_navigation/share/robot_navigation/environment/path.dsv
[0.591s] -- Installing: /home/syafihidayat/Documents/robot_ws/install/robot_navigation/share/robot_navigation/local_setup.bash
[0.591s] -- Installing: /home/syafihidayat/Documents/robot_ws/install/robot_navigation/share/robot_navigation/local_setup.sh
[0.591s] -- Installing: /home/syafihidayat/Documents/robot_ws/install/robot_navigation/share/robot_navigation/local_setup.zsh
[0.591s] -- Installing: /home/syafihidayat/Documents/robot_ws/install/robot_navigation/share/robot_navigation/local_setup.dsv
[0.591s] -- Installing: /home/syafihidayat/Documents/robot_ws/install/robot_navigation/share/robot_navigation/package.dsv
[0.592s] -- Installing: /home/syafihidayat/Documents/robot_ws/install/robot_navigation/share/ament_index/resource_index/packages/robot_navigation
[0.592s] -- Installing: /home/syafihidayat/Documents/robot_ws/install/robot_navigation/share/robot_navigation/cmake/robot_navigationConfig.cmake
[0.592s] -- Installing: /home/syafihidayat/Documents/robot_ws/install/robot_navigation/share/robot_navigation/cmake/robot_navigationConfig-version.cmake
[0.592s] -- Installing: /home/syafihidayat/Documents/robot_ws/install/robot_navigation/share/robot_navigation/package.xml
[0.594s] Invoked command in '/home/syafihidayat/Documents/robot_ws/build/robot_navigation' returned '0': CMAKE_PREFIX_PATH=${CMAKE_PREFIX_PATH}:/opt/ros/humble /usr/bin/cmake --install /home/syafihidayat/Documents/robot_ws/build/robot_navigation
