[0.024s] Invoking command in '/home/syafihidayat/Documents/robot_ws/build/lbringup': CMAKE_PREFIX_PATH=${CMAKE_PREFIX_PATH}:/opt/ros/humble /usr/bin/cmake --build /home/syafihidayat/Documents/robot_ws/build/lbringup -- -j16 -l16
[0.101s] Invoked command in '/home/syafihidayat/Documents/robot_ws/build/lbringup' returned '0': CMAKE_PREFIX_PATH=${CMAKE_PREFIX_PATH}:/opt/ros/humble /usr/bin/cmake --build /home/syafihidayat/Documents/robot_ws/build/lbringup -- -j16 -l16
[0.121s] Invoking command in '/home/syafihidayat/Documents/robot_ws/build/lbringup': CMAKE_PREFIX_PATH=${CMAKE_PREFIX_PATH}:/opt/ros/humble /usr/bin/cmake --install /home/syafihidayat/Documents/robot_ws/build/lbringup
[0.134s] -- Install configuration: ""
[0.135s] -- Up-to-date: /home/syafihidayat/Documents/robot_ws/install/lbringup/share/lbringup/launch
[0.135s] -- Up-to-date: /home/syafihidayat/Documents/robot_ws/install/lbringup/share/lbringup/launch/lasers.launch.py
[0.135s] -- Up-to-date: /home/syafihidayat/Documents/robot_ws/install/lbringup/share/lbringup/launch/default_robot.launch.py
[0.135s] -- Up-to-date: /home/syafihidayat/Documents/robot_ws/install/lbringup/share/lbringup/launch/depth.launch.py
[0.135s] -- Up-to-date: /home/syafihidayat/Documents/robot_ws/install/lbringup/share/lbringup/launch/extra_launch.py
[0.135s] -- Up-to-date: /home/syafihidayat/Documents/robot_ws/install/lbringup/share/lbringup/launch/custom_robot.launch.py
[0.135s] -- Up-to-date: /home/syafihidayat/Documents/robot_ws/install/lbringup/share/lbringup/launch/sensors.launch.py
[0.135s] -- Up-to-date: /home/syafihidayat/Documents/robot_ws/install/lbringup/share/lbringup/launch/bringup.launch.py
[0.135s] -- Up-to-date: /home/syafihidayat/Documents/robot_ws/install/lbringup/share/lbringup/launch/joy_teleop.launch.py
[0.135s] -- Up-to-date: /home/syafihidayat/Documents/robot_ws/install/lbringup/share/lbringup/config
[0.135s] -- Up-to-date: /home/syafihidayat/Documents/robot_ws/install/lbringup/share/lbringup/config/twist_mux.yaml
[0.135s] -- Up-to-date: /home/syafihidayat/Documents/robot_ws/install/lbringup/share/lbringup/config/zed_common.yaml
[0.136s] -- Up-to-date: /home/syafihidayat/Documents/robot_ws/install/lbringup/share/lbringup/config/box_laser_filter.yaml
[0.136s] -- Up-to-date: /home/syafihidayat/Documents/robot_ws/install/lbringup/share/lbringup/config/fake_laser.yaml
[0.136s] -- Up-to-date: /home/syafihidayat/Documents/robot_ws/install/lbringup/share/lbringup/config/ekf.yaml
[0.136s] -- Up-to-date: /home/syafihidayat/Documents/robot_ws/install/lbringup/share/lbringup/config/joy.yaml
[0.136s] -- Up-to-date: /home/syafihidayat/Documents/robot_ws/install/lbringup/share/ament_index/resource_index/package_run_dependencies/lbringup
[0.136s] -- Up-to-date: /home/syafihidayat/Documents/robot_ws/install/lbringup/share/ament_index/resource_index/parent_prefix_path/lbringup
[0.136s] -- Up-to-date: /home/syafihidayat/Documents/robot_ws/install/lbringup/share/lbringup/environment/ament_prefix_path.sh
[0.136s] -- Up-to-date: /home/syafihidayat/Documents/robot_ws/install/lbringup/share/lbringup/environment/ament_prefix_path.dsv
[0.136s] -- Up-to-date: /home/syafihidayat/Documents/robot_ws/install/lbringup/share/lbringup/environment/path.sh
[0.136s] -- Up-to-date: /home/syafihidayat/Documents/robot_ws/install/lbringup/share/lbringup/environment/path.dsv
[0.136s] -- Up-to-date: /home/syafihidayat/Documents/robot_ws/install/lbringup/share/lbringup/local_setup.bash
[0.136s] -- Up-to-date: /home/syafihidayat/Documents/robot_ws/install/lbringup/share/lbringup/local_setup.sh
[0.136s] -- Up-to-date: /home/syafihidayat/Documents/robot_ws/install/lbringup/share/lbringup/local_setup.zsh
[0.136s] -- Up-to-date: /home/syafihidayat/Documents/robot_ws/install/lbringup/share/lbringup/local_setup.dsv
[0.136s] -- Installing: /home/syafihidayat/Documents/robot_ws/install/lbringup/share/lbringup/package.dsv
[0.136s] -- Up-to-date: /home/syafihidayat/Documents/robot_ws/install/lbringup/share/ament_index/resource_index/packages/lbringup
[0.136s] -- Up-to-date: /home/syafihidayat/Documents/robot_ws/install/lbringup/share/lbringup/cmake/lbringupConfig.cmake
[0.136s] -- Up-to-date: /home/syafihidayat/Documents/robot_ws/install/lbringup/share/lbringup/cmake/lbringupConfig-version.cmake
[0.136s] -- Up-to-date: /home/syafihidayat/Documents/robot_ws/install/lbringup/share/lbringup/package.xml
[0.141s] Invoked command in '/home/syafihidayat/Documents/robot_ws/build/lbringup' returned '0': CMAKE_PREFIX_PATH=${CMAKE_PREFIX_PATH}:/opt/ros/humble /usr/bin/cmake --install /home/syafihidayat/Documents/robot_ws/build/lbringup
