-- Install configuration: ""
-- Up-to-date: /home/syafihidayat/Documents/robot_ws/install/lbringup/share/lbringup/launch
-- Up-to-date: /home/syafihidayat/Documents/robot_ws/install/lbringup/share/lbringup/launch/lasers.launch.py
-- Installing: /home/syafihidayat/Documents/robot_ws/install/lbringup/share/lbringup/launch/default_robot.launch.py
-- Up-to-date: /home/syafihidayat/Documents/robot_ws/install/lbringup/share/lbringup/launch/depth.launch.py
-- Up-to-date: /home/syafihidayat/Documents/robot_ws/install/lbringup/share/lbringup/launch/extra_launch.py
-- Up-to-date: /home/syafihidayat/Documents/robot_ws/install/lbringup/share/lbringup/launch/custom_robot.launch.py
-- Up-to-date: /home/syafihidayat/Documents/robot_ws/install/lbringup/share/lbringup/launch/sensors.launch.py
-- Installing: /home/syafihidayat/Documents/robot_ws/install/lbringup/share/lbringup/launch/bringup.launch.py
-- Up-to-date: /home/syafihidayat/Documents/robot_ws/install/lbringup/share/lbringup/launch/joy_teleop.launch.py
-- Up-to-date: /home/syafihidayat/Documents/robot_ws/install/lbringup/share/lbringup/config
-- Up-to-date: /home/syafihidayat/Documents/robot_ws/install/lbringup/share/lbringup/config/twist_mux.yaml
-- Up-to-date: /home/syafihidayat/Documents/robot_ws/install/lbringup/share/lbringup/config/zed_common.yaml
-- Up-to-date: /home/syafihidayat/Documents/robot_ws/install/lbringup/share/lbringup/config/box_laser_filter.yaml
-- Up-to-date: /home/syafihidayat/Documents/robot_ws/install/lbringup/share/lbringup/config/fake_laser.yaml
-- Up-to-date: /home/syafihidayat/Documents/robot_ws/install/lbringup/share/lbringup/config/ekf.yaml
-- Up-to-date: /home/syafihidayat/Documents/robot_ws/install/lbringup/share/lbringup/config/joy.yaml
-- Up-to-date: /home/syafihidayat/Documents/robot_ws/install/lbringup/share/ament_index/resource_index/package_run_dependencies/lbringup
-- Up-to-date: /home/syafihidayat/Documents/robot_ws/install/lbringup/share/ament_index/resource_index/parent_prefix_path/lbringup
-- Up-to-date: /home/syafihidayat/Documents/robot_ws/install/lbringup/share/lbringup/environment/ament_prefix_path.sh
-- Up-to-date: /home/syafihidayat/Documents/robot_ws/install/lbringup/share/lbringup/environment/ament_prefix_path.dsv
-- Up-to-date: /home/syafihidayat/Documents/robot_ws/install/lbringup/share/lbringup/environment/path.sh
-- Up-to-date: /home/syafihidayat/Documents/robot_ws/install/lbringup/share/lbringup/environment/path.dsv
-- Up-to-date: /home/syafihidayat/Documents/robot_ws/install/lbringup/share/lbringup/local_setup.bash
-- Up-to-date: /home/syafihidayat/Documents/robot_ws/install/lbringup/share/lbringup/local_setup.sh
-- Up-to-date: /home/syafihidayat/Documents/robot_ws/install/lbringup/share/lbringup/local_setup.zsh
-- Up-to-date: /home/syafihidayat/Documents/robot_ws/install/lbringup/share/lbringup/local_setup.dsv
-- Installing: /home/syafihidayat/Documents/robot_ws/install/lbringup/share/lbringup/package.dsv
-- Up-to-date: /home/syafihidayat/Documents/robot_ws/install/lbringup/share/ament_index/resource_index/packages/lbringup
-- Up-to-date: /home/syafihidayat/Documents/robot_ws/install/lbringup/share/lbringup/cmake/lbringupConfig.cmake
-- Up-to-date: /home/syafihidayat/Documents/robot_ws/install/lbringup/share/lbringup/cmake/lbringupConfig-version.cmake
-- Up-to-date: /home/syafihidayat/Documents/robot_ws/install/lbringup/share/lbringup/package.xml
