[01m[K/home/syafihidayat/Documents/robot_ws/src/robotRos_pkg/src/robotRos_node.cpp:[m[K In member function ‘[01m[Kvoid Movement::showVisualLine()[m[K’:
[01m[K/home/syafihidayat/Documents/robot_ws/src/robotRos_pkg/src/robotRos_node.cpp:81:12:[m[K [01;31m[Kerror: [m[K‘[01m[Kclass std::shared_ptr<visualization_msgs::msg::Marker_<std::allocator<void> > >[m[K’ has no member named ‘[01m[Kheader[m[K’
   81 |     marker.[01;31m[Kheader[m[K.frame_id = "map";
      |            [01;31m[K^~~~~~[m[K
[01m[K/home/syafihidayat/Documents/robot_ws/src/robotRos_pkg/src/robotRos_node.cpp:82:12:[m[K [01;31m[Kerror: [m[K‘[01m[Kclass std::shared_ptr<visualization_msgs::msg::Marker_<std::allocator<void> > >[m[K’ has no member named ‘[01m[Kheader[m[K’
   82 |     marker.[01;31m[Kheader[m[K.stamp = this->now();
      |            [01;31m[K^~~~~~[m[K
[01m[K/home/syafihidayat/Documents/robot_ws/src/robotRos_pkg/src/robotRos_node.cpp:83:12:[m[K [01;31m[Kerror: [m[K‘[01m[Kclass std::shared_ptr<visualization_msgs::msg::Marker_<std::allocator<void> > >[m[K’ has no member named ‘[01m[Kns[m[K’
   83 |     marker.[01;31m[Kns[m[K = "line_strip";
      |            [01;31m[K^~[m[K
[01m[K/home/syafihidayat/Documents/robot_ws/src/robotRos_pkg/src/robotRos_node.cpp:84:12:[m[K [01;31m[Kerror: [m[K‘[01m[Kclass std::shared_ptr<visualization_msgs::msg::Marker_<std::allocator<void> > >[m[K’ has no member named ‘[01m[Kid[m[K’
   84 |     marker.[01;31m[Kid[m[K = 0;
      |            [01;31m[K^~[m[K
[01m[K/home/syafihidayat/Documents/robot_ws/src/robotRos_pkg/src/robotRos_node.cpp:85:12:[m[K [01;31m[Kerror: [m[K‘[01m[Kclass std::shared_ptr<visualization_msgs::msg::Marker_<std::allocator<void> > >[m[K’ has no member named ‘[01m[Ktype[m[K’
   85 |     marker.[01;31m[Ktype[m[K = visualization_msgs::msg::Marker::line_strip;
      |            [01;31m[K^~~~[m[K
[01m[K/home/syafihidayat/Documents/robot_ws/src/robotRos_pkg/src/robotRos_node.cpp:85:52:[m[K [01;31m[Kerror: [m[K‘[01m[Kline_strip[m[K’ is not a member of ‘[01m[Kvisualization_msgs::msg::Marker[m[K’ {aka ‘[01m[Kvisualization_msgs::msg::Marker_<std::allocator<void> >[m[K’}
   85 |     marker.type = visualization_msgs::msg::Marker::[01;31m[Kline_strip[m[K;
      |                                                    [01;31m[K^~~~~~~~~~[m[K
[01m[K/home/syafihidayat/Documents/robot_ws/src/robotRos_pkg/src/robotRos_node.cpp:86:12:[m[K [01;31m[Kerror: [m[K‘[01m[Kclass std::shared_ptr<visualization_msgs::msg::Marker_<std::allocator<void> > >[m[K’ has no member named ‘[01m[Kaction[m[K’
   86 |     marker.[01;31m[Kaction[m[K = visualization_msgs::msg::Marker::ADD;
      |            [01;31m[K^~~~~~[m[K
[01m[K/home/syafihidayat/Documents/robot_ws/src/robotRos_pkg/src/robotRos_node.cpp:89:12:[m[K [01;31m[Kerror: [m[K‘[01m[Kclass std::shared_ptr<visualization_msgs::msg::Marker_<std::allocator<void> > >[m[K’ has no member named ‘[01m[Kpose[m[K’
   89 |     marker.[01;31m[Kpose[m[K.orientation.w = 1.0;
      |            [01;31m[K^~~~[m[K
[01m[K/home/syafihidayat/Documents/robot_ws/src/robotRos_pkg/src/robotRos_node.cpp:90:12:[m[K [01;31m[Kerror: [m[K‘[01m[Kclass std::shared_ptr<visualization_msgs::msg::Marker_<std::allocator<void> > >[m[K’ has no member named ‘[01m[Kpose[m[K’
   90 |     marker.[01;31m[Kpose[m[K.orientation.x = 0.0;
      |            [01;31m[K^~~~[m[K
[01m[K/home/syafihidayat/Documents/robot_ws/src/robotRos_pkg/src/robotRos_node.cpp:91:12:[m[K [01;31m[Kerror: [m[K‘[01m[Kclass std::shared_ptr<visualization_msgs::msg::Marker_<std::allocator<void> > >[m[K’ has no member named ‘[01m[Kpose[m[K’
   91 |     marker.[01;31m[Kpose[m[K.orientation.y = 0.0;
      |            [01;31m[K^~~~[m[K
[01m[K/home/syafihidayat/Documents/robot_ws/src/robotRos_pkg/src/robotRos_node.cpp:92:12:[m[K [01;31m[Kerror: [m[K‘[01m[Kclass std::shared_ptr<visualization_msgs::msg::Marker_<std::allocator<void> > >[m[K’ has no member named ‘[01m[Kpose[m[K’
   92 |     marker.[01;31m[Kpose[m[K.orientation.z = 0.0;
      |            [01;31m[K^~~~[m[K
[01m[K/home/syafihidayat/Documents/robot_ws/src/robotRos_pkg/src/robotRos_node.cpp:94:12:[m[K [01;31m[Kerror: [m[K‘[01m[Kclass std::shared_ptr<visualization_msgs::msg::Marker_<std::allocator<void> > >[m[K’ has no member named ‘[01m[Kscale[m[K’
   94 |     marker.[01;31m[Kscale[m[K.x = 0.1;
      |            [01;31m[K^~~~~[m[K
[01m[K/home/syafihidayat/Documents/robot_ws/src/robotRos_pkg/src/robotRos_node.cpp:95:12:[m[K [01;31m[Kerror: [m[K‘[01m[Kclass std::shared_ptr<visualization_msgs::msg::Marker_<std::allocator<void> > >[m[K’ has no member named ‘[01m[Kcolor[m[K’
   95 |     marker.[01;31m[Kcolor[m[K.r = 1.0;
      |            [01;31m[K^~~~~[m[K
[01m[K/home/syafihidayat/Documents/robot_ws/src/robotRos_pkg/src/robotRos_node.cpp:96:12:[m[K [01;31m[Kerror: [m[K‘[01m[Kclass std::shared_ptr<visualization_msgs::msg::Marker_<std::allocator<void> > >[m[K’ has no member named ‘[01m[Kcolor[m[K’
   96 |     marker.[01;31m[Kcolor[m[K.g = 0.0;
      |            [01;31m[K^~~~~[m[K
[01m[K/home/syafihidayat/Documents/robot_ws/src/robotRos_pkg/src/robotRos_node.cpp:97:12:[m[K [01;31m[Kerror: [m[K‘[01m[Kclass std::shared_ptr<visualization_msgs::msg::Marker_<std::allocator<void> > >[m[K’ has no member named ‘[01m[Kcolor[m[K’
   97 |     marker.[01;31m[Kcolor[m[K.b = 0.0;
      |            [01;31m[K^~~~~[m[K
[01m[K/home/syafihidayat/Documents/robot_ws/src/robotRos_pkg/src/robotRos_node.cpp:98:12:[m[K [01;31m[Kerror: [m[K‘[01m[Kclass std::shared_ptr<visualization_msgs::msg::Marker_<std::allocator<void> > >[m[K’ has no member named ‘[01m[Kcolor[m[K’
   98 |     marker.[01;31m[Kcolor[m[K.a = 1.0;
      |            [01;31m[K^~~~~[m[K
[01m[K/home/syafihidayat/Documents/robot_ws/src/robotRos_pkg/src/robotRos_node.cpp:103:5:[m[K [01;31m[Kerror: [m[K‘[01m[Kstart[m[K’ was not declared in this scope; did you mean ‘[01m[KstartX[m[K’?
  103 |     [01;31m[Kstart[m[K.point.z = 0.0;
      |     [01;31m[K^~~~~[m[K
      |     [32m[KstartX[m[K
[01m[K/home/syafihidayat/Documents/robot_ws/src/robotRos_pkg/src/robotRos_node.cpp:108:23:[m[K [01;31m[Kerror: [m[K‘[01m[KCurrentY[m[K’ was not declared in this scope; did you mean ‘[01m[KcurrentY[m[K’?
  108 |     current_point.y = [01;31m[KCurrentY[m[K;
      |                       [01;31m[K^~~~~~~~[m[K
      |                       [32m[KcurrentY[m[K
[01m[K/home/syafihidayat/Documents/robot_ws/src/robotRos_pkg/src/robotRos_node.cpp:110:5:[m[K [01;31m[Kerror: [m[Kexpected ‘[01m[K;[m[K’ before ‘[01m[Kmarker[m[K’
  110 |     [01;31m[Kmarker[m[K->points.push_back(current_point);
      |     [01;31m[K^~~~~~[m[K
[01m[K/home/syafihidayat/Documents/robot_ws/src/robotRos_pkg/src/robotRos_node.cpp:112:24:[m[K [01;31m[Kerror: [m[Kno matching function for call to ‘[01m[Krclcpp::Publisher<visualization_msgs::msg::Marker_<std::allocator<void> > >::publish(std::shared_ptr<visualization_msgs::msg::Marker_<std::allocator<void> > >&)[m[K’
  112 |     [01;31m[Kvisual_pub->publish(marker)[m[K;
      |     [01;31m[K~~~~~~~~~~~~~~~~~~~^~~~~~~~[m[K
In file included from [01m[K/opt/ros/humble/include/rclcpp/rclcpp/topic_statistics/subscription_topic_statistics.hpp:31[m[K,
                 from [01m[K/opt/ros/humble/include/rclcpp/rclcpp/subscription.hpp:50[m[K,
                 from [01m[K/opt/ros/humble/include/rclcpp/rclcpp/any_executable.hpp:25[m[K,
                 from [01m[K/opt/ros/humble/include/rclcpp/rclcpp/memory_strategy.hpp:25[m[K,
                 from [01m[K/opt/ros/humble/include/rclcpp/rclcpp/memory_strategies.hpp:18[m[K,
                 from [01m[K/opt/ros/humble/include/rclcpp/rclcpp/executor_options.hpp:20[m[K,
                 from [01m[K/opt/ros/humble/include/rclcpp/rclcpp/executor.hpp:37[m[K,
                 from [01m[K/opt/ros/humble/include/rclcpp/rclcpp/executors/multi_threaded_executor.hpp:25[m[K,
                 from [01m[K/opt/ros/humble/include/rclcpp/rclcpp/executors.hpp:21[m[K,
                 from [01m[K/opt/ros/humble/include/rclcpp/rclcpp/rclcpp.hpp:155[m[K,
                 from [01m[K/home/syafihidayat/Documents/robot_ws/src/robotRos_pkg/src/robotRos_node.cpp:1[m[K:
[01m[K/opt/ros/humble/include/rclcpp/rclcpp/publisher.hpp:254:3:[m[K [01;36m[Knote: [m[Kcandidate: ‘[01m[Ktemplate<class T> std::enable_if_t<(rosidl_generator_traits::is_message<T>::value && std::is_same<T, typename rclcpp::TypeAdapter<MessageT>::ros_message_type>::value)> rclcpp::Publisher<MessageT, AllocatorT>::publish(std::unique_ptr<T, typename std::conditional<std::is_same<typename std::allocator_traits<typename std::allocator_traits<_Allocator>::rebind_traits<typename rclcpp::TypeAdapter<MessageT, void, void>::ros_message_type>::allocator_type>::rebind_alloc<typename rclcpp::TypeAdapter<MessageT, void, void>::ros_message_type>, std::allocator<typename rclcpp::TypeAdapter<MessageT>::ros_message_type> >::value, std::default_delete<typename rclcpp::TypeAdapter<MessageT>::ros_message_type>, rclcpp::allocator::AllocatorDeleter<typename std::allocator_traits<_Allocator>::rebind_traits<typename rclcpp::TypeAdapter<MessageT, void, void>::ros_message_type>::allocator_type> >::type>) [with T = T; MessageT = visualization_msgs::msg::Marker_<std::allocator<void> >; AllocatorT = std::allocator<void>][m[K’
  254 |   [01;36m[Kpublish[m[K(std::unique_ptr<T, ROSMessageTypeDeleter> msg)
      |   [01;36m[K^~~~~~~[m[K
[01m[K/opt/ros/humble/include/rclcpp/rclcpp/publisher.hpp:254:3:[m[K [01;36m[Knote: [m[K  template argument deduction/substitution failed:
[01m[K/home/syafihidayat/Documents/robot_ws/src/robotRos_pkg/src/robotRos_node.cpp:112:24:[m[K [01;36m[Knote: [m[K  ‘[01m[Kstd::shared_ptr<visualization_msgs::msg::Marker_<std::allocator<void> > >[m[K’ is not derived from ‘[01m[Kstd::unique_ptr<T, std::default_delete<visualization_msgs::msg::Marker_<std::allocator<void> > > >[m[K’
  112 |     [01;36m[Kvisual_pub->publish(marker)[m[K;
      |     [01;36m[K~~~~~~~~~~~~~~~~~~~^~~~~~~~[m[K
In file included from [01m[K/opt/ros/humble/include/rclcpp/rclcpp/topic_statistics/subscription_topic_statistics.hpp:31[m[K,
                 from [01m[K/opt/ros/humble/include/rclcpp/rclcpp/subscription.hpp:50[m[K,
                 from [01m[K/opt/ros/humble/include/rclcpp/rclcpp/any_executable.hpp:25[m[K,
                 from [01m[K/opt/ros/humble/include/rclcpp/rclcpp/memory_strategy.hpp:25[m[K,
                 from [01m[K/opt/ros/humble/include/rclcpp/rclcpp/memory_strategies.hpp:18[m[K,
                 from [01m[K/opt/ros/humble/include/rclcpp/rclcpp/executor_options.hpp:20[m[K,
                 from [01m[K/opt/ros/humble/include/rclcpp/rclcpp/executor.hpp:37[m[K,
                 from [01m[K/opt/ros/humble/include/rclcpp/rclcpp/executors/multi_threaded_executor.hpp:25[m[K,
                 from [01m[K/opt/ros/humble/include/rclcpp/rclcpp/executors.hpp:21[m[K,
                 from [01m[K/opt/ros/humble/include/rclcpp/rclcpp/rclcpp.hpp:155[m[K,
                 from [01m[K/home/syafihidayat/Documents/robot_ws/src/robotRos_pkg/src/robotRos_node.cpp:1[m[K:
[01m[K/opt/ros/humble/include/rclcpp/rclcpp/publisher.hpp:295:3:[m[K [01;36m[Knote: [m[Kcandidate: ‘[01m[Ktemplate<class T> std::enable_if_t<(rosidl_generator_traits::is_message<T>::value && std::is_same<T, typename rclcpp::TypeAdapter<MessageT>::ros_message_type>::value)> rclcpp::Publisher<MessageT, AllocatorT>::publish(const T&) [with T = T; MessageT = visualization_msgs::msg::Marker_<std::allocator<void> >; AllocatorT = std::allocator<void>][m[K’
  295 |   [01;36m[Kpublish[m[K(const T & msg)
      |   [01;36m[K^~~~~~~[m[K
[01m[K/opt/ros/humble/include/rclcpp/rclcpp/publisher.hpp:295:3:[m[K [01;36m[Knote: [m[K  template argument deduction/substitution failed:
In file included from [01m[K/usr/include/c++/11/bits/move.h:57[m[K,
                 from [01m[K/usr/include/c++/11/bits/stl_pair.h:59[m[K,
                 from [01m[K/usr/include/c++/11/bits/stl_algobase.h:64[m[K,
                 from [01m[K/usr/include/c++/11/memory:63[m[K,
                 from [01m[K/opt/ros/humble/include/rclcpp/rclcpp/rclcpp.hpp:153[m[K,
                 from [01m[K/home/syafihidayat/Documents/robot_ws/src/robotRos_pkg/src/robotRos_node.cpp:1[m[K:
/usr/include/c++/11/type_traits: In substitution of ‘[01m[Ktemplate<bool _Cond, class _Tp> using enable_if_t = typename std::enable_if::type [with bool _Cond = false; _Tp = void][m[K’:
[01m[K/opt/ros/humble/include/rclcpp/rclcpp/publisher.hpp:295:3:[m[K   required by substitution of ‘[01m[Ktemplate<class T> std::enable_if_t<(rosidl_generator_traits::is_message<T>::value && std::is_same<T, visualization_msgs::msg::Marker_<std::allocator<void> > >::value), void> rclcpp::Publisher<visualization_msgs::msg::Marker_<std::allocator<void> > >::publish<T>(const T&) [with T = std::shared_ptr<visualization_msgs::msg::Marker_<std::allocator<void> > >][m[K’
[01m[K/home/syafihidayat/Documents/robot_ws/src/robotRos_pkg/src/robotRos_node.cpp:112:24:[m[K   required from here
[01m[K/usr/include/c++/11/type_traits:2579:11:[m[K [01;31m[Kerror: [m[Kno type named ‘[01m[Ktype[m[K’ in ‘[01m[Kstruct std::enable_if<false, void>[m[K’
 2579 |     using [01;31m[Kenable_if_t[m[K = typename enable_if<_Cond, _Tp>::type;
      |           [01;31m[K^~~~~~~~~~~[m[K
In file included from [01m[K/opt/ros/humble/include/rclcpp/rclcpp/topic_statistics/subscription_topic_statistics.hpp:31[m[K,
                 from [01m[K/opt/ros/humble/include/rclcpp/rclcpp/subscription.hpp:50[m[K,
                 from [01m[K/opt/ros/humble/include/rclcpp/rclcpp/any_executable.hpp:25[m[K,
                 from [01m[K/opt/ros/humble/include/rclcpp/rclcpp/memory_strategy.hpp:25[m[K,
                 from [01m[K/opt/ros/humble/include/rclcpp/rclcpp/memory_strategies.hpp:18[m[K,
                 from [01m[K/opt/ros/humble/include/rclcpp/rclcpp/executor_options.hpp:20[m[K,
                 from [01m[K/opt/ros/humble/include/rclcpp/rclcpp/executor.hpp:37[m[K,
                 from [01m[K/opt/ros/humble/include/rclcpp/rclcpp/executors/multi_threaded_executor.hpp:25[m[K,
                 from [01m[K/opt/ros/humble/include/rclcpp/rclcpp/executors.hpp:21[m[K,
                 from [01m[K/opt/ros/humble/include/rclcpp/rclcpp/rclcpp.hpp:155[m[K,
                 from [01m[K/home/syafihidayat/Documents/robot_ws/src/robotRos_pkg/src/robotRos_node.cpp:1[m[K:
[01m[K/opt/ros/humble/include/rclcpp/rclcpp/publisher.hpp:325:3:[m[K [01;36m[Knote: [m[Kcandidate: ‘[01m[Ktemplate<class T> std::enable_if_t<(typename rclcpp::TypeAdapter<MessageT>::is_specialized::value && std::is_same<T, typename rclcpp::TypeAdapter<MessageT>::custom_type>::value)> rclcpp::Publisher<MessageT, AllocatorT>::publish(std::unique_ptr<T, typename std::conditional<std::is_same<typename std::allocator_traits<typename std::allocator_traits<_Allocator>::rebind_traits<typename rclcpp::TypeAdapter<MessageT, void, void>::custom_type>::allocator_type>::rebind_alloc<typename rclcpp::TypeAdapter<MessageT, void, void>::custom_type>, std::allocator<typename rclcpp::TypeAdapter<MessageT>::custom_type> >::value, std::default_delete<typename rclcpp::TypeAdapter<MessageT>::custom_type>, rclcpp::allocator::AllocatorDeleter<typename std::allocator_traits<_Allocator>::rebind_traits<typename rclcpp::TypeAdapter<MessageT, void, void>::custom_type>::allocator_type> >::type>) [with T = T; MessageT = visualization_msgs::msg::Marker_<std::allocator<void> >; AllocatorT = std::allocator<void>][m[K’
  325 |   [01;36m[Kpublish[m[K(std::unique_ptr<T, PublishedTypeDeleter> msg)
      |   [01;36m[K^~~~~~~[m[K
[01m[K/opt/ros/humble/include/rclcpp/rclcpp/publisher.hpp:325:3:[m[K [01;36m[Knote: [m[K  template argument deduction/substitution failed:
[01m[K/home/syafihidayat/Documents/robot_ws/src/robotRos_pkg/src/robotRos_node.cpp:112:24:[m[K [01;36m[Knote: [m[K  ‘[01m[Kstd::shared_ptr<visualization_msgs::msg::Marker_<std::allocator<void> > >[m[K’ is not derived from ‘[01m[Kstd::unique_ptr<T, std::default_delete<visualization_msgs::msg::Marker_<std::allocator<void> > > >[m[K’
  112 |     [01;36m[Kvisual_pub->publish(marker)[m[K;
      |     [01;36m[K~~~~~~~~~~~~~~~~~~~^~~~~~~~[m[K
In file included from [01m[K/opt/ros/humble/include/rclcpp/rclcpp/topic_statistics/subscription_topic_statistics.hpp:31[m[K,
                 from [01m[K/opt/ros/humble/include/rclcpp/rclcpp/subscription.hpp:50[m[K,
                 from [01m[K/opt/ros/humble/include/rclcpp/rclcpp/any_executable.hpp:25[m[K,
                 from [01m[K/opt/ros/humble/include/rclcpp/rclcpp/memory_strategy.hpp:25[m[K,
                 from [01m[K/opt/ros/humble/include/rclcpp/rclcpp/memory_strategies.hpp:18[m[K,
                 from [01m[K/opt/ros/humble/include/rclcpp/rclcpp/executor_options.hpp:20[m[K,
                 from [01m[K/opt/ros/humble/include/rclcpp/rclcpp/executor.hpp:37[m[K,
                 from [01m[K/opt/ros/humble/include/rclcpp/rclcpp/executors/multi_threaded_executor.hpp:25[m[K,
                 from [01m[K/opt/ros/humble/include/rclcpp/rclcpp/executors.hpp:21[m[K,
                 from [01m[K/opt/ros/humble/include/rclcpp/rclcpp/rclcpp.hpp:155[m[K,
                 from [01m[K/home/syafihidayat/Documents/robot_ws/src/robotRos_pkg/src/robotRos_node.cpp:1[m[K:
[01m[K/opt/ros/humble/include/rclcpp/rclcpp/publisher.hpp:367:3:[m[K [01;36m[Knote: [m[Kcandidate: ‘[01m[Ktemplate<class T> std::enable_if_t<(typename rclcpp::TypeAdapter<MessageT>::is_specialized::value && std::is_same<T, typename rclcpp::TypeAdapter<MessageT>::custom_type>::value)> rclcpp::Publisher<MessageT, AllocatorT>::publish(const T&) [with T = T; MessageT = visualization_msgs::msg::Marker_<std::allocator<void> >; AllocatorT = std::allocator<void>][m[K’
  367 |   [01;36m[Kpublish[m[K(const T & msg)
      |   [01;36m[K^~~~~~~[m[K
[01m[K/opt/ros/humble/include/rclcpp/rclcpp/publisher.hpp:367:3:[m[K [01;36m[Knote: [m[K  template argument deduction/substitution failed:
[01m[K/opt/ros/humble/include/rclcpp/rclcpp/publisher.hpp:386:3:[m[K [01;36m[Knote: [m[Kcandidate: ‘[01m[Kvoid rclcpp::Publisher<MessageT, AllocatorT>::publish(const rcl_serialized_message_t&) [with MessageT = visualization_msgs::msg::Marker_<std::allocator<void> >; AllocatorT = std::allocator<void>; rcl_serialized_message_t = rcutils_uint8_array_s][m[K’
  386 |   [01;36m[Kpublish[m[K(const rcl_serialized_message_t & serialized_msg)
      |   [01;36m[K^~~~~~~[m[K
[01m[K/opt/ros/humble/include/rclcpp/rclcpp/publisher.hpp:386:44:[m[K [01;36m[Knote: [m[K  no known conversion for argument 1 from ‘[01m[Kstd::shared_ptr<visualization_msgs::msg::Marker_<std::allocator<void> > >[m[K’ to ‘[01m[Kconst rcl_serialized_message_t&[m[K’ {aka ‘[01m[Kconst rcutils_uint8_array_s&[m[K’}
  386 |   publish([01;36m[Kconst rcl_serialized_message_t & serialized_msg[m[K)
      |           [01;36m[K~~~~~~~~~~~~~~~~~~~~~~~~~~~~~~~~~^~~~~~~~~~~~~~[m[K
[01m[K/opt/ros/humble/include/rclcpp/rclcpp/publisher.hpp:392:3:[m[K [01;36m[Knote: [m[Kcandidate: ‘[01m[Kvoid rclcpp::Publisher<MessageT, AllocatorT>::publish(const rclcpp::SerializedMessage&) [with MessageT = visualization_msgs::msg::Marker_<std::allocator<void> >; AllocatorT = std::allocator<void>][m[K’
  392 |   [01;36m[Kpublish[m[K(const SerializedMessage & serialized_msg)
      |   [01;36m[K^~~~~~~[m[K
[01m[K/opt/ros/humble/include/rclcpp/rclcpp/publisher.hpp:392:37:[m[K [01;36m[Knote: [m[K  no known conversion for argument 1 from ‘[01m[Kstd::shared_ptr<visualization_msgs::msg::Marker_<std::allocator<void> > >[m[K’ to ‘[01m[Kconst rclcpp::SerializedMessage&[m[K’
  392 |   publish([01;36m[Kconst SerializedMessage & serialized_msg[m[K)
      |           [01;36m[K~~~~~~~~~~~~~~~~~~~~~~~~~~^~~~~~~~~~~~~~[m[K
[01m[K/opt/ros/humble/include/rclcpp/rclcpp/publisher.hpp:406:3:[m[K [01;36m[Knote: [m[Kcandidate: ‘[01m[Kvoid rclcpp::Publisher<MessageT, AllocatorT>::publish(rclcpp::LoanedMessage<typename rclcpp::TypeAdapter<MessageT>::ros_message_type, AllocatorT>&&) [with MessageT = visualization_msgs::msg::Marker_<std::allocator<void> >; AllocatorT = std::allocator<void>; typename rclcpp::TypeAdapter<MessageT>::ros_message_type = visualization_msgs::msg::Marker_<std::allocator<void> >][m[K’
  406 |   [01;36m[Kpublish[m[K(rclcpp::LoanedMessage<ROSMessageType, AllocatorT> && loaned_msg)
      |   [01;36m[K^~~~~~~[m[K
[01m[K/opt/ros/humble/include/rclcpp/rclcpp/publisher.hpp:406:64:[m[K [01;36m[Knote: [m[K  no known conversion for argument 1 from ‘[01m[Kstd::shared_ptr<visualization_msgs::msg::Marker_<std::allocator<void> > >[m[K’ to ‘[01m[Krclcpp::LoanedMessage<visualization_msgs::msg::Marker_<std::allocator<void> >, std::allocator<void> >&&[m[K’
  406 | ublish([01;36m[Krclcpp::LoanedMessage<ROSMessageType, AllocatorT> && loaned_msg[m[K)
      |        [01;36m[K~~~~~~~~~~~~~~~~~~~~~~~~~~~~~~~~~~~~~~~~~~~~~~~~~~~~~^~~~~~~~~~[m[K

gmake[2]: *** [CMakeFiles/robotRos_node.dir/build.make:76: CMakeFiles/robotRos_node.dir/src/robotRos_node.cpp.o] Error 1
gmake[1]: *** [CMakeFiles/Makefile2:137: CMakeFiles/robotRos_node.dir/all] Error 2
gmake: *** [Makefile:146: all] Error 2
