[0.024s] Invoking command in '/home/syafihidayat/Documents/robot_ws/build/robotRos_pkg': CMAKE_PREFIX_PATH=${CMAKE_PREFIX_PATH}:/opt/ros/humble /usr/bin/cmake --build /home/syafihidayat/Documents/robot_ws/build/robotRos_pkg -- -j16 -l16
[0.103s] [100%] Built target robotRos_node
[0.155s] Invoked command in '/home/syafihidayat/Documents/robot_ws/build/robotRos_pkg' returned '0': CMAKE_PREFIX_PATH=${CMAKE_PREFIX_PATH}:/opt/ros/humble /usr/bin/cmake --build /home/syafihidayat/Documents/robot_ws/build/robotRos_pkg -- -j16 -l16
[0.156s] Invoking command in '/home/syafihidayat/Documents/robot_ws/build/robotRos_pkg': CMAKE_PREFIX_PATH=${CMAKE_PREFIX_PATH}:/opt/ros/humble /usr/bin/cmake --install /home/syafihidayat/Documents/robot_ws/build/robotRos_pkg
[0.165s] -- Install configuration: ""
[0.165s] -- Up-to-date: /home/syafihidayat/Documents/robot_ws/install/robotRos_pkg/lib/robotRos_pkg/robotRos_node
[0.166s] -- Up-to-date: /home/syafihidayat/Documents/robot_ws/install/robotRos_pkg/share/ament_index/resource_index/package_run_dependencies/robotRos_pkg
[0.166s] -- Up-to-date: /home/syafihidayat/Documents/robot_ws/install/robotRos_pkg/share/ament_index/resource_index/parent_prefix_path/robotRos_pkg
[0.166s] -- Up-to-date: /home/syafihidayat/Documents/robot_ws/install/robotRos_pkg/share/robotRos_pkg/environment/ament_prefix_path.sh
[0.166s] -- Up-to-date: /home/syafihidayat/Documents/robot_ws/install/robotRos_pkg/share/robotRos_pkg/environment/ament_prefix_path.dsv
[0.166s] -- Up-to-date: /home/syafihidayat/Documents/robot_ws/install/robotRos_pkg/share/robotRos_pkg/environment/path.sh
[0.166s] -- Up-to-date: /home/syafihidayat/Documents/robot_ws/install/robotRos_pkg/share/robotRos_pkg/environment/path.dsv
[0.166s] -- Up-to-date: /home/syafihidayat/Documents/robot_ws/install/robotRos_pkg/share/robotRos_pkg/local_setup.bash
[0.166s] -- Up-to-date: /home/syafihidayat/Documents/robot_ws/install/robotRos_pkg/share/robotRos_pkg/local_setup.sh
[0.166s] -- Up-to-date: /home/syafihidayat/Documents/robot_ws/install/robotRos_pkg/share/robotRos_pkg/local_setup.zsh
[0.166s] -- Up-to-date: /home/syafihidayat/Documents/robot_ws/install/robotRos_pkg/share/robotRos_pkg/local_setup.dsv
[0.166s] -- Installing: /home/syafihidayat/Documents/robot_ws/install/robotRos_pkg/share/robotRos_pkg/package.dsv
[0.166s] -- Up-to-date: /home/syafihidayat/Documents/robot_ws/install/robotRos_pkg/share/ament_index/resource_index/packages/robotRos_pkg
[0.167s] -- Up-to-date: /home/syafihidayat/Documents/robot_ws/install/robotRos_pkg/share/robotRos_pkg/cmake/robotRos_pkgConfig.cmake
[0.167s] -- Up-to-date: /home/syafihidayat/Documents/robot_ws/install/robotRos_pkg/share/robotRos_pkg/cmake/robotRos_pkgConfig-version.cmake
[0.167s] -- Up-to-date: /home/syafihidayat/Documents/robot_ws/install/robotRos_pkg/share/robotRos_pkg/package.xml
[0.182s] Invoked command in '/home/syafihidayat/Documents/robot_ws/build/robotRos_pkg' returned '0': CMAKE_PREFIX_PATH=${CMAKE_PREFIX_PATH}:/opt/ros/humble /usr/bin/cmake --install /home/syafihidayat/Documents/robot_ws/build/robotRos_pkg
