[0.028s] Invoking command in '/home/syafihidayat/Documents/robot_ws/build/robot_pose': CMAKE_PREFIX_PATH=${CMAKE_PREFIX_PATH}:/opt/ros/humble /usr/bin/cmake --build /home/syafihidayat/Documents/robot_ws/build/robot_pose -- -j16 -l16
[0.064s] -- Found ament_cmake: 1.3.12 (/opt/ros/humble/share/ament_cmake/cmake)
[0.218s] -- Found rclcpp: 16.0.15 (/opt/ros/humble/share/rclcpp/cmake)
[0.255s] -- Found rosidl_generator_c: 3.1.7 (/opt/ros/humble/share/rosidl_generator_c/cmake)
[0.257s] -- Found rosidl_adapter: 3.1.7 (/opt/ros/humble/share/rosidl_adapter/cmake)
[0.264s] -- Found rosidl_generator_cpp: 3.1.7 (/opt/ros/humble/share/rosidl_generator_cpp/cmake)
[0.275s] -- Using all available rosidl_typesupport_c: rosidl_typesupport_fastrtps_c;rosidl_typesupport_introspection_c
[0.290s] -- Using all available rosidl_typesupport_cpp: rosidl_typesupport_fastrtps_cpp;rosidl_typesupport_introspection_cpp
[0.328s] -- Found rmw_implementation_cmake: 6.1.2 (/opt/ros/humble/share/rmw_implementation_cmake/cmake)
[0.329s] -- Found rmw_fastrtps_cpp: 6.2.8 (/opt/ros/humble/share/rmw_fastrtps_cpp/cmake)
[0.456s] -- Using RMW implementation 'rmw_fastrtps_cpp' as default
[0.509s] -- Found geometry_msgs: 4.9.0 (/opt/ros/humble/share/geometry_msgs/cmake)
[0.529s] -- Found nav_msgs: 4.9.0 (/opt/ros/humble/share/nav_msgs/cmake)
[0.549s] -- Found ament_lint_auto: 0.12.14 (/opt/ros/humble/share/ament_lint_auto/cmake)
[0.622s] -- Added test 'cppcheck' to perform static code analysis on C / C++ code
[0.623s] -- Configured cppcheck include dirs: $<BUILD_INTERFACE:/home/syafihidayat/Documents/robot_ws/src/robot_pose/include>
[0.623s] -- Configured cppcheck exclude dirs and/or files: 
[0.623s] -- Added test 'lint_cmake' to check CMake code style
[0.624s] -- Added test 'uncrustify' to check C / C++ code style
[0.624s] -- Configured uncrustify additional arguments: 
[0.625s] -- Added test 'xmllint' to check XML markup files
[0.625s] -- Configuring done
[0.637s] -- Generating done
[0.641s] -- Build files have been written to: /home/syafihidayat/Documents/robot_ws/build/robot_pose
[0.692s] [ 50%] [32mBuilding CXX object CMakeFiles/robotRos_sendP.dir/src/robotRos_sendP.cpp.o[0m
[0.940s] [01m[K/home/syafihidayat/Documents/robot_ws/src/robot_pose/src/robotRos_sendP.cpp:3:10:[m[K [01;31m[Kfatal error: [m[Kgeometry_msgs/msg/point: No such file or directory
[0.941s]     3 | #include [01;31m[K<geometry_msgs/msg/point>[m[K
[0.941s]       |          [01;31m[K^~~~~~~~~~~~~~~~~~~~~~~~~[m[K
[0.941s] compilation terminated.
[0.952s] gmake[2]: *** [CMakeFiles/robotRos_sendP.dir/build.make:76: CMakeFiles/robotRos_sendP.dir/src/robotRos_sendP.cpp.o] Error 1
[0.952s] gmake[1]: *** [CMakeFiles/Makefile2:137: CMakeFiles/robotRos_sendP.dir/all] Error 2
[0.953s] gmake: *** [Makefile:146: all] Error 2
