[0.024s] Invoking command in '/home/syafihidayat/Documents/robot_ws/build/robotRos_pkg': CMAKE_PREFIX_PATH=${CMAKE_PREFIX_PATH}:/opt/ros/humble /usr/bin/cmake --build /home/syafihidayat/Documents/robot_ws/build/robotRos_pkg -- -j16 -l16
[0.094s] [35m[1mConsolidate compiler generated dependencies of target robotRos_node[0m
[0.123s] [ 50%] [32mBuilding CXX object CMakeFiles/robotRos_node.dir/src/robotRos_node.cpp.o[0m
[11.481s] [100%] [32m[1mLinking CXX executable robotRos_node[0m
[12.332s] [100%] Built target robotRos_node
[12.353s] Invoked command in '/home/syafihidayat/Documents/robot_ws/build/robotRos_pkg' returned '0': CMAKE_PREFIX_PATH=${CMAKE_PREFIX_PATH}:/opt/ros/humble /usr/bin/cmake --build /home/syafihidayat/Documents/robot_ws/build/robotRos_pkg -- -j16 -l16
[12.359s] Invoking command in '/home/syafihidayat/Documents/robot_ws/build/robotRos_pkg': CMAKE_PREFIX_PATH=${CMAKE_PREFIX_PATH}:/opt/ros/humble /usr/bin/cmake --install /home/syafihidayat/Documents/robot_ws/build/robotRos_pkg
[12.369s] -- Install configuration: ""
[12.371s] -- Installing: /home/syafihidayat/Documents/robot_ws/install/robotRos_pkg/lib/robotRos_pkg/robotRos_node
[12.379s] -- Set runtime path of "/home/syafihidayat/Documents/robot_ws/install/robotRos_pkg/lib/robotRos_pkg/robotRos_node" to ""
[12.381s] -- Up-to-date: /home/syafihidayat/Documents/robot_ws/install/robotRos_pkg/share/ament_index/resource_index/package_run_dependencies/robotRos_pkg
[12.382s] -- Up-to-date: /home/syafihidayat/Documents/robot_ws/install/robotRos_pkg/share/ament_index/resource_index/parent_prefix_path/robotRos_pkg
[12.383s] -- Up-to-date: /home/syafihidayat/Documents/robot_ws/install/robotRos_pkg/share/robotRos_pkg/environment/ament_prefix_path.sh
[12.384s] -- Up-to-date: /home/syafihidayat/Documents/robot_ws/install/robotRos_pkg/share/robotRos_pkg/environment/ament_prefix_path.dsv
[12.384s] -- Up-to-date: /home/syafihidayat/Documents/robot_ws/install/robotRos_pkg/share/robotRos_pkg/environment/path.sh
[12.384s] -- Up-to-date: /home/syafihidayat/Documents/robot_ws/install/robotRos_pkg/share/robotRos_pkg/environment/path.dsv
[12.384s] -- Up-to-date: /home/syafihidayat/Documents/robot_ws/install/robotRos_pkg/share/robotRos_pkg/local_setup.bash
[12.384s] -- Up-to-date: /home/syafihidayat/Documents/robot_ws/install/robotRos_pkg/share/robotRos_pkg/local_setup.sh
[12.384s] -- Up-to-date: /home/syafihidayat/Documents/robot_ws/install/robotRos_pkg/share/robotRos_pkg/local_setup.zsh
[12.385s] -- Up-to-date: /home/syafihidayat/Documents/robot_ws/install/robotRos_pkg/share/robotRos_pkg/local_setup.dsv
[12.385s] -- Installing: /home/syafihidayat/Documents/robot_ws/install/robotRos_pkg/share/robotRos_pkg/package.dsv
[12.386s] -- Up-to-date: /home/syafihidayat/Documents/robot_ws/install/robotRos_pkg/share/ament_index/resource_index/packages/robotRos_pkg
[12.386s] -- Up-to-date: /home/syafihidayat/Documents/robot_ws/install/robotRos_pkg/share/robotRos_pkg/cmake/robotRos_pkgConfig.cmake
[12.386s] -- Up-to-date: /home/syafihidayat/Documents/robot_ws/install/robotRos_pkg/share/robotRos_pkg/cmake/robotRos_pkgConfig-version.cmake
[12.386s] -- Up-to-date: /home/syafihidayat/Documents/robot_ws/install/robotRos_pkg/share/robotRos_pkg/package.xml
[12.390s] Invoked command in '/home/syafihidayat/Documents/robot_ws/build/robotRos_pkg' returned '0': CMAKE_PREFIX_PATH=${CMAKE_PREFIX_PATH}:/opt/ros/humble /usr/bin/cmake --install /home/syafihidayat/Documents/robot_ws/build/robotRos_pkg
