[0.328s] DEBUG:colcon:Command line arguments: ['/usr/bin/colcon', 'build']
[0.328s] DEBUG:colcon:Parsed command line arguments: Namespace(log_base=None, log_level=None, verb_name='build', build_base='build', install_base='install', merge_install=False, symlink_install=False, test_result_base=None, continue_on_error=False, executor='parallel', parallel_workers=16, event_handlers=None, ignore_user_meta=False, metas=['./colcon.meta'], base_paths=['.'], packages_ignore=None, packages_ignore_regex=None, paths=None, packages_up_to=None, packages_up_to_regex=None, packages_above=None, packages_above_and_dependencies=None, packages_above_depth=None, packages_select_by_dep=None, packages_skip_by_dep=None, packages_skip_up_to=None, packages_select_build_failed=False, packages_skip_build_finished=False, packages_select_test_failures=False, packages_skip_test_passed=False, packages_select=None, packages_skip=None, packages_select_regex=None, packages_skip_regex=None, packages_start=None, packages_end=None, allow_overriding=[], cmake_args=None, cmake_target=None, cmake_target_skip_unavailable=False, cmake_clean_cache=False, cmake_clean_first=False, cmake_force_configure=False, ament_cmake_args=None, catkin_cmake_args=None, catkin_skip_building_tests=False, verb_parser=<colcon_defaults.argument_parser.defaults.DefaultArgumentsDecorator object at 0x780db1c70970>, verb_extension=<colcon_core.verb.build.BuildVerb object at 0x780db1c70430>, main=<bound method BuildVerb.main of <colcon_core.verb.build.BuildVerb object at 0x780db1c70430>>)
[0.588s] Level 1:colcon.colcon_core.package_discovery:discover_packages(colcon_meta) check parameters
[0.589s] Level 1:colcon.colcon_core.package_discovery:discover_packages(recursive) check parameters
[0.589s] Level 1:colcon.colcon_core.package_discovery:discover_packages(ignore) check parameters
[0.589s] Level 1:colcon.colcon_core.package_discovery:discover_packages(path) check parameters
[0.589s] Level 1:colcon.colcon_core.package_discovery:discover_packages(colcon_meta) discover
[0.589s] Level 1:colcon.colcon_core.package_discovery:discover_packages(recursive) discover
[0.589s] INFO:colcon.colcon_core.package_discovery:Crawling recursively for packages in '/home/syafihidayat/Documents/robot_ws'
[0.589s] Level 1:colcon.colcon_core.package_identification:_identify(.) by extensions ['ignore', 'ignore_ament_install']
[0.589s] Level 1:colcon.colcon_core.package_identification:_identify(.) by extension 'ignore'
[0.589s] Level 1:colcon.colcon_core.package_identification:_identify(.) by extension 'ignore_ament_install'
[0.589s] Level 1:colcon.colcon_core.package_identification:_identify(.) by extensions ['colcon_pkg']
[0.589s] Level 1:colcon.colcon_core.package_identification:_identify(.) by extension 'colcon_pkg'
[0.589s] Level 1:colcon.colcon_core.package_identification:_identify(.) by extensions ['colcon_meta']
[0.589s] Level 1:colcon.colcon_core.package_identification:_identify(.) by extension 'colcon_meta'
[0.589s] Level 1:colcon.colcon_core.package_identification:_identify(.) by extensions ['ros']
[0.589s] Level 1:colcon.colcon_core.package_identification:_identify(.) by extension 'ros'
[0.602s] Level 1:colcon.colcon_core.package_identification:_identify(.) by extensions ['cmake', 'python']
[0.602s] Level 1:colcon.colcon_core.package_identification:_identify(.) by extension 'cmake'
[0.602s] Level 1:colcon.colcon_core.package_identification:_identify(.) by extension 'python'
[0.602s] Level 1:colcon.colcon_core.package_identification:_identify(.) by extensions ['python_setup_py']
[0.602s] Level 1:colcon.colcon_core.package_identification:_identify(.) by extension 'python_setup_py'
[0.602s] Level 1:colcon.colcon_core.package_identification:_identify(build) by extensions ['ignore', 'ignore_ament_install']
[0.602s] Level 1:colcon.colcon_core.package_identification:_identify(build) by extension 'ignore'
[0.602s] Level 1:colcon.colcon_core.package_identification:_identify(build) ignored
[0.602s] Level 1:colcon.colcon_core.package_identification:_identify(install) by extensions ['ignore', 'ignore_ament_install']
[0.602s] Level 1:colcon.colcon_core.package_identification:_identify(install) by extension 'ignore'
[0.602s] Level 1:colcon.colcon_core.package_identification:_identify(install) ignored
[0.602s] Level 1:colcon.colcon_core.package_identification:_identify(log) by extensions ['ignore', 'ignore_ament_install']
[0.602s] Level 1:colcon.colcon_core.package_identification:_identify(log) by extension 'ignore'
[0.602s] Level 1:colcon.colcon_core.package_identification:_identify(log) ignored
[0.603s] Level 1:colcon.colcon_core.package_identification:_identify(src) by extensions ['ignore', 'ignore_ament_install']
[0.603s] Level 1:colcon.colcon_core.package_identification:_identify(src) by extension 'ignore'
[0.603s] Level 1:colcon.colcon_core.package_identification:_identify(src) by extension 'ignore_ament_install'
[0.603s] Level 1:colcon.colcon_core.package_identification:_identify(src) by extensions ['colcon_pkg']
[0.603s] Level 1:colcon.colcon_core.package_identification:_identify(src) by extension 'colcon_pkg'
[0.603s] Level 1:colcon.colcon_core.package_identification:_identify(src) by extensions ['colcon_meta']
[0.603s] Level 1:colcon.colcon_core.package_identification:_identify(src) by extension 'colcon_meta'
[0.603s] Level 1:colcon.colcon_core.package_identification:_identify(src) by extensions ['ros']
[0.603s] Level 1:colcon.colcon_core.package_identification:_identify(src) by extension 'ros'
[0.603s] Level 1:colcon.colcon_core.package_identification:_identify(src) by extensions ['cmake', 'python']
[0.603s] Level 1:colcon.colcon_core.package_identification:_identify(src) by extension 'cmake'
[0.603s] Level 1:colcon.colcon_core.package_identification:_identify(src) by extension 'python'
[0.603s] Level 1:colcon.colcon_core.package_identification:_identify(src) by extensions ['python_setup_py']
[0.603s] Level 1:colcon.colcon_core.package_identification:_identify(src) by extension 'python_setup_py'
[0.603s] Level 1:colcon.colcon_core.package_identification:_identify(src/build) by extensions ['ignore', 'ignore_ament_install']
[0.603s] Level 1:colcon.colcon_core.package_identification:_identify(src/build) by extension 'ignore'
[0.603s] Level 1:colcon.colcon_core.package_identification:_identify(src/build) ignored
[0.604s] Level 1:colcon.colcon_core.package_identification:_identify(src/install) by extensions ['ignore', 'ignore_ament_install']
[0.604s] Level 1:colcon.colcon_core.package_identification:_identify(src/install) by extension 'ignore'
[0.604s] Level 1:colcon.colcon_core.package_identification:_identify(src/install) ignored
[0.604s] Level 1:colcon.colcon_core.package_identification:_identify(src/lbringup) by extensions ['ignore', 'ignore_ament_install']
[0.604s] Level 1:colcon.colcon_core.package_identification:_identify(src/lbringup) by extension 'ignore'
[0.604s] Level 1:colcon.colcon_core.package_identification:_identify(src/lbringup) by extension 'ignore_ament_install'
[0.604s] Level 1:colcon.colcon_core.package_identification:_identify(src/lbringup) by extensions ['colcon_pkg']
[0.604s] Level 1:colcon.colcon_core.package_identification:_identify(src/lbringup) by extension 'colcon_pkg'
[0.604s] Level 1:colcon.colcon_core.package_identification:_identify(src/lbringup) by extensions ['colcon_meta']
[0.604s] Level 1:colcon.colcon_core.package_identification:_identify(src/lbringup) by extension 'colcon_meta'
[0.604s] Level 1:colcon.colcon_core.package_identification:_identify(src/lbringup) by extensions ['ros']
[0.604s] Level 1:colcon.colcon_core.package_identification:_identify(src/lbringup) by extension 'ros'
[0.607s] DEBUG:colcon.colcon_core.package_identification:Package 'src/lbringup' with type 'ros.ament_cmake' and name 'lbringup'
[0.608s] Level 1:colcon.colcon_core.package_identification:_identify(src/log) by extensions ['ignore', 'ignore_ament_install']
[0.608s] Level 1:colcon.colcon_core.package_identification:_identify(src/log) by extension 'ignore'
[0.608s] Level 1:colcon.colcon_core.package_identification:_identify(src/log) ignored
[0.608s] Level 1:colcon.colcon_core.package_identification:_identify(src/robotRos_pkg) by extensions ['ignore', 'ignore_ament_install']
[0.608s] Level 1:colcon.colcon_core.package_identification:_identify(src/robotRos_pkg) by extension 'ignore'
[0.608s] Level 1:colcon.colcon_core.package_identification:_identify(src/robotRos_pkg) by extension 'ignore_ament_install'
[0.608s] Level 1:colcon.colcon_core.package_identification:_identify(src/robotRos_pkg) by extensions ['colcon_pkg']
[0.609s] Level 1:colcon.colcon_core.package_identification:_identify(src/robotRos_pkg) by extension 'colcon_pkg'
[0.609s] Level 1:colcon.colcon_core.package_identification:_identify(src/robotRos_pkg) by extensions ['colcon_meta']
[0.609s] Level 1:colcon.colcon_core.package_identification:_identify(src/robotRos_pkg) by extension 'colcon_meta'
[0.609s] Level 1:colcon.colcon_core.package_identification:_identify(src/robotRos_pkg) by extensions ['ros']
[0.609s] Level 1:colcon.colcon_core.package_identification:_identify(src/robotRos_pkg) by extension 'ros'
[0.609s] DEBUG:colcon.colcon_core.package_identification:Package 'src/robotRos_pkg' with type 'ros.ament_cmake' and name 'robotRos_pkg'
[0.610s] Level 1:colcon.colcon_core.package_identification:_identify(src/robot_navigation) by extensions ['ignore', 'ignore_ament_install']
[0.610s] Level 1:colcon.colcon_core.package_identification:_identify(src/robot_navigation) by extension 'ignore'
[0.610s] Level 1:colcon.colcon_core.package_identification:_identify(src/robot_navigation) by extension 'ignore_ament_install'
[0.610s] Level 1:colcon.colcon_core.package_identification:_identify(src/robot_navigation) by extensions ['colcon_pkg']
[0.610s] Level 1:colcon.colcon_core.package_identification:_identify(src/robot_navigation) by extension 'colcon_pkg'
[0.610s] Level 1:colcon.colcon_core.package_identification:_identify(src/robot_navigation) by extensions ['colcon_meta']
[0.610s] Level 1:colcon.colcon_core.package_identification:_identify(src/robot_navigation) by extension 'colcon_meta'
[0.610s] Level 1:colcon.colcon_core.package_identification:_identify(src/robot_navigation) by extensions ['ros']
[0.610s] Level 1:colcon.colcon_core.package_identification:_identify(src/robot_navigation) by extension 'ros'
[0.611s] DEBUG:colcon.colcon_core.package_identification:Package 'src/robot_navigation' with type 'ros.ament_cmake' and name 'robot_navigation'
[0.611s] Level 1:colcon.colcon_core.package_identification:_identify(src/robot_pose) by extensions ['ignore', 'ignore_ament_install']
[0.611s] Level 1:colcon.colcon_core.package_identification:_identify(src/robot_pose) by extension 'ignore'
[0.611s] Level 1:colcon.colcon_core.package_identification:_identify(src/robot_pose) by extension 'ignore_ament_install'
[0.611s] Level 1:colcon.colcon_core.package_identification:_identify(src/robot_pose) by extensions ['colcon_pkg']
[0.611s] Level 1:colcon.colcon_core.package_identification:_identify(src/robot_pose) by extension 'colcon_pkg'
[0.611s] Level 1:colcon.colcon_core.package_identification:_identify(src/robot_pose) by extensions ['colcon_meta']
[0.611s] Level 1:colcon.colcon_core.package_identification:_identify(src/robot_pose) by extension 'colcon_meta'
[0.611s] Level 1:colcon.colcon_core.package_identification:_identify(src/robot_pose) by extensions ['ros']
[0.612s] Level 1:colcon.colcon_core.package_identification:_identify(src/robot_pose) by extension 'ros'
[0.612s] DEBUG:colcon.colcon_core.package_identification:Package 'src/robot_pose' with type 'ros.ament_cmake' and name 'robot_pose'
[0.612s] Level 1:colcon.colcon_core.package_discovery:discover_packages(recursive) using defaults
[0.612s] Level 1:colcon.colcon_core.package_discovery:discover_packages(ignore) discover
[0.612s] Level 1:colcon.colcon_core.package_discovery:discover_packages(ignore) using defaults
[0.612s] Level 1:colcon.colcon_core.package_discovery:discover_packages(path) discover
[0.612s] Level 1:colcon.colcon_core.package_discovery:discover_packages(path) using defaults
[0.670s] Level 1:colcon.colcon_core.package_discovery:discover_packages(prefix_path) check parameters
[0.670s] Level 1:colcon.colcon_core.package_discovery:discover_packages(prefix_path) discover
[0.675s] DEBUG:colcon.colcon_installed_package_information.package_discovery:Found 3 installed packages in /home/syafihidayat/microros_ws/install
[0.679s] DEBUG:colcon.colcon_installed_package_information.package_discovery:Found 360 installed packages in /opt/ros/humble
[0.681s] Level 1:colcon.colcon_core.package_discovery:discover_packages(prefix_path) using defaults
[0.784s] Level 5:colcon.colcon_core.verb:set package 'lbringup' build argument 'cmake_args' from command line to 'None'
[0.784s] Level 5:colcon.colcon_core.verb:set package 'lbringup' build argument 'cmake_target' from command line to 'None'
[0.784s] Level 5:colcon.colcon_core.verb:set package 'lbringup' build argument 'cmake_target_skip_unavailable' from command line to 'False'
[0.784s] Level 5:colcon.colcon_core.verb:set package 'lbringup' build argument 'cmake_clean_cache' from command line to 'False'
[0.784s] Level 5:colcon.colcon_core.verb:set package 'lbringup' build argument 'cmake_clean_first' from command line to 'False'
[0.784s] Level 5:colcon.colcon_core.verb:set package 'lbringup' build argument 'cmake_force_configure' from command line to 'False'
[0.784s] Level 5:colcon.colcon_core.verb:set package 'lbringup' build argument 'ament_cmake_args' from command line to 'None'
[0.784s] Level 5:colcon.colcon_core.verb:set package 'lbringup' build argument 'catkin_cmake_args' from command line to 'None'
[0.784s] Level 5:colcon.colcon_core.verb:set package 'lbringup' build argument 'catkin_skip_building_tests' from command line to 'False'
[0.784s] DEBUG:colcon.colcon_core.verb:Building package 'lbringup' with the following arguments: {'ament_cmake_args': None, 'build_base': '/home/syafihidayat/Documents/robot_ws/build/lbringup', 'catkin_cmake_args': None, 'catkin_skip_building_tests': False, 'cmake_args': None, 'cmake_clean_cache': False, 'cmake_clean_first': False, 'cmake_force_configure': False, 'cmake_target': None, 'cmake_target_skip_unavailable': False, 'install_base': '/home/syafihidayat/Documents/robot_ws/install/lbringup', 'merge_install': False, 'path': '/home/syafihidayat/Documents/robot_ws/src/lbringup', 'symlink_install': False, 'test_result_base': None}
[0.784s] Level 5:colcon.colcon_core.verb:set package 'robotRos_pkg' build argument 'cmake_args' from command line to 'None'
[0.784s] Level 5:colcon.colcon_core.verb:set package 'robotRos_pkg' build argument 'cmake_target' from command line to 'None'
[0.784s] Level 5:colcon.colcon_core.verb:set package 'robotRos_pkg' build argument 'cmake_target_skip_unavailable' from command line to 'False'
[0.784s] Level 5:colcon.colcon_core.verb:set package 'robotRos_pkg' build argument 'cmake_clean_cache' from command line to 'False'
[0.785s] Level 5:colcon.colcon_core.verb:set package 'robotRos_pkg' build argument 'cmake_clean_first' from command line to 'False'
[0.785s] Level 5:colcon.colcon_core.verb:set package 'robotRos_pkg' build argument 'cmake_force_configure' from command line to 'False'
[0.785s] Level 5:colcon.colcon_core.verb:set package 'robotRos_pkg' build argument 'ament_cmake_args' from command line to 'None'
[0.785s] Level 5:colcon.colcon_core.verb:set package 'robotRos_pkg' build argument 'catkin_cmake_args' from command line to 'None'
[0.785s] Level 5:colcon.colcon_core.verb:set package 'robotRos_pkg' build argument 'catkin_skip_building_tests' from command line to 'False'
[0.785s] DEBUG:colcon.colcon_core.verb:Building package 'robotRos_pkg' with the following arguments: {'ament_cmake_args': None, 'build_base': '/home/syafihidayat/Documents/robot_ws/build/robotRos_pkg', 'catkin_cmake_args': None, 'catkin_skip_building_tests': False, 'cmake_args': None, 'cmake_clean_cache': False, 'cmake_clean_first': False, 'cmake_force_configure': False, 'cmake_target': None, 'cmake_target_skip_unavailable': False, 'install_base': '/home/syafihidayat/Documents/robot_ws/install/robotRos_pkg', 'merge_install': False, 'path': '/home/syafihidayat/Documents/robot_ws/src/robotRos_pkg', 'symlink_install': False, 'test_result_base': None}
[0.785s] Level 5:colcon.colcon_core.verb:set package 'robot_navigation' build argument 'cmake_args' from command line to 'None'
[0.785s] Level 5:colcon.colcon_core.verb:set package 'robot_navigation' build argument 'cmake_target' from command line to 'None'
[0.785s] Level 5:colcon.colcon_core.verb:set package 'robot_navigation' build argument 'cmake_target_skip_unavailable' from command line to 'False'
[0.785s] Level 5:colcon.colcon_core.verb:set package 'robot_navigation' build argument 'cmake_clean_cache' from command line to 'False'
[0.785s] Level 5:colcon.colcon_core.verb:set package 'robot_navigation' build argument 'cmake_clean_first' from command line to 'False'
[0.785s] Level 5:colcon.colcon_core.verb:set package 'robot_navigation' build argument 'cmake_force_configure' from command line to 'False'
[0.785s] Level 5:colcon.colcon_core.verb:set package 'robot_navigation' build argument 'ament_cmake_args' from command line to 'None'
[0.785s] Level 5:colcon.colcon_core.verb:set package 'robot_navigation' build argument 'catkin_cmake_args' from command line to 'None'
[0.785s] Level 5:colcon.colcon_core.verb:set package 'robot_navigation' build argument 'catkin_skip_building_tests' from command line to 'False'
[0.785s] DEBUG:colcon.colcon_core.verb:Building package 'robot_navigation' with the following arguments: {'ament_cmake_args': None, 'build_base': '/home/syafihidayat/Documents/robot_ws/build/robot_navigation', 'catkin_cmake_args': None, 'catkin_skip_building_tests': False, 'cmake_args': None, 'cmake_clean_cache': False, 'cmake_clean_first': False, 'cmake_force_configure': False, 'cmake_target': None, 'cmake_target_skip_unavailable': False, 'install_base': '/home/syafihidayat/Documents/robot_ws/install/robot_navigation', 'merge_install': False, 'path': '/home/syafihidayat/Documents/robot_ws/src/robot_navigation', 'symlink_install': False, 'test_result_base': None}
[0.785s] Level 5:colcon.colcon_core.verb:set package 'robot_pose' build argument 'cmake_args' from command line to 'None'
[0.785s] Level 5:colcon.colcon_core.verb:set package 'robot_pose' build argument 'cmake_target' from command line to 'None'
[0.785s] Level 5:colcon.colcon_core.verb:set package 'robot_pose' build argument 'cmake_target_skip_unavailable' from command line to 'False'
[0.785s] Level 5:colcon.colcon_core.verb:set package 'robot_pose' build argument 'cmake_clean_cache' from command line to 'False'
[0.785s] Level 5:colcon.colcon_core.verb:set package 'robot_pose' build argument 'cmake_clean_first' from command line to 'False'
[0.785s] Level 5:colcon.colcon_core.verb:set package 'robot_pose' build argument 'cmake_force_configure' from command line to 'False'
[0.785s] Level 5:colcon.colcon_core.verb:set package 'robot_pose' build argument 'ament_cmake_args' from command line to 'None'
[0.785s] Level 5:colcon.colcon_core.verb:set package 'robot_pose' build argument 'catkin_cmake_args' from command line to 'None'
[0.785s] Level 5:colcon.colcon_core.verb:set package 'robot_pose' build argument 'catkin_skip_building_tests' from command line to 'False'
[0.785s] DEBUG:colcon.colcon_core.verb:Building package 'robot_pose' with the following arguments: {'ament_cmake_args': None, 'build_base': '/home/syafihidayat/Documents/robot_ws/build/robot_pose', 'catkin_cmake_args': None, 'catkin_skip_building_tests': False, 'cmake_args': None, 'cmake_clean_cache': False, 'cmake_clean_first': False, 'cmake_force_configure': False, 'cmake_target': None, 'cmake_target_skip_unavailable': False, 'install_base': '/home/syafihidayat/Documents/robot_ws/install/robot_pose', 'merge_install': False, 'path': '/home/syafihidayat/Documents/robot_ws/src/robot_pose', 'symlink_install': False, 'test_result_base': None}
[0.786s] INFO:colcon.colcon_core.executor:Executing jobs using 'parallel' executor
[0.787s] DEBUG:colcon.colcon_parallel_executor.executor.parallel:run_until_complete
[0.787s] INFO:colcon.colcon_ros.task.ament_cmake.build:Building ROS package in '/home/syafihidayat/Documents/robot_ws/src/lbringup' with build type 'ament_cmake'
[0.788s] INFO:colcon.colcon_cmake.task.cmake.build:Building CMake package in '/home/syafihidayat/Documents/robot_ws/src/lbringup'
[0.791s] INFO:colcon.colcon_core.plugin_system:Skipping extension 'colcon_core.shell.bat': Not used on non-Windows systems
[0.792s] INFO:colcon.colcon_core.shell:Skip shell extension 'powershell' for command environment: Not usable outside of PowerShell
[0.792s] DEBUG:colcon.colcon_core.shell:Skip shell extension 'dsv' for command environment
[0.797s] INFO:colcon.colcon_ros.task.ament_cmake.build:Building ROS package in '/home/syafihidayat/Documents/robot_ws/src/robotRos_pkg' with build type 'ament_cmake'
[0.797s] INFO:colcon.colcon_cmake.task.cmake.build:Building CMake package in '/home/syafihidayat/Documents/robot_ws/src/robotRos_pkg'
[0.797s] INFO:colcon.colcon_core.shell:Skip shell extension 'powershell' for command environment: Not usable outside of PowerShell
[0.798s] DEBUG:colcon.colcon_core.shell:Skip shell extension 'dsv' for command environment
[0.802s] INFO:colcon.colcon_ros.task.ament_cmake.build:Building ROS package in '/home/syafihidayat/Documents/robot_ws/src/robot_navigation' with build type 'ament_cmake'
[0.802s] INFO:colcon.colcon_cmake.task.cmake.build:Building CMake package in '/home/syafihidayat/Documents/robot_ws/src/robot_navigation'
[0.802s] INFO:colcon.colcon_core.shell:Skip shell extension 'powershell' for command environment: Not usable outside of PowerShell
[0.802s] DEBUG:colcon.colcon_core.shell:Skip shell extension 'dsv' for command environment
[0.806s] INFO:colcon.colcon_ros.task.ament_cmake.build:Building ROS package in '/home/syafihidayat/Documents/robot_ws/src/robot_pose' with build type 'ament_cmake'
[0.807s] INFO:colcon.colcon_cmake.task.cmake.build:Building CMake package in '/home/syafihidayat/Documents/robot_ws/src/robot_pose'
[0.807s] INFO:colcon.colcon_core.shell:Skip shell extension 'powershell' for command environment: Not usable outside of PowerShell
[0.807s] DEBUG:colcon.colcon_core.shell:Skip shell extension 'dsv' for command environment
[0.816s] DEBUG:colcon.colcon_core.event_handler.log_command:Invoking command in '/home/syafihidayat/Documents/robot_ws/build/lbringup': CMAKE_PREFIX_PATH=${CMAKE_PREFIX_PATH}:/opt/ros/humble /usr/bin/cmake --build /home/syafihidayat/Documents/robot_ws/build/lbringup -- -j16 -l16
[0.824s] DEBUG:colcon.colcon_core.event_handler.log_command:Invoking command in '/home/syafihidayat/Documents/robot_ws/build/robotRos_pkg': CMAKE_PREFIX_PATH=${CMAKE_PREFIX_PATH}:/opt/ros/humble /usr/bin/cmake --build /home/syafihidayat/Documents/robot_ws/build/robotRos_pkg -- -j16 -l16
[0.829s] DEBUG:colcon.colcon_core.event_handler.log_command:Invoking command in '/home/syafihidayat/Documents/robot_ws/build/robot_navigation': CMAKE_PREFIX_PATH=${CMAKE_PREFIX_PATH}:/opt/ros/humble /usr/bin/cmake --build /home/syafihidayat/Documents/robot_ws/build/robot_navigation -- -j16 -l16
[0.836s] DEBUG:colcon.colcon_core.event_handler.log_command:Invoking command in '/home/syafihidayat/Documents/robot_ws/build/robot_pose': CMAKE_PREFIX_PATH=${CMAKE_PREFIX_PATH}:/opt/ros/humble /usr/bin/cmake --build /home/syafihidayat/Documents/robot_ws/build/robot_pose -- -j16 -l16
[0.915s] DEBUG:colcon.colcon_core.event_handler.log_command:Invoked command in '/home/syafihidayat/Documents/robot_ws/build/lbringup' returned '0': CMAKE_PREFIX_PATH=${CMAKE_PREFIX_PATH}:/opt/ros/humble /usr/bin/cmake --build /home/syafihidayat/Documents/robot_ws/build/lbringup -- -j16 -l16
[0.934s] DEBUG:colcon.colcon_core.event_handler.log_command:Invoking command in '/home/syafihidayat/Documents/robot_ws/build/lbringup': CMAKE_PREFIX_PATH=${CMAKE_PREFIX_PATH}:/opt/ros/humble /usr/bin/cmake --install /home/syafihidayat/Documents/robot_ws/build/lbringup
[0.937s] DEBUG:colcon.colcon_core.event_handler.log_command:Invoked command in '/home/syafihidayat/Documents/robot_ws/build/robot_navigation' returned '0': CMAKE_PREFIX_PATH=${CMAKE_PREFIX_PATH}:/opt/ros/humble /usr/bin/cmake --build /home/syafihidayat/Documents/robot_ws/build/robot_navigation -- -j16 -l16
[0.940s] DEBUG:colcon.colcon_core.event_handler.log_command:Invoking command in '/home/syafihidayat/Documents/robot_ws/build/robot_navigation': CMAKE_PREFIX_PATH=${CMAKE_PREFIX_PATH}:/opt/ros/humble /usr/bin/cmake --install /home/syafihidayat/Documents/robot_ws/build/robot_navigation
[0.954s] Level 1:colcon.colcon_core.environment:create_environment_scripts_only(lbringup)
[0.954s] DEBUG:colcon.colcon_core.event_handler.log_command:Invoked command in '/home/syafihidayat/Documents/robot_ws/build/lbringup' returned '0': CMAKE_PREFIX_PATH=${CMAKE_PREFIX_PATH}:/opt/ros/humble /usr/bin/cmake --install /home/syafihidayat/Documents/robot_ws/build/lbringup
[0.961s] Level 1:colcon.colcon_core.environment:checking '/home/syafihidayat/Documents/robot_ws/install/lbringup' for CMake module files
[0.962s] Level 1:colcon.colcon_core.environment:checking '/home/syafihidayat/Documents/robot_ws/install/lbringup' for CMake config files
[0.962s] Level 1:colcon.colcon_core.shell:create_environment_hook('lbringup', 'cmake_prefix_path')
[0.962s] INFO:colcon.colcon_core.shell:Creating environment hook '/home/syafihidayat/Documents/robot_ws/install/lbringup/share/lbringup/hook/cmake_prefix_path.ps1'
[0.963s] INFO:colcon.colcon_core.shell:Creating environment descriptor '/home/syafihidayat/Documents/robot_ws/install/lbringup/share/lbringup/hook/cmake_prefix_path.dsv'
[0.964s] INFO:colcon.colcon_core.shell:Creating environment hook '/home/syafihidayat/Documents/robot_ws/install/lbringup/share/lbringup/hook/cmake_prefix_path.sh'
[0.965s] Level 1:colcon.colcon_core.environment:checking '/home/syafihidayat/Documents/robot_ws/install/lbringup/bin'
[0.965s] Level 1:colcon.colcon_core.environment:checking '/home/syafihidayat/Documents/robot_ws/install/lbringup/lib/pkgconfig/lbringup.pc'
[0.966s] Level 1:colcon.colcon_core.environment:checking '/home/syafihidayat/Documents/robot_ws/install/lbringup/lib/python3.10/site-packages'
[0.966s] Level 1:colcon.colcon_core.environment:checking '/home/syafihidayat/Documents/robot_ws/install/lbringup/bin'
[0.966s] INFO:colcon.colcon_core.shell:Creating package script '/home/syafihidayat/Documents/robot_ws/install/lbringup/share/lbringup/package.ps1'
[0.967s] INFO:colcon.colcon_core.shell:Creating package descriptor '/home/syafihidayat/Documents/robot_ws/install/lbringup/share/lbringup/package.dsv'
[0.968s] INFO:colcon.colcon_core.shell:Creating package script '/home/syafihidayat/Documents/robot_ws/install/lbringup/share/lbringup/package.sh'
[0.968s] INFO:colcon.colcon_core.shell:Creating package script '/home/syafihidayat/Documents/robot_ws/install/lbringup/share/lbringup/package.bash'
[0.969s] INFO:colcon.colcon_core.shell:Creating package script '/home/syafihidayat/Documents/robot_ws/install/lbringup/share/lbringup/package.zsh'
[0.969s] Level 1:colcon.colcon_core.environment:create_file_with_runtime_dependencies(/home/syafihidayat/Documents/robot_ws/install/lbringup/share/colcon-core/packages/lbringup)
[0.971s] Level 1:colcon.colcon_core.environment:create_environment_scripts_only(lbringup)
[0.971s] Level 1:colcon.colcon_core.environment:checking '/home/syafihidayat/Documents/robot_ws/install/lbringup' for CMake module files
[0.971s] Level 1:colcon.colcon_core.environment:checking '/home/syafihidayat/Documents/robot_ws/install/lbringup' for CMake config files
[0.971s] Level 1:colcon.colcon_core.shell:create_environment_hook('lbringup', 'cmake_prefix_path')
[0.971s] INFO:colcon.colcon_core.shell:Creating environment hook '/home/syafihidayat/Documents/robot_ws/install/lbringup/share/lbringup/hook/cmake_prefix_path.ps1'
[0.972s] INFO:colcon.colcon_core.shell:Creating environment descriptor '/home/syafihidayat/Documents/robot_ws/install/lbringup/share/lbringup/hook/cmake_prefix_path.dsv'
[0.972s] INFO:colcon.colcon_core.shell:Creating environment hook '/home/syafihidayat/Documents/robot_ws/install/lbringup/share/lbringup/hook/cmake_prefix_path.sh'
[0.973s] Level 1:colcon.colcon_core.environment:checking '/home/syafihidayat/Documents/robot_ws/install/lbringup/bin'
[0.973s] Level 1:colcon.colcon_core.environment:checking '/home/syafihidayat/Documents/robot_ws/install/lbringup/lib/pkgconfig/lbringup.pc'
[0.973s] Level 1:colcon.colcon_core.environment:checking '/home/syafihidayat/Documents/robot_ws/install/lbringup/lib/python3.10/site-packages'
[0.973s] Level 1:colcon.colcon_core.environment:checking '/home/syafihidayat/Documents/robot_ws/install/lbringup/bin'
[0.973s] INFO:colcon.colcon_core.shell:Creating package script '/home/syafihidayat/Documents/robot_ws/install/lbringup/share/lbringup/package.ps1'
[0.974s] INFO:colcon.colcon_core.shell:Creating package descriptor '/home/syafihidayat/Documents/robot_ws/install/lbringup/share/lbringup/package.dsv'
[0.974s] INFO:colcon.colcon_core.shell:Creating package script '/home/syafihidayat/Documents/robot_ws/install/lbringup/share/lbringup/package.sh'
[0.975s] INFO:colcon.colcon_core.shell:Creating package script '/home/syafihidayat/Documents/robot_ws/install/lbringup/share/lbringup/package.bash'
[0.975s] INFO:colcon.colcon_core.shell:Creating package script '/home/syafihidayat/Documents/robot_ws/install/lbringup/share/lbringup/package.zsh'
[0.975s] Level 1:colcon.colcon_core.environment:create_file_with_runtime_dependencies(/home/syafihidayat/Documents/robot_ws/install/lbringup/share/colcon-core/packages/lbringup)
[0.977s] Level 1:colcon.colcon_core.environment:create_environment_scripts_only(robot_navigation)
[0.977s] Level 1:colcon.colcon_core.environment:checking '/home/syafihidayat/Documents/robot_ws/install/robot_navigation' for CMake module files
[0.978s] DEBUG:colcon.colcon_core.event_handler.log_command:Invoked command in '/home/syafihidayat/Documents/robot_ws/build/robot_navigation' returned '0': CMAKE_PREFIX_PATH=${CMAKE_PREFIX_PATH}:/opt/ros/humble /usr/bin/cmake --install /home/syafihidayat/Documents/robot_ws/build/robot_navigation
[0.979s] Level 1:colcon.colcon_core.environment:checking '/home/syafihidayat/Documents/robot_ws/install/robot_navigation' for CMake config files
[0.979s] Level 1:colcon.colcon_core.shell:create_environment_hook('robot_navigation', 'cmake_prefix_path')
[0.979s] INFO:colcon.colcon_core.shell:Creating environment hook '/home/syafihidayat/Documents/robot_ws/install/robot_navigation/share/robot_navigation/hook/cmake_prefix_path.ps1'
[0.980s] INFO:colcon.colcon_core.shell:Creating environment descriptor '/home/syafihidayat/Documents/robot_ws/install/robot_navigation/share/robot_navigation/hook/cmake_prefix_path.dsv'
[0.980s] INFO:colcon.colcon_core.shell:Creating environment hook '/home/syafihidayat/Documents/robot_ws/install/robot_navigation/share/robot_navigation/hook/cmake_prefix_path.sh'
[0.981s] Level 1:colcon.colcon_core.environment:checking '/home/syafihidayat/Documents/robot_ws/install/robot_navigation/bin'
[0.981s] Level 1:colcon.colcon_core.environment:checking '/home/syafihidayat/Documents/robot_ws/install/robot_navigation/lib/pkgconfig/robot_navigation.pc'
[0.981s] Level 1:colcon.colcon_core.environment:checking '/home/syafihidayat/Documents/robot_ws/install/robot_navigation/lib/python3.10/site-packages'
[0.981s] Level 1:colcon.colcon_core.environment:checking '/home/syafihidayat/Documents/robot_ws/install/robot_navigation/bin'
[0.981s] INFO:colcon.colcon_core.shell:Creating package script '/home/syafihidayat/Documents/robot_ws/install/robot_navigation/share/robot_navigation/package.ps1'
[0.982s] INFO:colcon.colcon_core.shell:Creating package descriptor '/home/syafihidayat/Documents/robot_ws/install/robot_navigation/share/robot_navigation/package.dsv'
[0.982s] INFO:colcon.colcon_core.shell:Creating package script '/home/syafihidayat/Documents/robot_ws/install/robot_navigation/share/robot_navigation/package.sh'
[0.983s] INFO:colcon.colcon_core.shell:Creating package script '/home/syafihidayat/Documents/robot_ws/install/robot_navigation/share/robot_navigation/package.bash'
[0.983s] INFO:colcon.colcon_core.shell:Creating package script '/home/syafihidayat/Documents/robot_ws/install/robot_navigation/share/robot_navigation/package.zsh'
[0.983s] Level 1:colcon.colcon_core.environment:create_file_with_runtime_dependencies(/home/syafihidayat/Documents/robot_ws/install/robot_navigation/share/colcon-core/packages/robot_navigation)
[0.985s] Level 1:colcon.colcon_core.environment:create_environment_scripts_only(robot_navigation)
[0.985s] Level 1:colcon.colcon_core.environment:checking '/home/syafihidayat/Documents/robot_ws/install/robot_navigation' for CMake module files
[0.985s] Level 1:colcon.colcon_core.environment:checking '/home/syafihidayat/Documents/robot_ws/install/robot_navigation' for CMake config files
[0.986s] Level 1:colcon.colcon_core.shell:create_environment_hook('robot_navigation', 'cmake_prefix_path')
[0.986s] INFO:colcon.colcon_core.shell:Creating environment hook '/home/syafihidayat/Documents/robot_ws/install/robot_navigation/share/robot_navigation/hook/cmake_prefix_path.ps1'
[0.986s] INFO:colcon.colcon_core.shell:Creating environment descriptor '/home/syafihidayat/Documents/robot_ws/install/robot_navigation/share/robot_navigation/hook/cmake_prefix_path.dsv'
[0.987s] INFO:colcon.colcon_core.shell:Creating environment hook '/home/syafihidayat/Documents/robot_ws/install/robot_navigation/share/robot_navigation/hook/cmake_prefix_path.sh'
[0.988s] Level 1:colcon.colcon_core.environment:checking '/home/syafihidayat/Documents/robot_ws/install/robot_navigation/bin'
[0.988s] Level 1:colcon.colcon_core.environment:checking '/home/syafihidayat/Documents/robot_ws/install/robot_navigation/lib/pkgconfig/robot_navigation.pc'
[0.988s] Level 1:colcon.colcon_core.environment:checking '/home/syafihidayat/Documents/robot_ws/install/robot_navigation/lib/python3.10/site-packages'
[0.988s] Level 1:colcon.colcon_core.environment:checking '/home/syafihidayat/Documents/robot_ws/install/robot_navigation/bin'
[0.989s] INFO:colcon.colcon_core.shell:Creating package script '/home/syafihidayat/Documents/robot_ws/install/robot_navigation/share/robot_navigation/package.ps1'
[0.990s] INFO:colcon.colcon_core.shell:Creating package descriptor '/home/syafihidayat/Documents/robot_ws/install/robot_navigation/share/robot_navigation/package.dsv'
[0.991s] INFO:colcon.colcon_core.shell:Creating package script '/home/syafihidayat/Documents/robot_ws/install/robot_navigation/share/robot_navigation/package.sh'
[0.991s] INFO:colcon.colcon_core.shell:Creating package script '/home/syafihidayat/Documents/robot_ws/install/robot_navigation/share/robot_navigation/package.bash'
[0.991s] INFO:colcon.colcon_core.shell:Creating package script '/home/syafihidayat/Documents/robot_ws/install/robot_navigation/share/robot_navigation/package.zsh'
[0.992s] Level 1:colcon.colcon_core.environment:create_file_with_runtime_dependencies(/home/syafihidayat/Documents/robot_ws/install/robot_navigation/share/colcon-core/packages/robot_navigation)
[5.304s] DEBUG:colcon.colcon_core.event_handler.log_command:Invoked command in '/home/syafihidayat/Documents/robot_ws/build/robot_pose' returned '0': CMAKE_PREFIX_PATH=${CMAKE_PREFIX_PATH}:/opt/ros/humble /usr/bin/cmake --build /home/syafihidayat/Documents/robot_ws/build/robot_pose -- -j16 -l16
[5.309s] DEBUG:colcon.colcon_core.event_handler.log_command:Invoking command in '/home/syafihidayat/Documents/robot_ws/build/robot_pose': CMAKE_PREFIX_PATH=${CMAKE_PREFIX_PATH}:/opt/ros/humble /usr/bin/cmake --install /home/syafihidayat/Documents/robot_ws/build/robot_pose
[5.329s] Level 1:colcon.colcon_core.environment:create_environment_scripts_only(robot_pose)
[5.331s] Level 1:colcon.colcon_core.environment:checking '/home/syafihidayat/Documents/robot_ws/install/robot_pose' for CMake module files
[5.332s] DEBUG:colcon.colcon_core.event_handler.log_command:Invoked command in '/home/syafihidayat/Documents/robot_ws/build/robot_pose' returned '0': CMAKE_PREFIX_PATH=${CMAKE_PREFIX_PATH}:/opt/ros/humble /usr/bin/cmake --install /home/syafihidayat/Documents/robot_ws/build/robot_pose
[5.332s] Level 1:colcon.colcon_core.environment:checking '/home/syafihidayat/Documents/robot_ws/install/robot_pose' for CMake config files
[5.332s] Level 1:colcon.colcon_core.shell:create_environment_hook('robot_pose', 'cmake_prefix_path')
[5.332s] INFO:colcon.colcon_core.shell:Creating environment hook '/home/syafihidayat/Documents/robot_ws/install/robot_pose/share/robot_pose/hook/cmake_prefix_path.ps1'
[5.334s] INFO:colcon.colcon_core.shell:Creating environment descriptor '/home/syafihidayat/Documents/robot_ws/install/robot_pose/share/robot_pose/hook/cmake_prefix_path.dsv'
[5.337s] INFO:colcon.colcon_core.shell:Creating environment hook '/home/syafihidayat/Documents/robot_ws/install/robot_pose/share/robot_pose/hook/cmake_prefix_path.sh'
[5.338s] Level 1:colcon.colcon_core.environment:checking '/home/syafihidayat/Documents/robot_ws/install/robot_pose/lib'
[5.339s] Level 1:colcon.colcon_core.environment:checking '/home/syafihidayat/Documents/robot_ws/install/robot_pose/bin'
[5.339s] Level 1:colcon.colcon_core.environment:checking '/home/syafihidayat/Documents/robot_ws/install/robot_pose/lib/pkgconfig/robot_pose.pc'
[5.339s] Level 1:colcon.colcon_core.environment:checking '/home/syafihidayat/Documents/robot_ws/install/robot_pose/lib/python3.10/site-packages'
[5.339s] Level 1:colcon.colcon_core.environment:checking '/home/syafihidayat/Documents/robot_ws/install/robot_pose/bin'
[5.339s] INFO:colcon.colcon_core.shell:Creating package script '/home/syafihidayat/Documents/robot_ws/install/robot_pose/share/robot_pose/package.ps1'
[5.340s] INFO:colcon.colcon_core.shell:Creating package descriptor '/home/syafihidayat/Documents/robot_ws/install/robot_pose/share/robot_pose/package.dsv'
[5.341s] INFO:colcon.colcon_core.shell:Creating package script '/home/syafihidayat/Documents/robot_ws/install/robot_pose/share/robot_pose/package.sh'
[5.341s] INFO:colcon.colcon_core.shell:Creating package script '/home/syafihidayat/Documents/robot_ws/install/robot_pose/share/robot_pose/package.bash'
[5.342s] INFO:colcon.colcon_core.shell:Creating package script '/home/syafihidayat/Documents/robot_ws/install/robot_pose/share/robot_pose/package.zsh'
[5.343s] Level 1:colcon.colcon_core.environment:create_file_with_runtime_dependencies(/home/syafihidayat/Documents/robot_ws/install/robot_pose/share/colcon-core/packages/robot_pose)
[5.344s] Level 1:colcon.colcon_core.environment:create_environment_scripts_only(robot_pose)
[5.344s] Level 1:colcon.colcon_core.environment:checking '/home/syafihidayat/Documents/robot_ws/install/robot_pose' for CMake module files
[5.344s] Level 1:colcon.colcon_core.environment:checking '/home/syafihidayat/Documents/robot_ws/install/robot_pose' for CMake config files
[5.345s] Level 1:colcon.colcon_core.shell:create_environment_hook('robot_pose', 'cmake_prefix_path')
[5.345s] INFO:colcon.colcon_core.shell:Creating environment hook '/home/syafihidayat/Documents/robot_ws/install/robot_pose/share/robot_pose/hook/cmake_prefix_path.ps1'
[5.345s] INFO:colcon.colcon_core.shell:Creating environment descriptor '/home/syafihidayat/Documents/robot_ws/install/robot_pose/share/robot_pose/hook/cmake_prefix_path.dsv'
[5.346s] INFO:colcon.colcon_core.shell:Creating environment hook '/home/syafihidayat/Documents/robot_ws/install/robot_pose/share/robot_pose/hook/cmake_prefix_path.sh'
[5.346s] Level 1:colcon.colcon_core.environment:checking '/home/syafihidayat/Documents/robot_ws/install/robot_pose/lib'
[5.346s] Level 1:colcon.colcon_core.environment:checking '/home/syafihidayat/Documents/robot_ws/install/robot_pose/bin'
[5.346s] Level 1:colcon.colcon_core.environment:checking '/home/syafihidayat/Documents/robot_ws/install/robot_pose/lib/pkgconfig/robot_pose.pc'
[5.346s] Level 1:colcon.colcon_core.environment:checking '/home/syafihidayat/Documents/robot_ws/install/robot_pose/lib/python3.10/site-packages'
[5.347s] Level 1:colcon.colcon_core.environment:checking '/home/syafihidayat/Documents/robot_ws/install/robot_pose/bin'
[5.347s] INFO:colcon.colcon_core.shell:Creating package script '/home/syafihidayat/Documents/robot_ws/install/robot_pose/share/robot_pose/package.ps1'
[5.347s] INFO:colcon.colcon_core.shell:Creating package descriptor '/home/syafihidayat/Documents/robot_ws/install/robot_pose/share/robot_pose/package.dsv'
[5.348s] INFO:colcon.colcon_core.shell:Creating package script '/home/syafihidayat/Documents/robot_ws/install/robot_pose/share/robot_pose/package.sh'
[5.348s] INFO:colcon.colcon_core.shell:Creating package script '/home/syafihidayat/Documents/robot_ws/install/robot_pose/share/robot_pose/package.bash'
[5.349s] INFO:colcon.colcon_core.shell:Creating package script '/home/syafihidayat/Documents/robot_ws/install/robot_pose/share/robot_pose/package.zsh'
[5.349s] Level 1:colcon.colcon_core.environment:create_file_with_runtime_dependencies(/home/syafihidayat/Documents/robot_ws/install/robot_pose/share/colcon-core/packages/robot_pose)
[5.525s] DEBUG:colcon.colcon_core.event_handler.log_command:Invoked command in '/home/syafihidayat/Documents/robot_ws/build/robotRos_pkg' returned '2': CMAKE_PREFIX_PATH=${CMAKE_PREFIX_PATH}:/opt/ros/humble /usr/bin/cmake --build /home/syafihidayat/Documents/robot_ws/build/robotRos_pkg -- -j16 -l16
[5.526s] Level 1:colcon.colcon_core.environment:create_environment_scripts_only(robotRos_pkg)
[5.527s] Level 1:colcon.colcon_core.environment:checking '/home/syafihidayat/Documents/robot_ws/install/robotRos_pkg' for CMake module files
[5.530s] Level 1:colcon.colcon_core.environment:checking '/home/syafihidayat/Documents/robot_ws/install/robotRos_pkg' for CMake config files
[5.532s] Level 1:colcon.colcon_core.shell:create_environment_hook('robotRos_pkg', 'cmake_prefix_path')
[5.532s] INFO:colcon.colcon_core.shell:Creating environment hook '/home/syafihidayat/Documents/robot_ws/install/robotRos_pkg/share/robotRos_pkg/hook/cmake_prefix_path.ps1'
[5.532s] INFO:colcon.colcon_core.shell:Creating environment descriptor '/home/syafihidayat/Documents/robot_ws/install/robotRos_pkg/share/robotRos_pkg/hook/cmake_prefix_path.dsv'
[5.533s] INFO:colcon.colcon_core.shell:Creating environment hook '/home/syafihidayat/Documents/robot_ws/install/robotRos_pkg/share/robotRos_pkg/hook/cmake_prefix_path.sh'
[5.533s] Level 1:colcon.colcon_core.environment:checking '/home/syafihidayat/Documents/robot_ws/install/robotRos_pkg/lib'
[5.533s] Level 1:colcon.colcon_core.environment:checking '/home/syafihidayat/Documents/robot_ws/install/robotRos_pkg/bin'
[5.533s] Level 1:colcon.colcon_core.environment:checking '/home/syafihidayat/Documents/robot_ws/install/robotRos_pkg/lib/pkgconfig/robotRos_pkg.pc'
[5.533s] Level 1:colcon.colcon_core.environment:checking '/home/syafihidayat/Documents/robot_ws/install/robotRos_pkg/lib/python3.10/site-packages'
[5.534s] Level 1:colcon.colcon_core.environment:checking '/home/syafihidayat/Documents/robot_ws/install/robotRos_pkg/bin'
[5.534s] INFO:colcon.colcon_core.shell:Creating package script '/home/syafihidayat/Documents/robot_ws/install/robotRos_pkg/share/robotRos_pkg/package.ps1'
[5.534s] INFO:colcon.colcon_core.shell:Creating package descriptor '/home/syafihidayat/Documents/robot_ws/install/robotRos_pkg/share/robotRos_pkg/package.dsv'
[5.535s] INFO:colcon.colcon_core.shell:Creating package script '/home/syafihidayat/Documents/robot_ws/install/robotRos_pkg/share/robotRos_pkg/package.sh'
[5.535s] INFO:colcon.colcon_core.shell:Creating package script '/home/syafihidayat/Documents/robot_ws/install/robotRos_pkg/share/robotRos_pkg/package.bash'
[5.535s] INFO:colcon.colcon_core.shell:Creating package script '/home/syafihidayat/Documents/robot_ws/install/robotRos_pkg/share/robotRos_pkg/package.zsh'
[5.536s] Level 1:colcon.colcon_core.environment:create_file_with_runtime_dependencies(/home/syafihidayat/Documents/robot_ws/install/robotRos_pkg/share/colcon-core/packages/robotRos_pkg)
[5.546s] DEBUG:colcon.colcon_parallel_executor.executor.parallel:closing loop
[5.546s] DEBUG:colcon.colcon_parallel_executor.executor.parallel:loop closed
[5.546s] DEBUG:colcon.colcon_parallel_executor.executor.parallel:run_until_complete finished with '2'
[5.547s] DEBUG:colcon.colcon_core.event_reactor:joining thread
[5.572s] INFO:colcon.colcon_core.plugin_system:Skipping extension 'colcon_notification.desktop_notification.terminal_notifier': Not used on non-Darwin systems
[5.572s] INFO:colcon.colcon_core.plugin_system:Skipping extension 'colcon_notification.desktop_notification.win32': Not used on non-Windows systems
[5.572s] INFO:colcon.colcon_notification.desktop_notification:Sending desktop notification using 'notify2'
[5.621s] DEBUG:colcon.colcon_core.event_reactor:joined thread
[5.621s] INFO:colcon.colcon_core.shell:Creating prefix script '/home/syafihidayat/Documents/robot_ws/install/local_setup.ps1'
[5.623s] INFO:colcon.colcon_core.shell:Creating prefix util module '/home/syafihidayat/Documents/robot_ws/install/_local_setup_util_ps1.py'
[5.625s] INFO:colcon.colcon_core.shell:Creating prefix chain script '/home/syafihidayat/Documents/robot_ws/install/setup.ps1'
[5.626s] INFO:colcon.colcon_core.shell:Creating prefix script '/home/syafihidayat/Documents/robot_ws/install/local_setup.sh'
[5.627s] INFO:colcon.colcon_core.shell:Creating prefix util module '/home/syafihidayat/Documents/robot_ws/install/_local_setup_util_sh.py'
[5.627s] INFO:colcon.colcon_core.shell:Creating prefix chain script '/home/syafihidayat/Documents/robot_ws/install/setup.sh'
[5.628s] INFO:colcon.colcon_core.shell:Creating prefix script '/home/syafihidayat/Documents/robot_ws/install/local_setup.bash'
[5.629s] INFO:colcon.colcon_core.shell:Creating prefix chain script '/home/syafihidayat/Documents/robot_ws/install/setup.bash'
[5.631s] INFO:colcon.colcon_core.shell:Creating prefix script '/home/syafihidayat/Documents/robot_ws/install/local_setup.zsh'
[5.632s] INFO:colcon.colcon_core.shell:Creating prefix chain script '/home/syafihidayat/Documents/robot_ws/install/setup.zsh'
