[0.030s] Invoking command in '/home/syafihidayat/Documents/robot_ws/build/robot_pose': CMAKE_PREFIX_PATH=${CMAKE_PREFIX_PATH}:/opt/ros/humble /usr/bin/cmake --build /home/syafihidayat/Documents/robot_ws/build/robot_pose -- -j16 -l16
[0.064s] -- Found ament_cmake: 1.3.12 (/opt/ros/humble/share/ament_cmake/cmake)
[0.242s] -- Found rclcpp: 16.0.15 (/opt/ros/humble/share/rclcpp/cmake)
[0.278s] -- Found rosidl_generator_c: 3.1.7 (/opt/ros/humble/share/rosidl_generator_c/cmake)
[0.282s] -- Found rosidl_adapter: 3.1.7 (/opt/ros/humble/share/rosidl_adapter/cmake)
[0.292s] -- Found rosidl_generator_cpp: 3.1.7 (/opt/ros/humble/share/rosidl_generator_cpp/cmake)
[0.311s] -- Using all available rosidl_typesupport_c: rosidl_typesupport_fastrtps_c;rosidl_typesupport_introspection_c
[0.329s] -- Using all available rosidl_typesupport_cpp: rosidl_typesupport_fastrtps_cpp;rosidl_typesupport_introspection_cpp
[0.370s] -- Found rmw_implementation_cmake: 6.1.2 (/opt/ros/humble/share/rmw_implementation_cmake/cmake)
[0.374s] -- Found rmw_fastrtps_cpp: 6.2.8 (/opt/ros/humble/share/rmw_fastrtps_cpp/cmake)
[0.496s] -- Using RMW implementation 'rmw_fastrtps_cpp' as default
[0.542s] -- Found geometry_msgs: 4.9.0 (/opt/ros/humble/share/geometry_msgs/cmake)
[0.552s] -- Found nav_msgs: 4.9.0 (/opt/ros/humble/share/nav_msgs/cmake)
[0.567s] -- Found ament_lint_auto: 0.12.14 (/opt/ros/humble/share/ament_lint_auto/cmake)
[0.633s] -- Added test 'cppcheck' to perform static code analysis on C / C++ code
[0.634s] -- Configured cppcheck include dirs: $<BUILD_INTERFACE:/home/syafihidayat/Documents/robot_ws/src/robot_pose/include>
[0.634s] -- Configured cppcheck exclude dirs and/or files: 
[0.634s] -- Added test 'lint_cmake' to check CMake code style
[0.635s] -- Added test 'uncrustify' to check C / C++ code style
[0.635s] -- Configured uncrustify additional arguments: 
[0.635s] -- Added test 'xmllint' to check XML markup files
[0.636s] -- Configuring done
[0.648s] -- Generating done
[0.652s] -- Build files have been written to: /home/syafihidayat/Documents/robot_ws/build/robot_pose
[0.686s] [35m[1mConsolidate compiler generated dependencies of target robotRos_sendP[0m
[0.706s] [100%] Built target robotRos_sendP
[0.721s] Invoked command in '/home/syafihidayat/Documents/robot_ws/build/robot_pose' returned '0': CMAKE_PREFIX_PATH=${CMAKE_PREFIX_PATH}:/opt/ros/humble /usr/bin/cmake --build /home/syafihidayat/Documents/robot_ws/build/robot_pose -- -j16 -l16
[0.723s] Invoking command in '/home/syafihidayat/Documents/robot_ws/build/robot_pose': CMAKE_PREFIX_PATH=${CMAKE_PREFIX_PATH}:/opt/ros/humble /usr/bin/cmake --install /home/syafihidayat/Documents/robot_ws/build/robot_pose
[0.730s] -- Install configuration: ""
[0.731s] -- Up-to-date: /home/syafihidayat/Documents/robot_ws/install/robot_pose/lib/robot_pose/robotRos_sendP
[0.731s] -- Up-to-date: /home/syafihidayat/Documents/robot_ws/install/robot_pose/share/ament_index/resource_index/package_run_dependencies/robot_pose
[0.731s] -- Installing: /home/syafihidayat/Documents/robot_ws/install/robot_pose/share/ament_index/resource_index/parent_prefix_path/robot_pose
[0.731s] -- Up-to-date: /home/syafihidayat/Documents/robot_ws/install/robot_pose/share/robot_pose/environment/ament_prefix_path.sh
[0.731s] -- Installing: /home/syafihidayat/Documents/robot_ws/install/robot_pose/share/robot_pose/environment/ament_prefix_path.dsv
[0.732s] -- Up-to-date: /home/syafihidayat/Documents/robot_ws/install/robot_pose/share/robot_pose/environment/path.sh
[0.732s] -- Installing: /home/syafihidayat/Documents/robot_ws/install/robot_pose/share/robot_pose/environment/path.dsv
[0.732s] -- Up-to-date: /home/syafihidayat/Documents/robot_ws/install/robot_pose/share/robot_pose/local_setup.bash
[0.732s] -- Up-to-date: /home/syafihidayat/Documents/robot_ws/install/robot_pose/share/robot_pose/local_setup.sh
[0.732s] -- Up-to-date: /home/syafihidayat/Documents/robot_ws/install/robot_pose/share/robot_pose/local_setup.zsh
[0.732s] -- Installing: /home/syafihidayat/Documents/robot_ws/install/robot_pose/share/robot_pose/local_setup.dsv
[0.732s] -- Installing: /home/syafihidayat/Documents/robot_ws/install/robot_pose/share/robot_pose/package.dsv
[0.732s] -- Up-to-date: /home/syafihidayat/Documents/robot_ws/install/robot_pose/share/ament_index/resource_index/packages/robot_pose
[0.732s] -- Up-to-date: /home/syafihidayat/Documents/robot_ws/install/robot_pose/share/robot_pose/cmake/robot_poseConfig.cmake
[0.732s] -- Up-to-date: /home/syafihidayat/Documents/robot_ws/install/robot_pose/share/robot_pose/cmake/robot_poseConfig-version.cmake
[0.732s] -- Up-to-date: /home/syafihidayat/Documents/robot_ws/install/robot_pose/share/robot_pose/package.xml
[0.735s] Invoked command in '/home/syafihidayat/Documents/robot_ws/build/robot_pose' returned '0': CMAKE_PREFIX_PATH=${CMAKE_PREFIX_PATH}:/opt/ros/humble /usr/bin/cmake --install /home/syafihidayat/Documents/robot_ws/build/robot_pose
