[0.026s] Invoking command in '/home/syafihidayat/Documents/robot_ws/build/robotRos_pkg': CMAKE_PREFIX_PATH=${CMAKE_PREFIX_PATH}:/opt/ros/humble /usr/bin/cmake --build /home/syafihidayat/Documents/robot_ws/build/robotRos_pkg -- -j16 -l16
[0.089s] [35m[1mConsolidate compiler generated dependencies of target robotRos_node[0m
[0.122s] [ 50%] [32mBuilding CXX object CMakeFiles/robotRos_node.dir/src/robotRos_node.cpp.o[0m
[12.231s] [100%] [32m[1mLinking CXX executable robotRos_node[0m
[13.262s] [100%] Built target robotRos_node
[13.278s] Invoked command in '/home/syafihidayat/Documents/robot_ws/build/robotRos_pkg' returned '0': CMAKE_PREFIX_PATH=${CMAKE_PREFIX_PATH}:/opt/ros/humble /usr/bin/cmake --build /home/syafihidayat/Documents/robot_ws/build/robotRos_pkg -- -j16 -l16
[13.280s] Invoking command in '/home/syafihidayat/Documents/robot_ws/build/robotRos_pkg': CMAKE_PREFIX_PATH=${CMAKE_PREFIX_PATH}:/opt/ros/humble /usr/bin/cmake --install /home/syafihidayat/Documents/robot_ws/build/robotRos_pkg
[13.290s] -- Install configuration: ""
[13.291s] -- Installing: /home/syafihidayat/Documents/robot_ws/install/robotRos_pkg/lib/robotRos_pkg/robotRos_node
[13.301s] -- Set runtime path of "/home/syafihidayat/Documents/robot_ws/install/robotRos_pkg/lib/robotRos_pkg/robotRos_node" to ""
[13.302s] -- Up-to-date: /home/syafihidayat/Documents/robot_ws/install/robotRos_pkg/share/ament_index/resource_index/package_run_dependencies/robotRos_pkg
[13.302s] -- Up-to-date: /home/syafihidayat/Documents/robot_ws/install/robotRos_pkg/share/ament_index/resource_index/parent_prefix_path/robotRos_pkg
[13.302s] -- Up-to-date: /home/syafihidayat/Documents/robot_ws/install/robotRos_pkg/share/robotRos_pkg/environment/ament_prefix_path.sh
[13.302s] -- Up-to-date: /home/syafihidayat/Documents/robot_ws/install/robotRos_pkg/share/robotRos_pkg/environment/ament_prefix_path.dsv
[13.302s] -- Up-to-date: /home/syafihidayat/Documents/robot_ws/install/robotRos_pkg/share/robotRos_pkg/environment/path.sh
[13.302s] -- Up-to-date: /home/syafihidayat/Documents/robot_ws/install/robotRos_pkg/share/robotRos_pkg/environment/path.dsv
[13.302s] -- Up-to-date: /home/syafihidayat/Documents/robot_ws/install/robotRos_pkg/share/robotRos_pkg/local_setup.bash
[13.302s] -- Up-to-date: /home/syafihidayat/Documents/robot_ws/install/robotRos_pkg/share/robotRos_pkg/local_setup.sh
[13.302s] -- Up-to-date: /home/syafihidayat/Documents/robot_ws/install/robotRos_pkg/share/robotRos_pkg/local_setup.zsh
[13.303s] -- Up-to-date: /home/syafihidayat/Documents/robot_ws/install/robotRos_pkg/share/robotRos_pkg/local_setup.dsv
[13.303s] -- Installing: /home/syafihidayat/Documents/robot_ws/install/robotRos_pkg/share/robotRos_pkg/package.dsv
[13.303s] -- Up-to-date: /home/syafihidayat/Documents/robot_ws/install/robotRos_pkg/share/ament_index/resource_index/packages/robotRos_pkg
[13.303s] -- Up-to-date: /home/syafihidayat/Documents/robot_ws/install/robotRos_pkg/share/robotRos_pkg/cmake/robotRos_pkgConfig.cmake
[13.303s] -- Up-to-date: /home/syafihidayat/Documents/robot_ws/install/robotRos_pkg/share/robotRos_pkg/cmake/robotRos_pkgConfig-version.cmake
[13.303s] -- Up-to-date: /home/syafihidayat/Documents/robot_ws/install/robotRos_pkg/share/robotRos_pkg/package.xml
[13.306s] Invoked command in '/home/syafihidayat/Documents/robot_ws/build/robotRos_pkg' returned '0': CMAKE_PREFIX_PATH=${CMAKE_PREFIX_PATH}:/opt/ros/humble /usr/bin/cmake --install /home/syafihidayat/Documents/robot_ws/build/robotRos_pkg
