[0.027s] Invoking command in '/home/syafihidayat/Documents/robot_ws/build/robot_navigation': CMAKE_PREFIX_PATH=${CMAKE_PREFIX_PATH}:/opt/ros/humble /usr/bin/cmake /home/syafihidayat/Documents/robot_ws/src/robot_navigation -DCMAKE_INSTALL_PREFIX=/home/syafihidayat/Documents/robot_ws/install/robot_navigation
[0.113s] -- The C compiler identification is GNU 11.4.0
[0.207s] -- The CXX compiler identification is GNU 11.4.0
[0.218s] -- Detecting C compiler ABI info
[0.321s] -- Detecting C compiler ABI info - done
[0.328s] -- Check for working C compiler: /usr/bin/cc - skipped
[0.328s] -- Detecting C compile features
[0.328s] -- Detecting C compile features - done
[0.331s] -- Detecting CXX compiler ABI info
[0.433s] -- Detecting CXX compiler ABI info - done
[0.440s] -- Check for working CXX compiler: /usr/bin/c++ - skipped
[0.440s] -- Detecting CXX compile features
[0.440s] -- Detecting CXX compile features - done
[0.444s] -- Found ament_cmake: 1.3.12 (/opt/ros/humble/share/ament_cmake/cmake)
[0.611s] -- Found Python3: /usr/bin/python3 (found version "3.10.12") found components: Interpreter 
[0.714s] -- Found nav_msgs: 4.9.0 (/opt/ros/humble/share/nav_msgs/cmake)
[0.753s] -- Found rosidl_generator_c: 3.1.7 (/opt/ros/humble/share/rosidl_generator_c/cmake)
[0.759s] -- Found rosidl_adapter: 3.1.7 (/opt/ros/humble/share/rosidl_adapter/cmake)
[0.768s] -- Found rosidl_generator_cpp: 3.1.7 (/opt/ros/humble/share/rosidl_generator_cpp/cmake)
[0.780s] -- Using all available rosidl_typesupport_c: rosidl_typesupport_fastrtps_c;rosidl_typesupport_introspection_c
[0.797s] -- Using all available rosidl_typesupport_cpp: rosidl_typesupport_fastrtps_cpp;rosidl_typesupport_introspection_cpp
[0.856s] -- Found tf2_ros: 0.25.16 (/opt/ros/humble/share/tf2_ros/cmake)
[0.928s] -- Found rmw_implementation_cmake: 6.1.2 (/opt/ros/humble/share/rmw_implementation_cmake/cmake)
[0.931s] -- Found rmw_fastrtps_cpp: 6.2.8 (/opt/ros/humble/share/rmw_fastrtps_cpp/cmake)
[1.051s] -- Found OpenSSL: /usr/lib/x86_64-linux-gnu/libcrypto.so (found version "3.0.2")  
[1.080s] -- Found FastRTPS: /opt/ros/humble/include  
[1.126s] -- Using RMW implementation 'rmw_fastrtps_cpp' as default
[1.136s] -- Looking for pthread.h
[1.219s] -- Looking for pthread.h - found
[1.219s] -- Performing Test CMAKE_HAVE_LIBC_PTHREAD
[1.304s] -- Performing Test CMAKE_HAVE_LIBC_PTHREAD - Success
[1.305s] -- Found Threads: TRUE  
[1.405s] -- Found ament_lint_auto: 0.12.14 (/opt/ros/humble/share/ament_lint_auto/cmake)
[1.478s] -- Added test 'flake8' to check Python code syntax and style conventions
[1.478s] -- Added test 'lint_cmake' to check CMake code style
[1.479s] -- Added test 'pep257' to check Python code against some of the docstring style conventions in PEP 257
[1.480s] -- Added test 'xmllint' to check XML markup files
[1.481s] -- Configuring done
[1.493s] -- Generating done
[1.496s] -- Build files have been written to: /home/syafihidayat/Documents/robot_ws/build/robot_navigation
[1.506s] Invoked command in '/home/syafihidayat/Documents/robot_ws/build/robot_navigation' returned '0': CMAKE_PREFIX_PATH=${CMAKE_PREFIX_PATH}:/opt/ros/humble /usr/bin/cmake /home/syafihidayat/Documents/robot_ws/src/robot_navigation -DCMAKE_INSTALL_PREFIX=/home/syafihidayat/Documents/robot_ws/install/robot_navigation
[1.508s] Invoking command in '/home/syafihidayat/Documents/robot_ws/build/robot_navigation': CMAKE_PREFIX_PATH=${CMAKE_PREFIX_PATH}:/opt/ros/humble /usr/bin/cmake --build /home/syafihidayat/Documents/robot_ws/build/robot_navigation -- -j16 -l16
[1.559s] Invoked command in '/home/syafihidayat/Documents/robot_ws/build/robot_navigation' returned '0': CMAKE_PREFIX_PATH=${CMAKE_PREFIX_PATH}:/opt/ros/humble /usr/bin/cmake --build /home/syafihidayat/Documents/robot_ws/build/robot_navigation -- -j16 -l16
[1.561s] Invoking command in '/home/syafihidayat/Documents/robot_ws/build/robot_navigation': CMAKE_PREFIX_PATH=${CMAKE_PREFIX_PATH}:/opt/ros/humble /usr/bin/cmake --install /home/syafihidayat/Documents/robot_ws/build/robot_navigation
[1.569s] -- Install configuration: ""
[1.569s] -- Installing: /home/syafihidayat/Documents/robot_ws/install/robot_navigation/share/robot_navigation/launch
[1.569s] [31mCMake Error at cmake_install.cmake:46 (file):
[1.569s]   file INSTALL cannot find
[1.569s]   "/home/syafihidayat/Documents/robot_ws/src/robot_navigation/config": No
[1.570s]   such file or directory.
[1.570s] 
[1.570s] [0m
[1.570s] -- Installing: /home/syafihidayat/Documents/robot_ws/install/robot_navigation/share/robot_navigation/launch/realsense_3d_map.launch.py
[1.571s] Invoked command in '/home/syafihidayat/Documents/robot_ws/build/robot_navigation' returned '1': CMAKE_PREFIX_PATH=${CMAKE_PREFIX_PATH}:/opt/ros/humble /usr/bin/cmake --install /home/syafihidayat/Documents/robot_ws/build/robot_navigation
