[0.025s] Invoking command in '/home/syafihidayat/Documents/robot_ws/build/lbringup': CMAKE_PREFIX_PATH=${CMAKE_PREFIX_PATH}:/opt/ros/humble /usr/bin/cmake /home/syafihidayat/Documents/robot_ws/src/lbringup -DCMAKE_INSTALL_PREFIX=/home/syafihidayat/Documents/robot_ws/install/lbringup
[0.124s] -- The C compiler identification is GNU 11.4.0
[0.204s] -- The CXX compiler identification is GNU 11.4.0
[0.214s] -- Detecting C compiler ABI info
[0.318s] -- Detecting C compiler ABI info - done
[0.324s] -- Check for working C compiler: /usr/bin/cc - skipped
[0.325s] -- Detecting C compile features
[0.325s] -- Detecting C compile features - done
[0.328s] -- Detecting CXX compiler ABI info
[0.423s] -- Detecting CXX compiler ABI info - done
[0.430s] -- Check for working CXX compiler: /usr/bin/c++ - skipped
[0.430s] -- Detecting CXX compile features
[0.431s] -- Detecting CXX compile features - done
[0.434s] -- Found ament_cmake: 1.3.12 (/opt/ros/humble/share/ament_cmake/cmake)
[0.589s] -- Found Python3: /usr/bin/python3 (found version "3.10.12") found components: Interpreter 
[0.756s] -- Configuring done
[0.759s] -- Generating done
[0.760s] -- Build files have been written to: /home/syafihidayat/Documents/robot_ws/build/lbringup
[0.765s] Invoked command in '/home/syafihidayat/Documents/robot_ws/build/lbringup' returned '0': CMAKE_PREFIX_PATH=${CMAKE_PREFIX_PATH}:/opt/ros/humble /usr/bin/cmake /home/syafihidayat/Documents/robot_ws/src/lbringup -DCMAKE_INSTALL_PREFIX=/home/syafihidayat/Documents/robot_ws/install/lbringup
[0.766s] Invoking command in '/home/syafihidayat/Documents/robot_ws/build/lbringup': CMAKE_PREFIX_PATH=${CMAKE_PREFIX_PATH}:/opt/ros/humble /usr/bin/cmake --build /home/syafihidayat/Documents/robot_ws/build/lbringup -- -j16 -l16
[0.823s] Invoked command in '/home/syafihidayat/Documents/robot_ws/build/lbringup' returned '0': CMAKE_PREFIX_PATH=${CMAKE_PREFIX_PATH}:/opt/ros/humble /usr/bin/cmake --build /home/syafihidayat/Documents/robot_ws/build/lbringup -- -j16 -l16
[0.824s] Invoking command in '/home/syafihidayat/Documents/robot_ws/build/lbringup': CMAKE_PREFIX_PATH=${CMAKE_PREFIX_PATH}:/opt/ros/humble /usr/bin/cmake --install /home/syafihidayat/Documents/robot_ws/build/lbringup
[0.834s] -- Install configuration: ""
[0.834s] -- Installing: /home/syafihidayat/Documents/robot_ws/install/lbringup/share/lbringup/launch
[0.834s] -- Installing: /home/syafihidayat/Documents/robot_ws/install/lbringup/share/lbringup/launch/lasers.launch.py
[0.834s] -- Installing: /home/syafihidayat/Documents/robot_ws/install/lbringup/share/lbringup/launch/default_robot.launch.py
[0.834s] -- Installing: /home/syafihidayat/Documents/robot_ws/install/lbringup/share/lbringup/launch/depth.launch.py
[0.835s] -- Installing: /home/syafihidayat/Documents/robot_ws/install/lbringup/share/lbringup/launch/extra_launch.py
[0.835s] -- Installing: /home/syafihidayat/Documents/robot_ws/install/lbringup/share/lbringup/launch/custom_robot.launch.py
[0.835s] -- Installing: /home/syafihidayat/Documents/robot_ws/install/lbringup/share/lbringup/launch/sensors.launch.py
[0.835s] -- Installing: /home/syafihidayat/Documents/robot_ws/install/lbringup/share/lbringup/launch/bringup.launch.py
[0.835s] -- Installing: /home/syafihidayat/Documents/robot_ws/install/lbringup/share/lbringup/launch/joy_teleop.launch.py
[0.835s] -- Installing: /home/syafihidayat/Documents/robot_ws/install/lbringup/share/lbringup/config
[0.835s] -- Installing: /home/syafihidayat/Documents/robot_ws/install/lbringup/share/lbringup/config/twist_mux.yaml
[0.835s] -- Installing: /home/syafihidayat/Documents/robot_ws/install/lbringup/share/lbringup/config/zed_common.yaml
[0.836s] -- Installing: /home/syafihidayat/Documents/robot_ws/install/lbringup/share/lbringup/config/box_laser_filter.yaml
[0.836s] -- Installing: /home/syafihidayat/Documents/robot_ws/install/lbringup/share/lbringup/config/fake_laser.yaml
[0.837s] -- Installing: /home/syafihidayat/Documents/robot_ws/install/lbringup/share/lbringup/config/ekf.yaml
[0.838s] -- Installing: /home/syafihidayat/Documents/robot_ws/install/lbringup/share/lbringup/config/joy.yaml
[0.838s] -- Installing: /home/syafihidayat/Documents/robot_ws/install/lbringup/share/ament_index/resource_index/package_run_dependencies/lbringup
[0.838s] -- Installing: /home/syafihidayat/Documents/robot_ws/install/lbringup/share/ament_index/resource_index/parent_prefix_path/lbringup
[0.838s] -- Installing: /home/syafihidayat/Documents/robot_ws/install/lbringup/share/lbringup/environment/ament_prefix_path.sh
[0.839s] -- Installing: /home/syafihidayat/Documents/robot_ws/install/lbringup/share/lbringup/environment/ament_prefix_path.dsv
[0.839s] -- Installing: /home/syafihidayat/Documents/robot_ws/install/lbringup/share/lbringup/environment/path.sh
[0.839s] -- Installing: /home/syafihidayat/Documents/robot_ws/install/lbringup/share/lbringup/environment/path.dsv
[0.839s] -- Installing: /home/syafihidayat/Documents/robot_ws/install/lbringup/share/lbringup/local_setup.bash
[0.840s] -- Installing: /home/syafihidayat/Documents/robot_ws/install/lbringup/share/lbringup/local_setup.sh
[0.840s] -- Installing: /home/syafihidayat/Documents/robot_ws/install/lbringup/share/lbringup/local_setup.zsh
[0.840s] -- Installing: /home/syafihidayat/Documents/robot_ws/install/lbringup/share/lbringup/local_setup.dsv
[0.840s] -- Installing: /home/syafihidayat/Documents/robot_ws/install/lbringup/share/lbringup/package.dsv
[0.841s] -- Installing: /home/syafihidayat/Documents/robot_ws/install/lbringup/share/ament_index/resource_index/packages/lbringup
[0.841s] -- Installing: /home/syafihidayat/Documents/robot_ws/install/lbringup/share/lbringup/cmake/lbringupConfig.cmake
[0.841s] -- Installing: /home/syafihidayat/Documents/robot_ws/install/lbringup/share/lbringup/cmake/lbringupConfig-version.cmake
[0.841s] -- Installing: /home/syafihidayat/Documents/robot_ws/install/lbringup/share/lbringup/package.xml
[0.855s] Invoked command in '/home/syafihidayat/Documents/robot_ws/build/lbringup' returned '0': CMAKE_PREFIX_PATH=${CMAKE_PREFIX_PATH}:/opt/ros/humble /usr/bin/cmake --install /home/syafihidayat/Documents/robot_ws/build/lbringup
