[0.027s] Invoking command in '/home/syafihidayat/Documents/robot_ws/build/robotRos_pkg': CMAKE_PREFIX_PATH=${CMAKE_PREFIX_PATH}:/opt/ros/humble /usr/bin/cmake --build /home/syafihidayat/Documents/robot_ws/build/robotRos_pkg -- -j16 -l16
[0.100s] [35m[1mConsolidate compiler generated dependencies of target robotRos_node[0m
[0.128s] [ 50%] [32mBuilding CXX object CMakeFiles/robotRos_node.dir/src/robotRos_node.cpp.o[0m
[2.449s] [01m[K/home/syafihidayat/Documents/robot_ws/src/robotRos_pkg/src/robotRos_node.cpp:[m[K In constructor ‘[01m[KMovement::Movement()[m[K’:
[2.449s] [01m[K/home/syafihidayat/Documents/robot_ws/src/robotRos_pkg/src/robotRos_node.cpp:18:71:[m[K [01;31m[Kerror: [m[Kno matching function for call to ‘[01m[Kgeometry_msgs::msg::Point_<std::allocator<void> >::Point_(const char [6], int, std::_Bind_helper<false, void (Movement::*)(std::shared_ptr<geometry_msgs::msg::Point_<std::allocator<void> > >), Movement*, const std::_Placeholder<1>&>::type)[m[K’
[2.449s]    18 |      std::bind(&Movement::pose_callback, this, std::placeholders::_1)[01;31m[K)[m[K;
[2.449s]       |                                                                      [01;31m[K^[m[K
[2.450s] 
[2.450s] In file included from [01m[K/opt/ros/humble/include/geometry_msgs/geometry_msgs/msg/detail/pose__struct.hpp:20[m[K,
[2.450s]                  from [01m[K/opt/ros/humble/include/geometry_msgs/geometry_msgs/msg/detail/pose_with_covariance__struct.hpp:20[m[K,
[2.450s]                  from [01m[K/opt/ros/humble/include/nav_msgs/nav_msgs/msg/detail/odometry__struct.hpp:22[m[K,
[2.450s]                  from [01m[K/opt/ros/humble/include/nav_msgs/nav_msgs/msg/odometry.hpp:7[m[K,
[2.450s]                  from [01m[K/home/syafihidayat/Documents/robot_ws/src/robotRos_pkg/src/robotRos_node.cpp:3[m[K:
[2.450s] [01m[K/opt/ros/humble/include/geometry_msgs/geometry_msgs/msg/detail/point__struct.hpp:47:12:[m[K [01;36m[Knote: [m[Kcandidate: ‘[01m[Kgeometry_msgs::msg::Point_<ContainerAllocator>::Point_(const ContainerAllocator&, rosidl_runtime_cpp::MessageInitialization) [with ContainerAllocator = std::allocator<void>][m[K’
[2.450s]    47 |   explicit [01;36m[KPoint_[m[K(const ContainerAllocator & _alloc, rosidl_runtime_cpp::MessageInitialization _init = rosidl_runtime_cpp::MessageInitialization::ALL)
[2.450s]       |            [01;36m[K^~~~~~[m[K
[2.450s] [01m[K/opt/ros/humble/include/geometry_msgs/geometry_msgs/msg/detail/point__struct.hpp:47:12:[m[K [01;36m[Knote: [m[K  candidate expects 2 arguments, 3 provided
[2.450s] [01m[K/opt/ros/humble/include/geometry_msgs/geometry_msgs/msg/detail/point__struct.hpp:36:12:[m[K [01;36m[Knote: [m[Kcandidate: ‘[01m[Kgeometry_msgs::msg::Point_<ContainerAllocator>::Point_(rosidl_runtime_cpp::MessageInitialization) [with ContainerAllocator = std::allocator<void>][m[K’
[2.451s]    36 |   explicit [01;36m[KPoint_[m[K(rosidl_runtime_cpp::MessageInitialization _init = rosidl_runtime_cpp::MessageInitialization::ALL)
[2.451s]       |            [01;36m[K^~~~~~[m[K
[2.451s] [01m[K/opt/ros/humble/include/geometry_msgs/geometry_msgs/msg/detail/point__struct.hpp:36:12:[m[K [01;36m[Knote: [m[K  candidate expects 1 argument, 3 provided
[2.451s] [01m[K/opt/ros/humble/include/geometry_msgs/geometry_msgs/msg/detail/point__struct.hpp:32:8:[m[K [01;36m[Knote: [m[Kcandidate: ‘[01m[Kconstexpr geometry_msgs::msg::Point_<std::allocator<void> >::Point_(const geometry_msgs::msg::Point_<std::allocator<void> >&)[m[K’
[2.451s]    32 | struct [01;36m[KPoint_[m[K
[2.451s]       |        [01;36m[K^~~~~~[m[K
[2.451s] [01m[K/opt/ros/humble/include/geometry_msgs/geometry_msgs/msg/detail/point__struct.hpp:32:8:[m[K [01;36m[Knote: [m[K  candidate expects 1 argument, 3 provided
[2.451s] [01m[K/opt/ros/humble/include/geometry_msgs/geometry_msgs/msg/detail/point__struct.hpp:32:8:[m[K [01;36m[Knote: [m[Kcandidate: ‘[01m[Kconstexpr geometry_msgs::msg::Point_<std::allocator<void> >::Point_(geometry_msgs::msg::Point_<std::allocator<void> >&&)[m[K’
[2.451s] [01m[K/opt/ros/humble/include/geometry_msgs/geometry_msgs/msg/detail/point__struct.hpp:32:8:[m[K [01;36m[Knote: [m[K  candidate expects 1 argument, 3 provided
[2.451s] [01m[K/home/syafihidayat/Documents/robot_ws/src/robotRos_pkg/src/robotRos_node.cpp:17:22:[m[K [01;31m[Kerror: [m[Kparse error in template argument list
[2.451s]    17 |     pose_sub = this->[01;31m[Kcreate_subscription<geometry_msgs::msg::Point("/pose", 10,[m[K
[2.451s]       |                      [01;31m[K^~~~~~~~~~~~~~~~~~~~~~~~~~~~~~~~~~~~~~~~~~~~~~~~~~~~~~~~~~[m[K
[2.451s]    18 | [01;31m[K      std::bind(&Movement::pose_callback, this, std::placeholders::_1))[m[K;
[2.451s]       |       [01;31m[K~~~~~~~~~~~~~~~~~~~~~~~~~~~~~~~~~~~~~~~~~~~~~~~~~~~~~~~~~~~~~~~~~[m[K
[2.451s] [01m[K/home/syafihidayat/Documents/robot_ws/src/robotRos_pkg/src/robotRos_node.cpp:17:22:[m[K [01;31m[Kerror: [m[Kno match for ‘[01m[Koperator=[m[K’ (operand types are ‘[01m[Krclcpp::Subscription<geometry_msgs::msg::Point_<std::allocator<void> > >::SharedPtr[m[K’ {aka ‘[01m[Kstd::shared_ptr<rclcpp::Subscription<geometry_msgs::msg::Point_<std::allocator<void> > > >[m[K’} and ‘[01m[K<unresolved overloaded function type>[m[K’)
[2.451s] In file included from [01m[K/usr/include/c++/11/memory:77[m[K,
[2.451s]                  from [01m[K/opt/ros/humble/include/rclcpp/rclcpp/rclcpp.hpp:153[m[K,
[2.451s]                  from [01m[K/home/syafihidayat/Documents/robot_ws/src/robotRos_pkg/src/robotRos_node.cpp:1[m[K:
[2.451s] [01m[K/usr/include/c++/11/bits/shared_ptr.h:363:9:[m[K [01;36m[Knote: [m[Kcandidate: ‘[01m[Ktemplate<class _Yp> std::shared_ptr<_Tp>::_Assignable<const std::shared_ptr<_Yp>&> std::shared_ptr<_Tp>::operator=(const std::shared_ptr<_Yp>&) [with _Yp = _Yp; _Tp = rclcpp::Subscription<geometry_msgs::msg::Point_<std::allocator<void> > >][m[K’
[2.451s]   363 |         [01;36m[Koperator[m[K=(const shared_ptr<_Yp>& __r) noexcept
[2.452s]       |         [01;36m[K^~~~~~~~[m[K
[2.452s] [01m[K/usr/include/c++/11/bits/shared_ptr.h:363:9:[m[K [01;36m[Knote: [m[K  template argument deduction/substitution failed:
[2.452s] [01m[K/home/syafihidayat/Documents/robot_ws/src/robotRos_pkg/src/robotRos_node.cpp:17:22:[m[K [01;36m[Knote: [m[K  couldn’t deduce template parameter ‘[01m[K_Yp[m[K’
[2.452s]    17 |     pose_sub = this->[01;36m[Kcreate_subscription<geometry_msgs::msg::Point("/pose", 10,[m[K
[2.452s]       |                      [01;36m[K^~~~~~~~~~~~~~~~~~~~~~~~~~~~~~~~~~~~~~~~~~~~~~~~~~~~~~~~~~[m[K
[2.452s]    18 | [01;36m[K      std::bind(&Movement::pose_callback, this, std::placeholders::_1))[m[K;
[2.452s]       |       [01;36m[K~~~~~~~~~~~~~~~~~~~~~~~~~~~~~~~~~~~~~~~~~~~~~~~~~~~~~~~~~~~~~~~~~[m[K
[2.452s] In file included from [01m[K/usr/include/c++/11/memory:77[m[K,
[2.452s]                  from [01m[K/opt/ros/humble/include/rclcpp/rclcpp/rclcpp.hpp:153[m[K,
[2.452s]                  from [01m[K/home/syafihidayat/Documents/robot_ws/src/robotRos_pkg/src/robotRos_node.cpp:1[m[K:
[2.452s] [01m[K/usr/include/c++/11/bits/shared_ptr.h:374:9:[m[K [01;36m[Knote: [m[Kcandidate: ‘[01m[Ktemplate<class _Yp> std::shared_ptr<_Tp>::_Assignable<std::auto_ptr<_Up> > std::shared_ptr<_Tp>::operator=(std::auto_ptr<_Up>&&) [with _Yp = _Yp; _Tp = rclcpp::Subscription<geometry_msgs::msg::Point_<std::allocator<void> > >][m[K’
[2.452s]   374 |         [01;36m[Koperator[m[K=(auto_ptr<_Yp>&& __r)
[2.452s]       |         [01;36m[K^~~~~~~~[m[K
[2.452s] [01m[K/usr/include/c++/11/bits/shared_ptr.h:374:9:[m[K [01;36m[Knote: [m[K  template argument deduction/substitution failed:
[2.452s] [01m[K/home/syafihidayat/Documents/robot_ws/src/robotRos_pkg/src/robotRos_node.cpp:17:22:[m[K [01;36m[Knote: [m[K  couldn’t deduce template parameter ‘[01m[K_Yp[m[K’
[2.452s]    17 |     pose_sub = this->[01;36m[Kcreate_subscription<geometry_msgs::msg::Point("/pose", 10,[m[K
[2.452s]       |                      [01;36m[K^~~~~~~~~~~~~~~~~~~~~~~~~~~~~~~~~~~~~~~~~~~~~~~~~~~~~~~~~~[m[K
[2.452s]    18 | [01;36m[K      std::bind(&Movement::pose_callback, this, std::placeholders::_1))[m[K;
[2.452s]       |       [01;36m[K~~~~~~~~~~~~~~~~~~~~~~~~~~~~~~~~~~~~~~~~~~~~~~~~~~~~~~~~~~~~~~~~~[m[K
[2.452s] In file included from [01m[K/usr/include/c++/11/memory:77[m[K,
[2.453s]                  from [01m[K/opt/ros/humble/include/rclcpp/rclcpp/rclcpp.hpp:153[m[K,
[2.453s]                  from [01m[K/home/syafihidayat/Documents/robot_ws/src/robotRos_pkg/src/robotRos_node.cpp:1[m[K:
[2.453s] [01m[K/usr/include/c++/11/bits/shared_ptr.h:391:9:[m[K [01;36m[Knote: [m[Kcandidate: ‘[01m[Ktemplate<class _Yp> std::shared_ptr<_Tp>::_Assignable<std::shared_ptr<_Yp> > std::shared_ptr<_Tp>::operator=(std::shared_ptr<_Yp>&&) [with _Yp = _Yp; _Tp = rclcpp::Subscription<geometry_msgs::msg::Point_<std::allocator<void> > >][m[K’
[2.453s]   391 |         [01;36m[Koperator[m[K=(shared_ptr<_Yp>&& __r) noexcept
[2.453s]       |         [01;36m[K^~~~~~~~[m[K
[2.453s] [01m[K/usr/include/c++/11/bits/shared_ptr.h:391:9:[m[K [01;36m[Knote: [m[K  template argument deduction/substitution failed:
[2.453s] [01m[K/home/syafihidayat/Documents/robot_ws/src/robotRos_pkg/src/robotRos_node.cpp:17:22:[m[K [01;36m[Knote: [m[K  couldn’t deduce template parameter ‘[01m[K_Yp[m[K’
[2.453s]    17 |     pose_sub = this->[01;36m[Kcreate_subscription<geometry_msgs::msg::Point("/pose", 10,[m[K
[2.453s]       |                      [01;36m[K^~~~~~~~~~~~~~~~~~~~~~~~~~~~~~~~~~~~~~~~~~~~~~~~~~~~~~~~~~[m[K
[2.453s]    18 | [01;36m[K      std::bind(&Movement::pose_callback, this, std::placeholders::_1))[m[K;
[2.453s]       |       [01;36m[K~~~~~~~~~~~~~~~~~~~~~~~~~~~~~~~~~~~~~~~~~~~~~~~~~~~~~~~~~~~~~~~~~[m[K
[2.453s] In file included from [01m[K/usr/include/c++/11/memory:77[m[K,
[2.453s]                  from [01m[K/opt/ros/humble/include/rclcpp/rclcpp/rclcpp.hpp:153[m[K,
[2.453s]                  from [01m[K/home/syafihidayat/Documents/robot_ws/src/robotRos_pkg/src/robotRos_node.cpp:1[m[K:
[2.453s] [01m[K/usr/include/c++/11/bits/shared_ptr.h:399:9:[m[K [01;36m[Knote: [m[Kcandidate: ‘[01m[Ktemplate<class _Yp, class _Del> std::shared_ptr<_Tp>::_Assignable<std::unique_ptr<_Up, _Ep> > std::shared_ptr<_Tp>::operator=(std::unique_ptr<_Up, _Ep>&&) [with _Yp = _Yp; _Del = _Del; _Tp = rclcpp::Subscription<geometry_msgs::msg::Point_<std::allocator<void> > >][m[K’
[2.453s]   399 |         [01;36m[Koperator[m[K=(unique_ptr<_Yp, _Del>&& __r)
[2.453s]       |         [01;36m[K^~~~~~~~[m[K
[2.453s] [01m[K/usr/include/c++/11/bits/shared_ptr.h:399:9:[m[K [01;36m[Knote: [m[K  template argument deduction/substitution failed:
[2.453s] [01m[K/home/syafihidayat/Documents/robot_ws/src/robotRos_pkg/src/robotRos_node.cpp:17:22:[m[K [01;36m[Knote: [m[K  couldn’t deduce template parameter ‘[01m[K_Yp[m[K’
[2.453s]    17 |     pose_sub = this->[01;36m[Kcreate_subscription<geometry_msgs::msg::Point("/pose", 10,[m[K
[2.454s]       |                      [01;36m[K^~~~~~~~~~~~~~~~~~~~~~~~~~~~~~~~~~~~~~~~~~~~~~~~~~~~~~~~~~[m[K
[2.454s]    18 | [01;36m[K      std::bind(&Movement::pose_callback, this, std::placeholders::_1))[m[K;
[2.454s]       |       [01;36m[K~~~~~~~~~~~~~~~~~~~~~~~~~~~~~~~~~~~~~~~~~~~~~~~~~~~~~~~~~~~~~~~~~[m[K
[2.454s] In file included from [01m[K/usr/include/c++/11/memory:77[m[K,
[2.454s]                  from [01m[K/opt/ros/humble/include/rclcpp/rclcpp/rclcpp.hpp:153[m[K,
[2.454s]                  from [01m[K/home/syafihidayat/Documents/robot_ws/src/robotRos_pkg/src/robotRos_node.cpp:1[m[K:
[2.454s] [01m[K/usr/include/c++/11/bits/shared_ptr.h:359:19:[m[K [01;36m[Knote: [m[Kcandidate: ‘[01m[Kstd::shared_ptr<_Tp>& std::shared_ptr<_Tp>::operator=(const std::shared_ptr<_Tp>&) [with _Tp = rclcpp::Subscription<geometry_msgs::msg::Point_<std::allocator<void> > >][m[K’
[2.454s]   359 |       shared_ptr& [01;36m[Koperator[m[K=(const shared_ptr&) noexcept = default;
[2.454s]       |                   [01;36m[K^~~~~~~~[m[K
[2.454s] [01m[K/usr/include/c++/11/bits/shared_ptr.h:359:29:[m[K [01;36m[Knote: [m[K  no known conversion for argument 1 from ‘[01m[K<unresolved overloaded function type>[m[K’ to ‘[01m[Kconst std::shared_ptr<rclcpp::Subscription<geometry_msgs::msg::Point_<std::allocator<void> > > >&[m[K’
[2.454s]   359 |       shared_ptr& operator=([01;36m[Kconst shared_ptr&[m[K) noexcept = default;
[2.454s]       |                             [01;36m[K^~~~~~~~~~~~~~~~~[m[K
[2.454s] [01m[K/usr/include/c++/11/bits/shared_ptr.h:383:7:[m[K [01;36m[Knote: [m[Kcandidate: ‘[01m[Kstd::shared_ptr<_Tp>& std::shared_ptr<_Tp>::operator=(std::shared_ptr<_Tp>&&) [with _Tp = rclcpp::Subscription<geometry_msgs::msg::Point_<std::allocator<void> > >][m[K’
[2.454s]   383 |       [01;36m[Koperator[m[K=(shared_ptr&& __r) noexcept
[2.454s]       |       [01;36m[K^~~~~~~~[m[K
[2.454s] [01m[K/usr/include/c++/11/bits/shared_ptr.h:383:30:[m[K [01;36m[Knote: [m[K  no known conversion for argument 1 from ‘[01m[K<unresolved overloaded function type>[m[K’ to ‘[01m[Kstd::shared_ptr<rclcpp::Subscription<geometry_msgs::msg::Point_<std::allocator<void> > > >&&[m[K’
[2.454s]   383 |       operator=([01;36m[Kshared_ptr&& __r[m[K) noexcept
[2.454s]       |                 [01;36m[K~~~~~~~~~~~~~^~~[m[K
[2.463s] [01m[K/home/syafihidayat/Documents/robot_ws/src/robotRos_pkg/src/robotRos_node.cpp:[m[K In member function ‘[01m[Kvoid Movement::control_loop()[m[K’:
[2.464s] [01m[K/home/syafihidayat/Documents/robot_ws/src/robotRos_pkg/src/robotRos_node.cpp:87:5:[m[K [01;31m[Kerror: [m[Kexpected ‘[01m[K;[m[K’ before ‘[01m[K}[m[K’ token
[2.464s]    87 |     [01;31m[K}[m[K
[2.464s]       |     [01;31m[K^[m[K
[4.582s] gmake[2]: *** [CMakeFiles/robotRos_node.dir/build.make:76: CMakeFiles/robotRos_node.dir/src/robotRos_node.cpp.o] Error 1
[4.583s] gmake[1]: *** [CMakeFiles/Makefile2:137: CMakeFiles/robotRos_node.dir/all] Error 2
[4.584s] gmake: *** [Makefile:146: all] Error 2
[4.588s] Invoked command in '/home/syafihidayat/Documents/robot_ws/build/robotRos_pkg' returned '2': CMAKE_PREFIX_PATH=${CMAKE_PREFIX_PATH}:/opt/ros/humble /usr/bin/cmake --build /home/syafihidayat/Documents/robot_ws/build/robotRos_pkg -- -j16 -l16
