[0.128s] DEBUG:colcon:Command line arguments: ['/usr/bin/colcon', 'build']
[0.128s] DEBUG:colcon:Parsed command line arguments: Namespace(log_base=None, log_level=None, verb_name='build', build_base='build', install_base='install', merge_install=False, symlink_install=False, test_result_base=None, continue_on_error=False, executor='parallel', parallel_workers=16, event_handlers=None, ignore_user_meta=False, metas=['./colcon.meta'], base_paths=['.'], packages_ignore=None, packages_ignore_regex=None, paths=None, packages_up_to=None, packages_up_to_regex=None, packages_above=None, packages_above_and_dependencies=None, packages_above_depth=None, packages_select_by_dep=None, packages_skip_by_dep=None, packages_skip_up_to=None, packages_select_build_failed=False, packages_skip_build_finished=False, packages_select_test_failures=False, packages_skip_test_passed=False, packages_select=None, packages_skip=None, packages_select_regex=None, packages_skip_regex=None, packages_start=None, packages_end=None, allow_overriding=[], cmake_args=None, cmake_target=None, cmake_target_skip_unavailable=False, cmake_clean_cache=False, cmake_clean_first=False, cmake_force_configure=False, ament_cmake_args=None, catkin_cmake_args=None, catkin_skip_building_tests=False, verb_parser=<colcon_defaults.argument_parser.defaults.DefaultArgumentsDecorator object at 0x7693d075c910>, verb_extension=<colcon_core.verb.build.BuildVerb object at 0x7693d075c340>, main=<bound method BuildVerb.main of <colcon_core.verb.build.BuildVerb object at 0x7693d075c340>>)
[0.279s] Level 1:colcon.colcon_core.package_discovery:discover_packages(colcon_meta) check parameters
[0.279s] Level 1:colcon.colcon_core.package_discovery:discover_packages(recursive) check parameters
[0.279s] Level 1:colcon.colcon_core.package_discovery:discover_packages(ignore) check parameters
[0.279s] Level 1:colcon.colcon_core.package_discovery:discover_packages(path) check parameters
[0.279s] Level 1:colcon.colcon_core.package_discovery:discover_packages(colcon_meta) discover
[0.279s] Level 1:colcon.colcon_core.package_discovery:discover_packages(recursive) discover
[0.279s] INFO:colcon.colcon_core.package_discovery:Crawling recursively for packages in '/home/syafihidayat/Documents/robot_ws'
[0.279s] Level 1:colcon.colcon_core.package_identification:_identify(.) by extensions ['ignore', 'ignore_ament_install']
[0.279s] Level 1:colcon.colcon_core.package_identification:_identify(.) by extension 'ignore'
[0.279s] Level 1:colcon.colcon_core.package_identification:_identify(.) by extension 'ignore_ament_install'
[0.279s] Level 1:colcon.colcon_core.package_identification:_identify(.) by extensions ['colcon_pkg']
[0.279s] Level 1:colcon.colcon_core.package_identification:_identify(.) by extension 'colcon_pkg'
[0.279s] Level 1:colcon.colcon_core.package_identification:_identify(.) by extensions ['colcon_meta']
[0.279s] Level 1:colcon.colcon_core.package_identification:_identify(.) by extension 'colcon_meta'
[0.279s] Level 1:colcon.colcon_core.package_identification:_identify(.) by extensions ['ros']
[0.279s] Level 1:colcon.colcon_core.package_identification:_identify(.) by extension 'ros'
[0.288s] Level 1:colcon.colcon_core.package_identification:_identify(.) by extensions ['cmake', 'python']
[0.289s] Level 1:colcon.colcon_core.package_identification:_identify(.) by extension 'cmake'
[0.289s] Level 1:colcon.colcon_core.package_identification:_identify(.) by extension 'python'
[0.289s] Level 1:colcon.colcon_core.package_identification:_identify(.) by extensions ['python_setup_py']
[0.289s] Level 1:colcon.colcon_core.package_identification:_identify(.) by extension 'python_setup_py'
[0.289s] Level 1:colcon.colcon_core.package_identification:_identify(build) by extensions ['ignore', 'ignore_ament_install']
[0.289s] Level 1:colcon.colcon_core.package_identification:_identify(build) by extension 'ignore'
[0.289s] Level 1:colcon.colcon_core.package_identification:_identify(build) ignored
[0.289s] Level 1:colcon.colcon_core.package_identification:_identify(install) by extensions ['ignore', 'ignore_ament_install']
[0.289s] Level 1:colcon.colcon_core.package_identification:_identify(install) by extension 'ignore'
[0.289s] Level 1:colcon.colcon_core.package_identification:_identify(install) ignored
[0.289s] Level 1:colcon.colcon_core.package_identification:_identify(log) by extensions ['ignore', 'ignore_ament_install']
[0.289s] Level 1:colcon.colcon_core.package_identification:_identify(log) by extension 'ignore'
[0.290s] Level 1:colcon.colcon_core.package_identification:_identify(log) ignored
[0.290s] Level 1:colcon.colcon_core.package_identification:_identify(src) by extensions ['ignore', 'ignore_ament_install']
[0.290s] Level 1:colcon.colcon_core.package_identification:_identify(src) by extension 'ignore'
[0.290s] Level 1:colcon.colcon_core.package_identification:_identify(src) by extension 'ignore_ament_install'
[0.290s] Level 1:colcon.colcon_core.package_identification:_identify(src) by extensions ['colcon_pkg']
[0.290s] Level 1:colcon.colcon_core.package_identification:_identify(src) by extension 'colcon_pkg'
[0.290s] Level 1:colcon.colcon_core.package_identification:_identify(src) by extensions ['colcon_meta']
[0.290s] Level 1:colcon.colcon_core.package_identification:_identify(src) by extension 'colcon_meta'
[0.290s] Level 1:colcon.colcon_core.package_identification:_identify(src) by extensions ['ros']
[0.290s] Level 1:colcon.colcon_core.package_identification:_identify(src) by extension 'ros'
[0.290s] Level 1:colcon.colcon_core.package_identification:_identify(src) by extensions ['cmake', 'python']
[0.290s] Level 1:colcon.colcon_core.package_identification:_identify(src) by extension 'cmake'
[0.290s] Level 1:colcon.colcon_core.package_identification:_identify(src) by extension 'python'
[0.290s] Level 1:colcon.colcon_core.package_identification:_identify(src) by extensions ['python_setup_py']
[0.290s] Level 1:colcon.colcon_core.package_identification:_identify(src) by extension 'python_setup_py'
[0.290s] Level 1:colcon.colcon_core.package_identification:_identify(src/build) by extensions ['ignore', 'ignore_ament_install']
[0.290s] Level 1:colcon.colcon_core.package_identification:_identify(src/build) by extension 'ignore'
[0.290s] Level 1:colcon.colcon_core.package_identification:_identify(src/build) ignored
[0.290s] Level 1:colcon.colcon_core.package_identification:_identify(src/install) by extensions ['ignore', 'ignore_ament_install']
[0.291s] Level 1:colcon.colcon_core.package_identification:_identify(src/install) by extension 'ignore'
[0.291s] Level 1:colcon.colcon_core.package_identification:_identify(src/install) ignored
[0.291s] Level 1:colcon.colcon_core.package_identification:_identify(src/lbringup) by extensions ['ignore', 'ignore_ament_install']
[0.291s] Level 1:colcon.colcon_core.package_identification:_identify(src/lbringup) by extension 'ignore'
[0.291s] Level 1:colcon.colcon_core.package_identification:_identify(src/lbringup) by extension 'ignore_ament_install'
[0.291s] Level 1:colcon.colcon_core.package_identification:_identify(src/lbringup) by extensions ['colcon_pkg']
[0.291s] Level 1:colcon.colcon_core.package_identification:_identify(src/lbringup) by extension 'colcon_pkg'
[0.291s] Level 1:colcon.colcon_core.package_identification:_identify(src/lbringup) by extensions ['colcon_meta']
[0.291s] Level 1:colcon.colcon_core.package_identification:_identify(src/lbringup) by extension 'colcon_meta'
[0.291s] Level 1:colcon.colcon_core.package_identification:_identify(src/lbringup) by extensions ['ros']
[0.291s] Level 1:colcon.colcon_core.package_identification:_identify(src/lbringup) by extension 'ros'
[0.293s] DEBUG:colcon.colcon_core.package_identification:Package 'src/lbringup' with type 'ros.ament_cmake' and name 'lbringup'
[0.293s] Level 1:colcon.colcon_core.package_identification:_identify(src/log) by extensions ['ignore', 'ignore_ament_install']
[0.293s] Level 1:colcon.colcon_core.package_identification:_identify(src/log) by extension 'ignore'
[0.294s] Level 1:colcon.colcon_core.package_identification:_identify(src/log) ignored
[0.294s] Level 1:colcon.colcon_core.package_identification:_identify(src/robotRos_pkg) by extensions ['ignore', 'ignore_ament_install']
[0.294s] Level 1:colcon.colcon_core.package_identification:_identify(src/robotRos_pkg) by extension 'ignore'
[0.294s] Level 1:colcon.colcon_core.package_identification:_identify(src/robotRos_pkg) by extension 'ignore_ament_install'
[0.294s] Level 1:colcon.colcon_core.package_identification:_identify(src/robotRos_pkg) by extensions ['colcon_pkg']
[0.294s] Level 1:colcon.colcon_core.package_identification:_identify(src/robotRos_pkg) by extension 'colcon_pkg'
[0.294s] Level 1:colcon.colcon_core.package_identification:_identify(src/robotRos_pkg) by extensions ['colcon_meta']
[0.294s] Level 1:colcon.colcon_core.package_identification:_identify(src/robotRos_pkg) by extension 'colcon_meta'
[0.294s] Level 1:colcon.colcon_core.package_identification:_identify(src/robotRos_pkg) by extensions ['ros']
[0.294s] Level 1:colcon.colcon_core.package_identification:_identify(src/robotRos_pkg) by extension 'ros'
[0.295s] DEBUG:colcon.colcon_core.package_identification:Package 'src/robotRos_pkg' with type 'ros.ament_cmake' and name 'robotRos_pkg'
[0.295s] Level 1:colcon.colcon_core.package_identification:_identify(src/robot_navigation) by extensions ['ignore', 'ignore_ament_install']
[0.295s] Level 1:colcon.colcon_core.package_identification:_identify(src/robot_navigation) by extension 'ignore'
[0.295s] Level 1:colcon.colcon_core.package_identification:_identify(src/robot_navigation) by extension 'ignore_ament_install'
[0.295s] Level 1:colcon.colcon_core.package_identification:_identify(src/robot_navigation) by extensions ['colcon_pkg']
[0.295s] Level 1:colcon.colcon_core.package_identification:_identify(src/robot_navigation) by extension 'colcon_pkg'
[0.295s] Level 1:colcon.colcon_core.package_identification:_identify(src/robot_navigation) by extensions ['colcon_meta']
[0.295s] Level 1:colcon.colcon_core.package_identification:_identify(src/robot_navigation) by extension 'colcon_meta'
[0.295s] Level 1:colcon.colcon_core.package_identification:_identify(src/robot_navigation) by extensions ['ros']
[0.295s] Level 1:colcon.colcon_core.package_identification:_identify(src/robot_navigation) by extension 'ros'
[0.296s] DEBUG:colcon.colcon_core.package_identification:Package 'src/robot_navigation' with type 'ros.ament_cmake' and name 'robot_navigation'
[0.296s] Level 1:colcon.colcon_core.package_identification:_identify(src/robot_pose) by extensions ['ignore', 'ignore_ament_install']
[0.296s] Level 1:colcon.colcon_core.package_identification:_identify(src/robot_pose) by extension 'ignore'
[0.296s] Level 1:colcon.colcon_core.package_identification:_identify(src/robot_pose) by extension 'ignore_ament_install'
[0.296s] Level 1:colcon.colcon_core.package_identification:_identify(src/robot_pose) by extensions ['colcon_pkg']
[0.296s] Level 1:colcon.colcon_core.package_identification:_identify(src/robot_pose) by extension 'colcon_pkg'
[0.296s] Level 1:colcon.colcon_core.package_identification:_identify(src/robot_pose) by extensions ['colcon_meta']
[0.296s] Level 1:colcon.colcon_core.package_identification:_identify(src/robot_pose) by extension 'colcon_meta'
[0.296s] Level 1:colcon.colcon_core.package_identification:_identify(src/robot_pose) by extensions ['ros']
[0.296s] Level 1:colcon.colcon_core.package_identification:_identify(src/robot_pose) by extension 'ros'
[0.296s] DEBUG:colcon.colcon_core.package_identification:Package 'src/robot_pose' with type 'ros.ament_cmake' and name 'robot_pose'
[0.296s] Level 1:colcon.colcon_core.package_discovery:discover_packages(recursive) using defaults
[0.296s] Level 1:colcon.colcon_core.package_discovery:discover_packages(ignore) discover
[0.296s] Level 1:colcon.colcon_core.package_discovery:discover_packages(ignore) using defaults
[0.296s] Level 1:colcon.colcon_core.package_discovery:discover_packages(path) discover
[0.296s] Level 1:colcon.colcon_core.package_discovery:discover_packages(path) using defaults
[0.346s] Level 1:colcon.colcon_core.package_discovery:discover_packages(prefix_path) check parameters
[0.346s] Level 1:colcon.colcon_core.package_discovery:discover_packages(prefix_path) discover
[0.348s] DEBUG:colcon.colcon_installed_package_information.package_discovery:Found 5 installed packages in /home/syafihidayat/Documents/robot_ws/install
[0.349s] DEBUG:colcon.colcon_installed_package_information.package_discovery:Found 3 installed packages in /home/syafihidayat/microros_ws/install
[0.350s] DEBUG:colcon.colcon_installed_package_information.package_discovery:Found 360 installed packages in /opt/ros/humble
[0.352s] Level 1:colcon.colcon_core.package_discovery:discover_packages(prefix_path) using defaults
[0.394s] Level 5:colcon.colcon_core.verb:set package 'lbringup' build argument 'cmake_args' from command line to 'None'
[0.394s] Level 5:colcon.colcon_core.verb:set package 'lbringup' build argument 'cmake_target' from command line to 'None'
[0.394s] Level 5:colcon.colcon_core.verb:set package 'lbringup' build argument 'cmake_target_skip_unavailable' from command line to 'False'
[0.394s] Level 5:colcon.colcon_core.verb:set package 'lbringup' build argument 'cmake_clean_cache' from command line to 'False'
[0.394s] Level 5:colcon.colcon_core.verb:set package 'lbringup' build argument 'cmake_clean_first' from command line to 'False'
[0.394s] Level 5:colcon.colcon_core.verb:set package 'lbringup' build argument 'cmake_force_configure' from command line to 'False'
[0.394s] Level 5:colcon.colcon_core.verb:set package 'lbringup' build argument 'ament_cmake_args' from command line to 'None'
[0.394s] Level 5:colcon.colcon_core.verb:set package 'lbringup' build argument 'catkin_cmake_args' from command line to 'None'
[0.394s] Level 5:colcon.colcon_core.verb:set package 'lbringup' build argument 'catkin_skip_building_tests' from command line to 'False'
[0.394s] DEBUG:colcon.colcon_core.verb:Building package 'lbringup' with the following arguments: {'ament_cmake_args': None, 'build_base': '/home/syafihidayat/Documents/robot_ws/build/lbringup', 'catkin_cmake_args': None, 'catkin_skip_building_tests': False, 'cmake_args': None, 'cmake_clean_cache': False, 'cmake_clean_first': False, 'cmake_force_configure': False, 'cmake_target': None, 'cmake_target_skip_unavailable': False, 'install_base': '/home/syafihidayat/Documents/robot_ws/install/lbringup', 'merge_install': False, 'path': '/home/syafihidayat/Documents/robot_ws/src/lbringup', 'symlink_install': False, 'test_result_base': None}
[0.394s] Level 5:colcon.colcon_core.verb:set package 'robotRos_pkg' build argument 'cmake_args' from command line to 'None'
[0.394s] Level 5:colcon.colcon_core.verb:set package 'robotRos_pkg' build argument 'cmake_target' from command line to 'None'
[0.394s] Level 5:colcon.colcon_core.verb:set package 'robotRos_pkg' build argument 'cmake_target_skip_unavailable' from command line to 'False'
[0.394s] Level 5:colcon.colcon_core.verb:set package 'robotRos_pkg' build argument 'cmake_clean_cache' from command line to 'False'
[0.394s] Level 5:colcon.colcon_core.verb:set package 'robotRos_pkg' build argument 'cmake_clean_first' from command line to 'False'
[0.394s] Level 5:colcon.colcon_core.verb:set package 'robotRos_pkg' build argument 'cmake_force_configure' from command line to 'False'
[0.394s] Level 5:colcon.colcon_core.verb:set package 'robotRos_pkg' build argument 'ament_cmake_args' from command line to 'None'
[0.394s] Level 5:colcon.colcon_core.verb:set package 'robotRos_pkg' build argument 'catkin_cmake_args' from command line to 'None'
[0.394s] Level 5:colcon.colcon_core.verb:set package 'robotRos_pkg' build argument 'catkin_skip_building_tests' from command line to 'False'
[0.394s] DEBUG:colcon.colcon_core.verb:Building package 'robotRos_pkg' with the following arguments: {'ament_cmake_args': None, 'build_base': '/home/syafihidayat/Documents/robot_ws/build/robotRos_pkg', 'catkin_cmake_args': None, 'catkin_skip_building_tests': False, 'cmake_args': None, 'cmake_clean_cache': False, 'cmake_clean_first': False, 'cmake_force_configure': False, 'cmake_target': None, 'cmake_target_skip_unavailable': False, 'install_base': '/home/syafihidayat/Documents/robot_ws/install/robotRos_pkg', 'merge_install': False, 'path': '/home/syafihidayat/Documents/robot_ws/src/robotRos_pkg', 'symlink_install': False, 'test_result_base': None}
[0.395s] Level 5:colcon.colcon_core.verb:set package 'robot_navigation' build argument 'cmake_args' from command line to 'None'
[0.395s] Level 5:colcon.colcon_core.verb:set package 'robot_navigation' build argument 'cmake_target' from command line to 'None'
[0.395s] Level 5:colcon.colcon_core.verb:set package 'robot_navigation' build argument 'cmake_target_skip_unavailable' from command line to 'False'
[0.395s] Level 5:colcon.colcon_core.verb:set package 'robot_navigation' build argument 'cmake_clean_cache' from command line to 'False'
[0.395s] Level 5:colcon.colcon_core.verb:set package 'robot_navigation' build argument 'cmake_clean_first' from command line to 'False'
[0.395s] Level 5:colcon.colcon_core.verb:set package 'robot_navigation' build argument 'cmake_force_configure' from command line to 'False'
[0.395s] Level 5:colcon.colcon_core.verb:set package 'robot_navigation' build argument 'ament_cmake_args' from command line to 'None'
[0.395s] Level 5:colcon.colcon_core.verb:set package 'robot_navigation' build argument 'catkin_cmake_args' from command line to 'None'
[0.395s] Level 5:colcon.colcon_core.verb:set package 'robot_navigation' build argument 'catkin_skip_building_tests' from command line to 'False'
[0.395s] DEBUG:colcon.colcon_core.verb:Building package 'robot_navigation' with the following arguments: {'ament_cmake_args': None, 'build_base': '/home/syafihidayat/Documents/robot_ws/build/robot_navigation', 'catkin_cmake_args': None, 'catkin_skip_building_tests': False, 'cmake_args': None, 'cmake_clean_cache': False, 'cmake_clean_first': False, 'cmake_force_configure': False, 'cmake_target': None, 'cmake_target_skip_unavailable': False, 'install_base': '/home/syafihidayat/Documents/robot_ws/install/robot_navigation', 'merge_install': False, 'path': '/home/syafihidayat/Documents/robot_ws/src/robot_navigation', 'symlink_install': False, 'test_result_base': None}
[0.395s] Level 5:colcon.colcon_core.verb:set package 'robot_pose' build argument 'cmake_args' from command line to 'None'
[0.395s] Level 5:colcon.colcon_core.verb:set package 'robot_pose' build argument 'cmake_target' from command line to 'None'
[0.395s] Level 5:colcon.colcon_core.verb:set package 'robot_pose' build argument 'cmake_target_skip_unavailable' from command line to 'False'
[0.395s] Level 5:colcon.colcon_core.verb:set package 'robot_pose' build argument 'cmake_clean_cache' from command line to 'False'
[0.395s] Level 5:colcon.colcon_core.verb:set package 'robot_pose' build argument 'cmake_clean_first' from command line to 'False'
[0.395s] Level 5:colcon.colcon_core.verb:set package 'robot_pose' build argument 'cmake_force_configure' from command line to 'False'
[0.395s] Level 5:colcon.colcon_core.verb:set package 'robot_pose' build argument 'ament_cmake_args' from command line to 'None'
[0.395s] Level 5:colcon.colcon_core.verb:set package 'robot_pose' build argument 'catkin_cmake_args' from command line to 'None'
[0.395s] Level 5:colcon.colcon_core.verb:set package 'robot_pose' build argument 'catkin_skip_building_tests' from command line to 'False'
[0.395s] DEBUG:colcon.colcon_core.verb:Building package 'robot_pose' with the following arguments: {'ament_cmake_args': None, 'build_base': '/home/syafihidayat/Documents/robot_ws/build/robot_pose', 'catkin_cmake_args': None, 'catkin_skip_building_tests': False, 'cmake_args': None, 'cmake_clean_cache': False, 'cmake_clean_first': False, 'cmake_force_configure': False, 'cmake_target': None, 'cmake_target_skip_unavailable': False, 'install_base': '/home/syafihidayat/Documents/robot_ws/install/robot_pose', 'merge_install': False, 'path': '/home/syafihidayat/Documents/robot_ws/src/robot_pose', 'symlink_install': False, 'test_result_base': None}
[0.395s] INFO:colcon.colcon_core.executor:Executing jobs using 'parallel' executor
[0.397s] DEBUG:colcon.colcon_parallel_executor.executor.parallel:run_until_complete
[0.397s] INFO:colcon.colcon_ros.task.ament_cmake.build:Building ROS package in '/home/syafihidayat/Documents/robot_ws/src/lbringup' with build type 'ament_cmake'
[0.397s] INFO:colcon.colcon_cmake.task.cmake.build:Building CMake package in '/home/syafihidayat/Documents/robot_ws/src/lbringup'
[0.401s] INFO:colcon.colcon_core.plugin_system:Skipping extension 'colcon_core.shell.bat': Not used on non-Windows systems
[0.401s] INFO:colcon.colcon_core.shell:Skip shell extension 'powershell' for command environment: Not usable outside of PowerShell
[0.401s] DEBUG:colcon.colcon_core.shell:Skip shell extension 'dsv' for command environment
[0.405s] INFO:colcon.colcon_ros.task.ament_cmake.build:Building ROS package in '/home/syafihidayat/Documents/robot_ws/src/robotRos_pkg' with build type 'ament_cmake'
[0.405s] INFO:colcon.colcon_cmake.task.cmake.build:Building CMake package in '/home/syafihidayat/Documents/robot_ws/src/robotRos_pkg'
[0.406s] INFO:colcon.colcon_core.shell:Skip shell extension 'powershell' for command environment: Not usable outside of PowerShell
[0.406s] DEBUG:colcon.colcon_core.shell:Skip shell extension 'dsv' for command environment
[0.411s] INFO:colcon.colcon_ros.task.ament_cmake.build:Building ROS package in '/home/syafihidayat/Documents/robot_ws/src/robot_navigation' with build type 'ament_cmake'
[0.411s] INFO:colcon.colcon_cmake.task.cmake.build:Building CMake package in '/home/syafihidayat/Documents/robot_ws/src/robot_navigation'
[0.412s] INFO:colcon.colcon_core.shell:Skip shell extension 'powershell' for command environment: Not usable outside of PowerShell
[0.412s] DEBUG:colcon.colcon_core.shell:Skip shell extension 'dsv' for command environment
[0.417s] INFO:colcon.colcon_ros.task.ament_cmake.build:Building ROS package in '/home/syafihidayat/Documents/robot_ws/src/robot_pose' with build type 'ament_cmake'
[0.418s] INFO:colcon.colcon_cmake.task.cmake.build:Building CMake package in '/home/syafihidayat/Documents/robot_ws/src/robot_pose'
[0.418s] INFO:colcon.colcon_core.shell:Skip shell extension 'powershell' for command environment: Not usable outside of PowerShell
[0.418s] DEBUG:colcon.colcon_core.shell:Skip shell extension 'dsv' for command environment
[0.430s] DEBUG:colcon.colcon_core.event_handler.log_command:Invoking command in '/home/syafihidayat/Documents/robot_ws/build/lbringup': CMAKE_PREFIX_PATH=${CMAKE_PREFIX_PATH}:/opt/ros/humble /usr/bin/cmake --build /home/syafihidayat/Documents/robot_ws/build/lbringup -- -j16 -l16
[0.435s] DEBUG:colcon.colcon_core.event_handler.log_command:Invoking command in '/home/syafihidayat/Documents/robot_ws/build/robotRos_pkg': CMAKE_PREFIX_PATH=${CMAKE_PREFIX_PATH}:/opt/ros/humble /usr/bin/cmake --build /home/syafihidayat/Documents/robot_ws/build/robotRos_pkg -- -j16 -l16
[0.440s] DEBUG:colcon.colcon_core.event_handler.log_command:Invoking command in '/home/syafihidayat/Documents/robot_ws/build/robot_navigation': CMAKE_PREFIX_PATH=${CMAKE_PREFIX_PATH}:/opt/ros/humble /usr/bin/cmake --build /home/syafihidayat/Documents/robot_ws/build/robot_navigation -- -j16 -l16
[0.447s] DEBUG:colcon.colcon_core.event_handler.log_command:Invoking command in '/home/syafihidayat/Documents/robot_ws/build/robot_pose': CMAKE_PREFIX_PATH=${CMAKE_PREFIX_PATH}:/opt/ros/humble /usr/bin/cmake --build /home/syafihidayat/Documents/robot_ws/build/robot_pose -- -j16 -l16
[0.492s] DEBUG:colcon.colcon_core.event_handler.log_command:Invoked command in '/home/syafihidayat/Documents/robot_ws/build/lbringup' returned '0': CMAKE_PREFIX_PATH=${CMAKE_PREFIX_PATH}:/opt/ros/humble /usr/bin/cmake --build /home/syafihidayat/Documents/robot_ws/build/lbringup -- -j16 -l16
[0.508s] DEBUG:colcon.colcon_core.event_handler.log_command:Invoking command in '/home/syafihidayat/Documents/robot_ws/build/lbringup': CMAKE_PREFIX_PATH=${CMAKE_PREFIX_PATH}:/opt/ros/humble /usr/bin/cmake --install /home/syafihidayat/Documents/robot_ws/build/lbringup
[0.510s] DEBUG:colcon.colcon_core.event_handler.log_command:Invoked command in '/home/syafihidayat/Documents/robot_ws/build/robot_navigation' returned '0': CMAKE_PREFIX_PATH=${CMAKE_PREFIX_PATH}:/opt/ros/humble /usr/bin/cmake --build /home/syafihidayat/Documents/robot_ws/build/robot_navigation -- -j16 -l16
[0.513s] DEBUG:colcon.colcon_core.event_handler.log_command:Invoking command in '/home/syafihidayat/Documents/robot_ws/build/robot_navigation': CMAKE_PREFIX_PATH=${CMAKE_PREFIX_PATH}:/opt/ros/humble /usr/bin/cmake --install /home/syafihidayat/Documents/robot_ws/build/robot_navigation
[0.528s] Level 1:colcon.colcon_core.environment:create_environment_scripts_only(lbringup)
[0.530s] DEBUG:colcon.colcon_core.event_handler.log_command:Invoked command in '/home/syafihidayat/Documents/robot_ws/build/lbringup' returned '0': CMAKE_PREFIX_PATH=${CMAKE_PREFIX_PATH}:/opt/ros/humble /usr/bin/cmake --install /home/syafihidayat/Documents/robot_ws/build/lbringup
[0.532s] Level 1:colcon.colcon_core.environment:checking '/home/syafihidayat/Documents/robot_ws/install/lbringup' for CMake module files
[0.532s] Level 1:colcon.colcon_core.environment:checking '/home/syafihidayat/Documents/robot_ws/install/lbringup' for CMake config files
[0.533s] Level 1:colcon.colcon_core.shell:create_environment_hook('lbringup', 'cmake_prefix_path')
[0.533s] INFO:colcon.colcon_core.shell:Creating environment hook '/home/syafihidayat/Documents/robot_ws/install/lbringup/share/lbringup/hook/cmake_prefix_path.ps1'
[0.534s] INFO:colcon.colcon_core.shell:Creating environment descriptor '/home/syafihidayat/Documents/robot_ws/install/lbringup/share/lbringup/hook/cmake_prefix_path.dsv'
[0.535s] INFO:colcon.colcon_core.shell:Creating environment hook '/home/syafihidayat/Documents/robot_ws/install/lbringup/share/lbringup/hook/cmake_prefix_path.sh'
[0.535s] Level 1:colcon.colcon_core.environment:checking '/home/syafihidayat/Documents/robot_ws/install/lbringup/bin'
[0.535s] Level 1:colcon.colcon_core.environment:checking '/home/syafihidayat/Documents/robot_ws/install/lbringup/lib/pkgconfig/lbringup.pc'
[0.536s] Level 1:colcon.colcon_core.environment:checking '/home/syafihidayat/Documents/robot_ws/install/lbringup/lib/python3.10/site-packages'
[0.536s] Level 1:colcon.colcon_core.environment:checking '/home/syafihidayat/Documents/robot_ws/install/lbringup/bin'
[0.536s] INFO:colcon.colcon_core.shell:Creating package script '/home/syafihidayat/Documents/robot_ws/install/lbringup/share/lbringup/package.ps1'
[0.537s] INFO:colcon.colcon_core.shell:Creating package descriptor '/home/syafihidayat/Documents/robot_ws/install/lbringup/share/lbringup/package.dsv'
[0.537s] INFO:colcon.colcon_core.shell:Creating package script '/home/syafihidayat/Documents/robot_ws/install/lbringup/share/lbringup/package.sh'
[0.538s] INFO:colcon.colcon_core.shell:Creating package script '/home/syafihidayat/Documents/robot_ws/install/lbringup/share/lbringup/package.bash'
[0.539s] INFO:colcon.colcon_core.shell:Creating package script '/home/syafihidayat/Documents/robot_ws/install/lbringup/share/lbringup/package.zsh'
[0.539s] Level 1:colcon.colcon_core.environment:create_file_with_runtime_dependencies(/home/syafihidayat/Documents/robot_ws/install/lbringup/share/colcon-core/packages/lbringup)
[0.540s] Level 1:colcon.colcon_core.environment:create_environment_scripts_only(lbringup)
[0.540s] Level 1:colcon.colcon_core.environment:checking '/home/syafihidayat/Documents/robot_ws/install/lbringup' for CMake module files
[0.540s] Level 1:colcon.colcon_core.environment:checking '/home/syafihidayat/Documents/robot_ws/install/lbringup' for CMake config files
[0.541s] Level 1:colcon.colcon_core.shell:create_environment_hook('lbringup', 'cmake_prefix_path')
[0.541s] INFO:colcon.colcon_core.shell:Creating environment hook '/home/syafihidayat/Documents/robot_ws/install/lbringup/share/lbringup/hook/cmake_prefix_path.ps1'
[0.541s] INFO:colcon.colcon_core.shell:Creating environment descriptor '/home/syafihidayat/Documents/robot_ws/install/lbringup/share/lbringup/hook/cmake_prefix_path.dsv'
[0.541s] INFO:colcon.colcon_core.shell:Creating environment hook '/home/syafihidayat/Documents/robot_ws/install/lbringup/share/lbringup/hook/cmake_prefix_path.sh'
[0.542s] Level 1:colcon.colcon_core.environment:checking '/home/syafihidayat/Documents/robot_ws/install/lbringup/bin'
[0.542s] Level 1:colcon.colcon_core.environment:checking '/home/syafihidayat/Documents/robot_ws/install/lbringup/lib/pkgconfig/lbringup.pc'
[0.542s] Level 1:colcon.colcon_core.environment:checking '/home/syafihidayat/Documents/robot_ws/install/lbringup/lib/python3.10/site-packages'
[0.542s] Level 1:colcon.colcon_core.environment:checking '/home/syafihidayat/Documents/robot_ws/install/lbringup/bin'
[0.543s] INFO:colcon.colcon_core.shell:Creating package script '/home/syafihidayat/Documents/robot_ws/install/lbringup/share/lbringup/package.ps1'
[0.543s] INFO:colcon.colcon_core.shell:Creating package descriptor '/home/syafihidayat/Documents/robot_ws/install/lbringup/share/lbringup/package.dsv'
[0.543s] INFO:colcon.colcon_core.shell:Creating package script '/home/syafihidayat/Documents/robot_ws/install/lbringup/share/lbringup/package.sh'
[0.544s] INFO:colcon.colcon_core.shell:Creating package script '/home/syafihidayat/Documents/robot_ws/install/lbringup/share/lbringup/package.bash'
[0.544s] INFO:colcon.colcon_core.shell:Creating package script '/home/syafihidayat/Documents/robot_ws/install/lbringup/share/lbringup/package.zsh'
[0.544s] Level 1:colcon.colcon_core.environment:create_file_with_runtime_dependencies(/home/syafihidayat/Documents/robot_ws/install/lbringup/share/colcon-core/packages/lbringup)
[0.545s] Level 1:colcon.colcon_core.environment:create_environment_scripts_only(robot_navigation)
[0.545s] Level 1:colcon.colcon_core.environment:checking '/home/syafihidayat/Documents/robot_ws/install/robot_navigation' for CMake module files
[0.546s] Level 1:colcon.colcon_core.environment:checking '/home/syafihidayat/Documents/robot_ws/install/robot_navigation' for CMake config files
[0.547s] DEBUG:colcon.colcon_core.event_handler.log_command:Invoked command in '/home/syafihidayat/Documents/robot_ws/build/robot_navigation' returned '0': CMAKE_PREFIX_PATH=${CMAKE_PREFIX_PATH}:/opt/ros/humble /usr/bin/cmake --install /home/syafihidayat/Documents/robot_ws/build/robot_navigation
[0.547s] Level 1:colcon.colcon_core.shell:create_environment_hook('robot_navigation', 'cmake_prefix_path')
[0.547s] INFO:colcon.colcon_core.shell:Creating environment hook '/home/syafihidayat/Documents/robot_ws/install/robot_navigation/share/robot_navigation/hook/cmake_prefix_path.ps1'
[0.548s] INFO:colcon.colcon_core.shell:Creating environment descriptor '/home/syafihidayat/Documents/robot_ws/install/robot_navigation/share/robot_navigation/hook/cmake_prefix_path.dsv'
[0.548s] INFO:colcon.colcon_core.shell:Creating environment hook '/home/syafihidayat/Documents/robot_ws/install/robot_navigation/share/robot_navigation/hook/cmake_prefix_path.sh'
[0.548s] Level 1:colcon.colcon_core.environment:checking '/home/syafihidayat/Documents/robot_ws/install/robot_navigation/bin'
[0.549s] Level 1:colcon.colcon_core.environment:checking '/home/syafihidayat/Documents/robot_ws/install/robot_navigation/lib/pkgconfig/robot_navigation.pc'
[0.549s] Level 1:colcon.colcon_core.environment:checking '/home/syafihidayat/Documents/robot_ws/install/robot_navigation/lib/python3.10/site-packages'
[0.549s] Level 1:colcon.colcon_core.environment:checking '/home/syafihidayat/Documents/robot_ws/install/robot_navigation/bin'
[0.549s] INFO:colcon.colcon_core.shell:Creating package script '/home/syafihidayat/Documents/robot_ws/install/robot_navigation/share/robot_navigation/package.ps1'
[0.550s] INFO:colcon.colcon_core.shell:Creating package descriptor '/home/syafihidayat/Documents/robot_ws/install/robot_navigation/share/robot_navigation/package.dsv'
[0.550s] INFO:colcon.colcon_core.shell:Creating package script '/home/syafihidayat/Documents/robot_ws/install/robot_navigation/share/robot_navigation/package.sh'
[0.551s] INFO:colcon.colcon_core.shell:Creating package script '/home/syafihidayat/Documents/robot_ws/install/robot_navigation/share/robot_navigation/package.bash'
[0.551s] INFO:colcon.colcon_core.shell:Creating package script '/home/syafihidayat/Documents/robot_ws/install/robot_navigation/share/robot_navigation/package.zsh'
[0.551s] Level 1:colcon.colcon_core.environment:create_file_with_runtime_dependencies(/home/syafihidayat/Documents/robot_ws/install/robot_navigation/share/colcon-core/packages/robot_navigation)
[0.552s] Level 1:colcon.colcon_core.environment:create_environment_scripts_only(robot_navigation)
[0.552s] Level 1:colcon.colcon_core.environment:checking '/home/syafihidayat/Documents/robot_ws/install/robot_navigation' for CMake module files
[0.552s] Level 1:colcon.colcon_core.environment:checking '/home/syafihidayat/Documents/robot_ws/install/robot_navigation' for CMake config files
[0.552s] Level 1:colcon.colcon_core.shell:create_environment_hook('robot_navigation', 'cmake_prefix_path')
[0.552s] INFO:colcon.colcon_core.shell:Creating environment hook '/home/syafihidayat/Documents/robot_ws/install/robot_navigation/share/robot_navigation/hook/cmake_prefix_path.ps1'
[0.553s] INFO:colcon.colcon_core.shell:Creating environment descriptor '/home/syafihidayat/Documents/robot_ws/install/robot_navigation/share/robot_navigation/hook/cmake_prefix_path.dsv'
[0.553s] INFO:colcon.colcon_core.shell:Creating environment hook '/home/syafihidayat/Documents/robot_ws/install/robot_navigation/share/robot_navigation/hook/cmake_prefix_path.sh'
[0.554s] Level 1:colcon.colcon_core.environment:checking '/home/syafihidayat/Documents/robot_ws/install/robot_navigation/bin'
[0.554s] Level 1:colcon.colcon_core.environment:checking '/home/syafihidayat/Documents/robot_ws/install/robot_navigation/lib/pkgconfig/robot_navigation.pc'
[0.554s] Level 1:colcon.colcon_core.environment:checking '/home/syafihidayat/Documents/robot_ws/install/robot_navigation/lib/python3.10/site-packages'
[0.554s] Level 1:colcon.colcon_core.environment:checking '/home/syafihidayat/Documents/robot_ws/install/robot_navigation/bin'
[0.554s] INFO:colcon.colcon_core.shell:Creating package script '/home/syafihidayat/Documents/robot_ws/install/robot_navigation/share/robot_navigation/package.ps1'
[0.555s] INFO:colcon.colcon_core.shell:Creating package descriptor '/home/syafihidayat/Documents/robot_ws/install/robot_navigation/share/robot_navigation/package.dsv'
[0.555s] INFO:colcon.colcon_core.shell:Creating package script '/home/syafihidayat/Documents/robot_ws/install/robot_navigation/share/robot_navigation/package.sh'
[0.556s] INFO:colcon.colcon_core.shell:Creating package script '/home/syafihidayat/Documents/robot_ws/install/robot_navigation/share/robot_navigation/package.bash'
[0.556s] INFO:colcon.colcon_core.shell:Creating package script '/home/syafihidayat/Documents/robot_ws/install/robot_navigation/share/robot_navigation/package.zsh'
[0.556s] Level 1:colcon.colcon_core.environment:create_file_with_runtime_dependencies(/home/syafihidayat/Documents/robot_ws/install/robot_navigation/share/colcon-core/packages/robot_navigation)
[0.559s] DEBUG:colcon.colcon_core.event_handler.log_command:Invoked command in '/home/syafihidayat/Documents/robot_ws/build/robot_pose' returned '0': CMAKE_PREFIX_PATH=${CMAKE_PREFIX_PATH}:/opt/ros/humble /usr/bin/cmake --build /home/syafihidayat/Documents/robot_ws/build/robot_pose -- -j16 -l16
[0.562s] DEBUG:colcon.colcon_core.event_handler.log_command:Invoking command in '/home/syafihidayat/Documents/robot_ws/build/robot_pose': CMAKE_PREFIX_PATH=${CMAKE_PREFIX_PATH}:/opt/ros/humble /usr/bin/cmake --install /home/syafihidayat/Documents/robot_ws/build/robot_pose
[0.575s] Level 1:colcon.colcon_core.environment:create_environment_scripts_only(robot_pose)
[0.576s] Level 1:colcon.colcon_core.environment:checking '/home/syafihidayat/Documents/robot_ws/install/robot_pose' for CMake module files
[0.576s] DEBUG:colcon.colcon_core.event_handler.log_command:Invoked command in '/home/syafihidayat/Documents/robot_ws/build/robot_pose' returned '0': CMAKE_PREFIX_PATH=${CMAKE_PREFIX_PATH}:/opt/ros/humble /usr/bin/cmake --install /home/syafihidayat/Documents/robot_ws/build/robot_pose
[0.577s] Level 1:colcon.colcon_core.environment:checking '/home/syafihidayat/Documents/robot_ws/install/robot_pose' for CMake config files
[0.577s] Level 1:colcon.colcon_core.shell:create_environment_hook('robot_pose', 'cmake_prefix_path')
[0.577s] INFO:colcon.colcon_core.shell:Creating environment hook '/home/syafihidayat/Documents/robot_ws/install/robot_pose/share/robot_pose/hook/cmake_prefix_path.ps1'
[0.578s] INFO:colcon.colcon_core.shell:Creating environment descriptor '/home/syafihidayat/Documents/robot_ws/install/robot_pose/share/robot_pose/hook/cmake_prefix_path.dsv'
[0.578s] INFO:colcon.colcon_core.shell:Creating environment hook '/home/syafihidayat/Documents/robot_ws/install/robot_pose/share/robot_pose/hook/cmake_prefix_path.sh'
[0.579s] Level 1:colcon.colcon_core.environment:checking '/home/syafihidayat/Documents/robot_ws/install/robot_pose/lib'
[0.579s] Level 1:colcon.colcon_core.environment:checking '/home/syafihidayat/Documents/robot_ws/install/robot_pose/bin'
[0.579s] Level 1:colcon.colcon_core.environment:checking '/home/syafihidayat/Documents/robot_ws/install/robot_pose/lib/pkgconfig/robot_pose.pc'
[0.579s] Level 1:colcon.colcon_core.environment:checking '/home/syafihidayat/Documents/robot_ws/install/robot_pose/lib/python3.10/site-packages'
[0.579s] Level 1:colcon.colcon_core.environment:checking '/home/syafihidayat/Documents/robot_ws/install/robot_pose/bin'
[0.580s] INFO:colcon.colcon_core.shell:Creating package script '/home/syafihidayat/Documents/robot_ws/install/robot_pose/share/robot_pose/package.ps1'
[0.580s] INFO:colcon.colcon_core.shell:Creating package descriptor '/home/syafihidayat/Documents/robot_ws/install/robot_pose/share/robot_pose/package.dsv'
[0.581s] INFO:colcon.colcon_core.shell:Creating package script '/home/syafihidayat/Documents/robot_ws/install/robot_pose/share/robot_pose/package.sh'
[0.581s] INFO:colcon.colcon_core.shell:Creating package script '/home/syafihidayat/Documents/robot_ws/install/robot_pose/share/robot_pose/package.bash'
[0.581s] INFO:colcon.colcon_core.shell:Creating package script '/home/syafihidayat/Documents/robot_ws/install/robot_pose/share/robot_pose/package.zsh'
[0.582s] Level 1:colcon.colcon_core.environment:create_file_with_runtime_dependencies(/home/syafihidayat/Documents/robot_ws/install/robot_pose/share/colcon-core/packages/robot_pose)
[0.582s] Level 1:colcon.colcon_core.environment:create_environment_scripts_only(robot_pose)
[0.583s] Level 1:colcon.colcon_core.environment:checking '/home/syafihidayat/Documents/robot_ws/install/robot_pose' for CMake module files
[0.583s] Level 1:colcon.colcon_core.environment:checking '/home/syafihidayat/Documents/robot_ws/install/robot_pose' for CMake config files
[0.583s] Level 1:colcon.colcon_core.shell:create_environment_hook('robot_pose', 'cmake_prefix_path')
[0.583s] INFO:colcon.colcon_core.shell:Creating environment hook '/home/syafihidayat/Documents/robot_ws/install/robot_pose/share/robot_pose/hook/cmake_prefix_path.ps1'
[0.584s] INFO:colcon.colcon_core.shell:Creating environment descriptor '/home/syafihidayat/Documents/robot_ws/install/robot_pose/share/robot_pose/hook/cmake_prefix_path.dsv'
[0.584s] INFO:colcon.colcon_core.shell:Creating environment hook '/home/syafihidayat/Documents/robot_ws/install/robot_pose/share/robot_pose/hook/cmake_prefix_path.sh'
[0.585s] Level 1:colcon.colcon_core.environment:checking '/home/syafihidayat/Documents/robot_ws/install/robot_pose/lib'
[0.585s] Level 1:colcon.colcon_core.environment:checking '/home/syafihidayat/Documents/robot_ws/install/robot_pose/bin'
[0.585s] Level 1:colcon.colcon_core.environment:checking '/home/syafihidayat/Documents/robot_ws/install/robot_pose/lib/pkgconfig/robot_pose.pc'
[0.585s] Level 1:colcon.colcon_core.environment:checking '/home/syafihidayat/Documents/robot_ws/install/robot_pose/lib/python3.10/site-packages'
[0.585s] Level 1:colcon.colcon_core.environment:checking '/home/syafihidayat/Documents/robot_ws/install/robot_pose/bin'
[0.586s] INFO:colcon.colcon_core.shell:Creating package script '/home/syafihidayat/Documents/robot_ws/install/robot_pose/share/robot_pose/package.ps1'
[0.586s] INFO:colcon.colcon_core.shell:Creating package descriptor '/home/syafihidayat/Documents/robot_ws/install/robot_pose/share/robot_pose/package.dsv'
[0.587s] INFO:colcon.colcon_core.shell:Creating package script '/home/syafihidayat/Documents/robot_ws/install/robot_pose/share/robot_pose/package.sh'
[0.587s] INFO:colcon.colcon_core.shell:Creating package script '/home/syafihidayat/Documents/robot_ws/install/robot_pose/share/robot_pose/package.bash'
[0.587s] INFO:colcon.colcon_core.shell:Creating package script '/home/syafihidayat/Documents/robot_ws/install/robot_pose/share/robot_pose/package.zsh'
[0.588s] Level 1:colcon.colcon_core.environment:create_file_with_runtime_dependencies(/home/syafihidayat/Documents/robot_ws/install/robot_pose/share/colcon-core/packages/robot_pose)
[11.823s] DEBUG:colcon.colcon_core.event_handler.log_command:Invoked command in '/home/syafihidayat/Documents/robot_ws/build/robotRos_pkg' returned '0': CMAKE_PREFIX_PATH=${CMAKE_PREFIX_PATH}:/opt/ros/humble /usr/bin/cmake --build /home/syafihidayat/Documents/robot_ws/build/robotRos_pkg -- -j16 -l16
[11.825s] DEBUG:colcon.colcon_core.event_handler.log_command:Invoking command in '/home/syafihidayat/Documents/robot_ws/build/robotRos_pkg': CMAKE_PREFIX_PATH=${CMAKE_PREFIX_PATH}:/opt/ros/humble /usr/bin/cmake --install /home/syafihidayat/Documents/robot_ws/build/robotRos_pkg
[11.846s] Level 1:colcon.colcon_core.environment:create_environment_scripts_only(robotRos_pkg)
[11.847s] Level 1:colcon.colcon_core.environment:checking '/home/syafihidayat/Documents/robot_ws/install/robotRos_pkg' for CMake module files
[11.847s] DEBUG:colcon.colcon_core.event_handler.log_command:Invoked command in '/home/syafihidayat/Documents/robot_ws/build/robotRos_pkg' returned '0': CMAKE_PREFIX_PATH=${CMAKE_PREFIX_PATH}:/opt/ros/humble /usr/bin/cmake --install /home/syafihidayat/Documents/robot_ws/build/robotRos_pkg
[11.847s] Level 1:colcon.colcon_core.environment:checking '/home/syafihidayat/Documents/robot_ws/install/robotRos_pkg' for CMake config files
[11.848s] Level 1:colcon.colcon_core.shell:create_environment_hook('robotRos_pkg', 'cmake_prefix_path')
[11.848s] INFO:colcon.colcon_core.shell:Creating environment hook '/home/syafihidayat/Documents/robot_ws/install/robotRos_pkg/share/robotRos_pkg/hook/cmake_prefix_path.ps1'
[11.848s] INFO:colcon.colcon_core.shell:Creating environment descriptor '/home/syafihidayat/Documents/robot_ws/install/robotRos_pkg/share/robotRos_pkg/hook/cmake_prefix_path.dsv'
[11.849s] INFO:colcon.colcon_core.shell:Creating environment hook '/home/syafihidayat/Documents/robot_ws/install/robotRos_pkg/share/robotRos_pkg/hook/cmake_prefix_path.sh'
[11.849s] Level 1:colcon.colcon_core.environment:checking '/home/syafihidayat/Documents/robot_ws/install/robotRos_pkg/lib'
[11.849s] Level 1:colcon.colcon_core.environment:checking '/home/syafihidayat/Documents/robot_ws/install/robotRos_pkg/bin'
[11.849s] Level 1:colcon.colcon_core.environment:checking '/home/syafihidayat/Documents/robot_ws/install/robotRos_pkg/lib/pkgconfig/robotRos_pkg.pc'
[11.849s] Level 1:colcon.colcon_core.environment:checking '/home/syafihidayat/Documents/robot_ws/install/robotRos_pkg/lib/python3.10/site-packages'
[11.849s] Level 1:colcon.colcon_core.environment:checking '/home/syafihidayat/Documents/robot_ws/install/robotRos_pkg/bin'
[11.850s] INFO:colcon.colcon_core.shell:Creating package script '/home/syafihidayat/Documents/robot_ws/install/robotRos_pkg/share/robotRos_pkg/package.ps1'
[11.850s] INFO:colcon.colcon_core.shell:Creating package descriptor '/home/syafihidayat/Documents/robot_ws/install/robotRos_pkg/share/robotRos_pkg/package.dsv'
[11.851s] INFO:colcon.colcon_core.shell:Creating package script '/home/syafihidayat/Documents/robot_ws/install/robotRos_pkg/share/robotRos_pkg/package.sh'
[11.851s] INFO:colcon.colcon_core.shell:Creating package script '/home/syafihidayat/Documents/robot_ws/install/robotRos_pkg/share/robotRos_pkg/package.bash'
[11.851s] INFO:colcon.colcon_core.shell:Creating package script '/home/syafihidayat/Documents/robot_ws/install/robotRos_pkg/share/robotRos_pkg/package.zsh'
[11.851s] Level 1:colcon.colcon_core.environment:create_file_with_runtime_dependencies(/home/syafihidayat/Documents/robot_ws/install/robotRos_pkg/share/colcon-core/packages/robotRos_pkg)
[11.852s] Level 1:colcon.colcon_core.environment:create_environment_scripts_only(robotRos_pkg)
[11.852s] Level 1:colcon.colcon_core.environment:checking '/home/syafihidayat/Documents/robot_ws/install/robotRos_pkg' for CMake module files
[11.852s] Level 1:colcon.colcon_core.environment:checking '/home/syafihidayat/Documents/robot_ws/install/robotRos_pkg' for CMake config files
[11.853s] Level 1:colcon.colcon_core.shell:create_environment_hook('robotRos_pkg', 'cmake_prefix_path')
[11.853s] INFO:colcon.colcon_core.shell:Creating environment hook '/home/syafihidayat/Documents/robot_ws/install/robotRos_pkg/share/robotRos_pkg/hook/cmake_prefix_path.ps1'
[11.853s] INFO:colcon.colcon_core.shell:Creating environment descriptor '/home/syafihidayat/Documents/robot_ws/install/robotRos_pkg/share/robotRos_pkg/hook/cmake_prefix_path.dsv'
[11.853s] INFO:colcon.colcon_core.shell:Creating environment hook '/home/syafihidayat/Documents/robot_ws/install/robotRos_pkg/share/robotRos_pkg/hook/cmake_prefix_path.sh'
[11.854s] Level 1:colcon.colcon_core.environment:checking '/home/syafihidayat/Documents/robot_ws/install/robotRos_pkg/lib'
[11.854s] Level 1:colcon.colcon_core.environment:checking '/home/syafihidayat/Documents/robot_ws/install/robotRos_pkg/bin'
[11.854s] Level 1:colcon.colcon_core.environment:checking '/home/syafihidayat/Documents/robot_ws/install/robotRos_pkg/lib/pkgconfig/robotRos_pkg.pc'
[11.854s] Level 1:colcon.colcon_core.environment:checking '/home/syafihidayat/Documents/robot_ws/install/robotRos_pkg/lib/python3.10/site-packages'
[11.854s] Level 1:colcon.colcon_core.environment:checking '/home/syafihidayat/Documents/robot_ws/install/robotRos_pkg/bin'
[11.855s] INFO:colcon.colcon_core.shell:Creating package script '/home/syafihidayat/Documents/robot_ws/install/robotRos_pkg/share/robotRos_pkg/package.ps1'
[11.855s] INFO:colcon.colcon_core.shell:Creating package descriptor '/home/syafihidayat/Documents/robot_ws/install/robotRos_pkg/share/robotRos_pkg/package.dsv'
[11.856s] INFO:colcon.colcon_core.shell:Creating package script '/home/syafihidayat/Documents/robot_ws/install/robotRos_pkg/share/robotRos_pkg/package.sh'
[11.856s] INFO:colcon.colcon_core.shell:Creating package script '/home/syafihidayat/Documents/robot_ws/install/robotRos_pkg/share/robotRos_pkg/package.bash'
[11.856s] INFO:colcon.colcon_core.shell:Creating package script '/home/syafihidayat/Documents/robot_ws/install/robotRos_pkg/share/robotRos_pkg/package.zsh'
[11.856s] Level 1:colcon.colcon_core.environment:create_file_with_runtime_dependencies(/home/syafihidayat/Documents/robot_ws/install/robotRos_pkg/share/colcon-core/packages/robotRos_pkg)
[11.857s] DEBUG:colcon.colcon_parallel_executor.executor.parallel:closing loop
[11.857s] DEBUG:colcon.colcon_parallel_executor.executor.parallel:loop closed
[11.857s] DEBUG:colcon.colcon_parallel_executor.executor.parallel:run_until_complete finished with '0'
[11.857s] DEBUG:colcon.colcon_core.event_reactor:joining thread
[11.863s] INFO:colcon.colcon_core.plugin_system:Skipping extension 'colcon_notification.desktop_notification.terminal_notifier': Not used on non-Darwin systems
[11.863s] INFO:colcon.colcon_core.plugin_system:Skipping extension 'colcon_notification.desktop_notification.win32': Not used on non-Windows systems
[11.863s] INFO:colcon.colcon_notification.desktop_notification:Sending desktop notification using 'notify2'
[11.874s] DEBUG:colcon.colcon_core.event_reactor:joined thread
[11.874s] INFO:colcon.colcon_core.shell:Creating prefix script '/home/syafihidayat/Documents/robot_ws/install/local_setup.ps1'
[11.876s] INFO:colcon.colcon_core.shell:Creating prefix util module '/home/syafihidayat/Documents/robot_ws/install/_local_setup_util_ps1.py'
[11.877s] INFO:colcon.colcon_core.shell:Creating prefix chain script '/home/syafihidayat/Documents/robot_ws/install/setup.ps1'
[11.878s] INFO:colcon.colcon_core.shell:Creating prefix script '/home/syafihidayat/Documents/robot_ws/install/local_setup.sh'
[11.879s] INFO:colcon.colcon_core.shell:Creating prefix util module '/home/syafihidayat/Documents/robot_ws/install/_local_setup_util_sh.py'
[11.879s] INFO:colcon.colcon_core.shell:Creating prefix chain script '/home/syafihidayat/Documents/robot_ws/install/setup.sh'
[11.880s] INFO:colcon.colcon_core.shell:Creating prefix script '/home/syafihidayat/Documents/robot_ws/install/local_setup.bash'
[11.881s] INFO:colcon.colcon_core.shell:Creating prefix chain script '/home/syafihidayat/Documents/robot_ws/install/setup.bash'
[11.882s] INFO:colcon.colcon_core.shell:Creating prefix script '/home/syafihidayat/Documents/robot_ws/install/local_setup.zsh'
[11.882s] INFO:colcon.colcon_core.shell:Creating prefix chain script '/home/syafihidayat/Documents/robot_ws/install/setup.zsh'
