[0.023s] Invoking command in '/home/syafihidayat/Documents/robot_ws/build/robotRos_pkg': CMAKE_PREFIX_PATH=${CMAKE_PREFIX_PATH}:/opt/ros/humble /usr/bin/cmake --build /home/syafihidayat/Documents/robot_ws/build/robotRos_pkg -- -j16 -l16
[0.065s] -- Found ament_cmake: 1.3.12 (/opt/ros/humble/share/ament_cmake/cmake)
[0.226s] -- Found geometry_msgs: 4.9.0 (/opt/ros/humble/share/geometry_msgs/cmake)
[0.262s] -- Found rosidl_generator_c: 3.1.7 (/opt/ros/humble/share/rosidl_generator_c/cmake)
[0.265s] -- Found rosidl_adapter: 3.1.7 (/opt/ros/humble/share/rosidl_adapter/cmake)
[0.273s] -- Found rosidl_generator_cpp: 3.1.7 (/opt/ros/humble/share/rosidl_generator_cpp/cmake)
[0.286s] -- Using all available rosidl_typesupport_c: rosidl_typesupport_fastrtps_c;rosidl_typesupport_introspection_c
[0.301s] -- Using all available rosidl_typesupport_cpp: rosidl_typesupport_fastrtps_cpp;rosidl_typesupport_introspection_cpp
[0.343s] -- Found rclcpp: 16.0.15 (/opt/ros/humble/share/rclcpp/cmake)
[0.377s] -- Found rmw_implementation_cmake: 6.1.2 (/opt/ros/humble/share/rmw_implementation_cmake/cmake)
[0.382s] -- Found rmw_fastrtps_cpp: 6.2.8 (/opt/ros/humble/share/rmw_fastrtps_cpp/cmake)
[0.513s] -- Using RMW implementation 'rmw_fastrtps_cpp' as default
[0.560s] -- Found nav_msgs: 4.9.0 (/opt/ros/humble/share/nav_msgs/cmake)
[0.588s] [31mCMake Error at CMakeLists.txt:14 (find_package):
[0.588s]   By not providing "Findvisualzation_msgs.cmake" in CMAKE_MODULE_PATH this
[0.588s]   project has asked CMake to find a package configuration file provided by
[0.588s]   "visualzation_msgs", but CMake did not find one.
[0.589s] 
[0.589s]   Could not find a package configuration file provided by "visualzation_msgs"
[0.589s]   with any of the following names:
[0.589s] 
[0.589s]     visualzation_msgsConfig.cmake
[0.589s]     visualzation_msgs-config.cmake
[0.589s] 
[0.589s]   Add the installation prefix of "visualzation_msgs" to CMAKE_PREFIX_PATH or
[0.589s]   set "visualzation_msgs_DIR" to a directory containing one of the above
[0.589s]   files.  If "visualzation_msgs" provides a separate development package or
[0.589s]   SDK, be sure it has been installed.
[0.590s] 
[0.590s] [0m
[0.590s] -- Configuring incomplete, errors occurred!
[0.590s] See also "/home/syafihidayat/Documents/robot_ws/build/robotRos_pkg/CMakeFiles/CMakeOutput.log".
[0.597s] gmake: *** [Makefile:267: cmake_check_build_system] Error 1
[0.602s] Invoked command in '/home/syafihidayat/Documents/robot_ws/build/robotRos_pkg' returned '2': CMAKE_PREFIX_PATH=${CMAKE_PREFIX_PATH}:/opt/ros/humble /usr/bin/cmake --build /home/syafihidayat/Documents/robot_ws/build/robotRos_pkg -- -j16 -l16
