[0.034s] Invoking command in '/home/syafihidayat/Documents/robot_ws/build/robot_pose': CMAKE_PREFIX_PATH=${CMAKE_PREFIX_PATH}:/opt/ros/humble /usr/bin/cmake --build /home/syafihidayat/Documents/robot_ws/build/robot_pose -- -j16 -l16
[0.093s] [35m[1mConsolidate compiler generated dependencies of target robotRos_sendP[0m
[0.120s] [ 50%] [32mBuilding CXX object CMakeFiles/robotRos_sendP.dir/src/robotRos_sendP.cpp.o[0m
[3.825s] [100%] [32m[1mLinking CXX executable robotRos_sendP[0m
[4.097s] [100%] Built target robotRos_sendP
[4.115s] Invoked command in '/home/syafihidayat/Documents/robot_ws/build/robot_pose' returned '0': CMAKE_PREFIX_PATH=${CMAKE_PREFIX_PATH}:/opt/ros/humble /usr/bin/cmake --build /home/syafihidayat/Documents/robot_ws/build/robot_pose -- -j16 -l16
[4.119s] Invoking command in '/home/syafihidayat/Documents/robot_ws/build/robot_pose': CMAKE_PREFIX_PATH=${CMAKE_PREFIX_PATH}:/opt/ros/humble /usr/bin/cmake --install /home/syafihidayat/Documents/robot_ws/build/robot_pose
[4.129s] -- Install configuration: ""
[4.129s] -- Installing: /home/syafihidayat/Documents/robot_ws/install/robot_pose/lib/robot_pose/robotRos_sendP
[4.131s] -- Set runtime path of "/home/syafihidayat/Documents/robot_ws/install/robot_pose/lib/robot_pose/robotRos_sendP" to ""
[4.131s] -- Up-to-date: /home/syafihidayat/Documents/robot_ws/install/robot_pose/share/ament_index/resource_index/package_run_dependencies/robot_pose
[4.131s] -- Up-to-date: /home/syafihidayat/Documents/robot_ws/install/robot_pose/share/ament_index/resource_index/parent_prefix_path/robot_pose
[4.131s] -- Up-to-date: /home/syafihidayat/Documents/robot_ws/install/robot_pose/share/robot_pose/environment/ament_prefix_path.sh
[4.131s] -- Up-to-date: /home/syafihidayat/Documents/robot_ws/install/robot_pose/share/robot_pose/environment/ament_prefix_path.dsv
[4.132s] -- Up-to-date: /home/syafihidayat/Documents/robot_ws/install/robot_pose/share/robot_pose/environment/path.sh
[4.132s] -- Up-to-date: /home/syafihidayat/Documents/robot_ws/install/robot_pose/share/robot_pose/environment/path.dsv
[4.132s] -- Up-to-date: /home/syafihidayat/Documents/robot_ws/install/robot_pose/share/robot_pose/local_setup.bash
[4.132s] -- Up-to-date: /home/syafihidayat/Documents/robot_ws/install/robot_pose/share/robot_pose/local_setup.sh
[4.132s] -- Up-to-date: /home/syafihidayat/Documents/robot_ws/install/robot_pose/share/robot_pose/local_setup.zsh
[4.132s] -- Up-to-date: /home/syafihidayat/Documents/robot_ws/install/robot_pose/share/robot_pose/local_setup.dsv
[4.132s] -- Installing: /home/syafihidayat/Documents/robot_ws/install/robot_pose/share/robot_pose/package.dsv
[4.132s] -- Up-to-date: /home/syafihidayat/Documents/robot_ws/install/robot_pose/share/ament_index/resource_index/packages/robot_pose
[4.132s] -- Up-to-date: /home/syafihidayat/Documents/robot_ws/install/robot_pose/share/robot_pose/cmake/robot_poseConfig.cmake
[4.132s] -- Up-to-date: /home/syafihidayat/Documents/robot_ws/install/robot_pose/share/robot_pose/cmake/robot_poseConfig-version.cmake
[4.132s] -- Up-to-date: /home/syafihidayat/Documents/robot_ws/install/robot_pose/share/robot_pose/package.xml
[4.136s] Invoked command in '/home/syafihidayat/Documents/robot_ws/build/robot_pose' returned '0': CMAKE_PREFIX_PATH=${CMAKE_PREFIX_PATH}:/opt/ros/humble /usr/bin/cmake --install /home/syafihidayat/Documents/robot_ws/build/robot_pose
